Archive member included to satisfy reference by file (symbol)

c:/st/stm32cubeide_1.12.1/stm32cubeide/plugins/com.st.stm32cube.ide.mcu.externaltools.gnu-tools-for-stm32.10.3-2021.10.win32_1.0.200.202301161003/tools/bin/../lib/gcc/arm-none-eabi/10.3.1/../../../../arm-none-eabi/lib/thumb/v7e-m+fp/hard\libc_nano.a(lib_a-errno.o)
                              ./Application/User/syscalls.o (__errno)
c:/st/stm32cubeide_1.12.1/stm32cubeide/plugins/com.st.stm32cube.ide.mcu.externaltools.gnu-tools-for-stm32.10.3-2021.10.win32_1.0.200.202301161003/tools/bin/../lib/gcc/arm-none-eabi/10.3.1/../../../../arm-none-eabi/lib/thumb/v7e-m+fp/hard\libc_nano.a(lib_a-exit.o)
                              c:/st/stm32cubeide_1.12.1/stm32cubeide/plugins/com.st.stm32cube.ide.mcu.externaltools.gnu-tools-for-stm32.10.3-2021.10.win32_1.0.200.202301161003/tools/bin/../lib/gcc/arm-none-eabi/10.3.1/../../../../arm-none-eabi/lib/thumb/v7e-m+fp/hard/crt0.o (exit)
c:/st/stm32cubeide_1.12.1/stm32cubeide/plugins/com.st.stm32cube.ide.mcu.externaltools.gnu-tools-for-stm32.10.3-2021.10.win32_1.0.200.202301161003/tools/bin/../lib/gcc/arm-none-eabi/10.3.1/../../../../arm-none-eabi/lib/thumb/v7e-m+fp/hard\libc_nano.a(lib_a-impure.o)
                              c:/st/stm32cubeide_1.12.1/stm32cubeide/plugins/com.st.stm32cube.ide.mcu.externaltools.gnu-tools-for-stm32.10.3-2021.10.win32_1.0.200.202301161003/tools/bin/../lib/gcc/arm-none-eabi/10.3.1/../../../../arm-none-eabi/lib/thumb/v7e-m+fp/hard\libc_nano.a(lib_a-exit.o) (_global_impure_ptr)
c:/st/stm32cubeide_1.12.1/stm32cubeide/plugins/com.st.stm32cube.ide.mcu.externaltools.gnu-tools-for-stm32.10.3-2021.10.win32_1.0.200.202301161003/tools/bin/../lib/gcc/arm-none-eabi/10.3.1/../../../../arm-none-eabi/lib/thumb/v7e-m+fp/hard\libc_nano.a(lib_a-init.o)
                              c:/st/stm32cubeide_1.12.1/stm32cubeide/plugins/com.st.stm32cube.ide.mcu.externaltools.gnu-tools-for-stm32.10.3-2021.10.win32_1.0.200.202301161003/tools/bin/../lib/gcc/arm-none-eabi/10.3.1/../../../../arm-none-eabi/lib/thumb/v7e-m+fp/hard/crt0.o (__libc_init_array)
c:/st/stm32cubeide_1.12.1/stm32cubeide/plugins/com.st.stm32cube.ide.mcu.externaltools.gnu-tools-for-stm32.10.3-2021.10.win32_1.0.200.202301161003/tools/bin/../lib/gcc/arm-none-eabi/10.3.1/../../../../arm-none-eabi/lib/thumb/v7e-m+fp/hard\libc_nano.a(lib_a-memset.o)
                              c:/st/stm32cubeide_1.12.1/stm32cubeide/plugins/com.st.stm32cube.ide.mcu.externaltools.gnu-tools-for-stm32.10.3-2021.10.win32_1.0.200.202301161003/tools/bin/../lib/gcc/arm-none-eabi/10.3.1/../../../../arm-none-eabi/lib/thumb/v7e-m+fp/hard/crt0.o (memset)
c:/st/stm32cubeide_1.12.1/stm32cubeide/plugins/com.st.stm32cube.ide.mcu.externaltools.gnu-tools-for-stm32.10.3-2021.10.win32_1.0.200.202301161003/tools/bin/../lib/gcc/arm-none-eabi/10.3.1/thumb/v7e-m+fp/hard\libgcc.a(_arm_muldf3.o)
                              ./Application/User/mc_interface.o (__aeabi_dmul)
c:/st/stm32cubeide_1.12.1/stm32cubeide/plugins/com.st.stm32cube.ide.mcu.externaltools.gnu-tools-for-stm32.10.3-2021.10.win32_1.0.200.202301161003/tools/bin/../lib/gcc/arm-none-eabi/10.3.1/thumb/v7e-m+fp/hard\libgcc.a(_arm_addsubdf3.o)
                              ./Drivers/Simulink/Torque_Controller.o (__aeabi_dsub)
c:/st/stm32cubeide_1.12.1/stm32cubeide/plugins/com.st.stm32cube.ide.mcu.externaltools.gnu-tools-for-stm32.10.3-2021.10.win32_1.0.200.202301161003/tools/bin/../lib/gcc/arm-none-eabi/10.3.1/thumb/v7e-m+fp/hard\libgcc.a(_arm_cmpdf2.o)
                              ./Drivers/Simulink/Torque_Controller.o (__aeabi_dcmplt)
c:/st/stm32cubeide_1.12.1/stm32cubeide/plugins/com.st.stm32cube.ide.mcu.externaltools.gnu-tools-for-stm32.10.3-2021.10.win32_1.0.200.202301161003/tools/bin/../lib/gcc/arm-none-eabi/10.3.1/thumb/v7e-m+fp/hard\libgcc.a(_arm_truncdfsf2.o)
                              ./Application/User/main.o (__aeabi_d2f)

Discarded input sections

 .text          0x0000000000000000        0x0 c:/st/stm32cubeide_1.12.1/stm32cubeide/plugins/com.st.stm32cube.ide.mcu.externaltools.gnu-tools-for-stm32.10.3-2021.10.win32_1.0.200.202301161003/tools/bin/../lib/gcc/arm-none-eabi/10.3.1/thumb/v7e-m+fp/hard/crti.o
 .data          0x0000000000000000        0x0 c:/st/stm32cubeide_1.12.1/stm32cubeide/plugins/com.st.stm32cube.ide.mcu.externaltools.gnu-tools-for-stm32.10.3-2021.10.win32_1.0.200.202301161003/tools/bin/../lib/gcc/arm-none-eabi/10.3.1/thumb/v7e-m+fp/hard/crti.o
 .bss           0x0000000000000000        0x0 c:/st/stm32cubeide_1.12.1/stm32cubeide/plugins/com.st.stm32cube.ide.mcu.externaltools.gnu-tools-for-stm32.10.3-2021.10.win32_1.0.200.202301161003/tools/bin/../lib/gcc/arm-none-eabi/10.3.1/thumb/v7e-m+fp/hard/crti.o
 .data          0x0000000000000000        0x4 c:/st/stm32cubeide_1.12.1/stm32cubeide/plugins/com.st.stm32cube.ide.mcu.externaltools.gnu-tools-for-stm32.10.3-2021.10.win32_1.0.200.202301161003/tools/bin/../lib/gcc/arm-none-eabi/10.3.1/thumb/v7e-m+fp/hard/crtbegin.o
[...]
Memory Configuration

Name             Origin             Length             Attributes
RAM              0x0000000020000000 0x0000000000004000 xrw
FLASH            0x0000000008000000 0x0000000000010000 xr
*default*        0x0000000000000000 0xffffffffffffffff

Linker script and memory map

LOAD c:/st/stm32cubeide_1.12.1/stm32cubeide/plugins/com.st.stm32cube.ide.mcu.externaltools.gnu-tools-for-stm32.10.3-2021.10.win32_1.0.200.202301161003/tools/bin/../lib/gcc/arm-none-eabi/10.3.1/thumb/v7e-m+fp/hard/crti.o
LOAD c:/st/stm32cubeide_1.12.1/stm32cubeide/plugins/com.st.stm32cube.ide.mcu.externaltools.gnu-tools-for-stm32.10.3-2021.10.win32_1.0.200.202301161003/tools/bin/../lib/gcc/arm-none-eabi/10.3.1/thumb/v7e-m+fp/hard/crtbegin.o
LOAD c:/st/stm32cubeide_1.12.1/stm32cubeide/plugins/com.st.stm32cube.ide.mcu.externaltools.gnu-tools-for-stm32.10.3-2021.10.win32_1.0.200.202301161003/tools/bin/../lib/gcc/arm-none-eabi/10.3.1/../../../../arm-none-eabi/lib/thumb/v7e-m+fp/hard/crt0.o
LOAD ./Application/Startup/startup_stm32f302r8tx.o
LOAD ./Application/User/main.o
LOAD ./Application/User/mc_api.o
LOAD ./Application/User/mc_app_hooks.o
LOAD ./Application/User/mc_config.o
LOAD ./Application/User/mc_configuration_registers.o
LOAD ./Application/User/mc_interface.o
LOAD ./Application/User/mc_math.o
LOAD ./Application/User/mc_parameters.o
LOAD ./Application/User/mc_perf.o
LOAD ./Application/User/mc_tasks.o
LOAD ./Application/User/motorcontrol.o
LOAD ./Application/User/pwm_curr_fdbk.o
LOAD ./Application/User/register_interface.o
LOAD ./Application/User/regular_conversion_manager.o
LOAD ./Application/User/stm32f30x_mc_it.o
LOAD ./Application/User/stm32f3xx_hal_msp.o
LOAD ./Application/User/stm32f3xx_it.o
LOAD ./Application/User/syscalls.o
LOAD ./Application/User/sysmem.o
LOAD ./Drivers/CMSIS/system_stm32f3xx.o
LOAD ./Drivers/STM32F3xx_HAL_Driver/stm32f3xx_hal.o
LOAD ./Drivers/STM32F3xx_HAL_Driver/stm32f3xx_hal_adc.o
LOAD ./Drivers/STM32F3xx_HAL_Driver/stm32f3xx_hal_adc_ex.o
LOAD ./Drivers/STM32F3xx_HAL_Driver/stm32f3xx_hal_cortex.o
LOAD ./Drivers/STM32F3xx_HAL_Driver/stm32f3xx_hal_dma.o
LOAD ./Drivers/STM32F3xx_HAL_Driver/stm32f3xx_hal_exti.o
LOAD ./Drivers/STM32F3xx_HAL_Driver/stm32f3xx_hal_flash.o
LOAD ./Drivers/STM32F3xx_HAL_Driver/stm32f3xx_hal_flash_ex.o
LOAD ./Drivers/STM32F3xx_HAL_Driver/stm32f3xx_hal_gpio.o
LOAD ./Drivers/STM32F3xx_HAL_Driver/stm32f3xx_hal_i2c.o
LOAD ./Drivers/STM32F3xx_HAL_Driver/stm32f3xx_hal_i2c_ex.o
LOAD ./Drivers/STM32F3xx_HAL_Driver/stm32f3xx_hal_pwr.o
LOAD ./Drivers/STM32F3xx_HAL_Driver/stm32f3xx_hal_pwr_ex.o
LOAD ./Drivers/STM32F3xx_HAL_Driver/stm32f3xx_hal_rcc.o
LOAD ./Drivers/STM32F3xx_HAL_Driver/stm32f3xx_hal_rcc_ex.o
LOAD ./Drivers/STM32F3xx_HAL_Driver/stm32f3xx_hal_tim.o
LOAD ./Drivers/STM32F3xx_HAL_Driver/stm32f3xx_hal_tim_ex.o
LOAD ./Drivers/STM32F3xx_HAL_Driver/stm32f3xx_hal_uart.o
LOAD ./Drivers/STM32F3xx_HAL_Driver/stm32f3xx_hal_uart_ex.o
LOAD ./Drivers/Simulink/Torque_Controller.o
LOAD ./Middlewares/MotorControl/bus_voltage_sensor.o
LOAD ./Middlewares/MotorControl/circle_limitation.o
LOAD ./Middlewares/MotorControl/digital_output.o
LOAD ./Middlewares/MotorControl/ntc_temperature_sensor.o
LOAD ./Middlewares/MotorControl/open_loop.o
LOAD ./Middlewares/MotorControl/pid_regulator.o
LOAD ./Middlewares/MotorControl/pqd_motor_power_measurement.o
LOAD ./Middlewares/MotorControl/pwm_common.o
LOAD ./Middlewares/MotorControl/r3_1_f30x_pwm_curr_fdbk.o
LOAD ./Middlewares/MotorControl/r_divider_bus_voltage_sensor.o
LOAD ./Middlewares/MotorControl/ramp_ext_mngr.o
LOAD ./Middlewares/MotorControl/revup_ctrl.o
LOAD ./Middlewares/MotorControl/speed_pos_fdbk.o
LOAD ./Middlewares/MotorControl/speed_torq_ctrl.o
LOAD ./Middlewares/MotorControl/sto_pll_speed_pos_fdbk.o
LOAD ./Middlewares/MotorControl/virtual_speed_sensor.o
START GROUP
LOAD c:/st/stm32cubeide_1.12.1/stm32cubeide/plugins/com.st.stm32cube.ide.mcu.externaltools.gnu-tools-for-stm32.10.3-2021.10.win32_1.0.200.202301161003/tools/bin/../lib/gcc/arm-none-eabi/10.3.1/../../../../arm-none-eabi/lib/thumb/v7e-m+fp/hard\libc_nano.a
LOAD c:/st/stm32cubeide_1.12.1/stm32cubeide/plugins/com.st.stm32cube.ide.mcu.externaltools.gnu-tools-for-stm32.10.3-2021.10.win32_1.0.200.202301161003/tools/bin/../lib/gcc/arm-none-eabi/10.3.1/../../../../arm-none-eabi/lib/thumb/v7e-m+fp/hard\libm.a
END GROUP
START GROUP
LOAD c:/st/stm32cubeide_1.12.1/stm32cubeide/plugins/com.st.stm32cube.ide.mcu.externaltools.gnu-tools-for-stm32.10.3-2021.10.win32_1.0.200.202301161003/tools/bin/../lib/gcc/arm-none-eabi/10.3.1/thumb/v7e-m+fp/hard\libgcc.a
LOAD c:/st/stm32cubeide_1.12.1/stm32cubeide/plugins/com.st.stm32cube.ide.mcu.externaltools.gnu-tools-for-stm32.10.3-2021.10.win32_1.0.200.202301161003/tools/bin/../lib/gcc/arm-none-eabi/10.3.1/../../../../arm-none-eabi/lib/thumb/v7e-m+fp/hard\libc_nano.a
END GROUP
START GROUP
LOAD c:/st/stm32cubeide_1.12.1/stm32cubeide/plugins/com.st.stm32cube.ide.mcu.externaltools.gnu-tools-for-stm32.10.3-2021.10.win32_1.0.200.202301161003/tools/bin/../lib/gcc/arm-none-eabi/10.3.1/thumb/v7e-m+fp/hard\libgcc.a
LOAD c:/st/stm32cubeide_1.12.1/stm32cubeide/plugins/com.st.stm32cube.ide.mcu.externaltools.gnu-tools-for-stm32.10.3-2021.10.win32_1.0.200.202301161003/tools/bin/../lib/gcc/arm-none-eabi/10.3.1/../../../../arm-none-eabi/lib/thumb/v7e-m+fp/hard\libc_nano.a
LOAD c:/st/stm32cubeide_1.12.1/stm32cubeide/plugins/com.st.stm32cube.ide.mcu.externaltools.gnu-tools-for-stm32.10.3-2021.10.win32_1.0.200.202301161003/tools/bin/../lib/gcc/arm-none-eabi/10.3.1/../../../../arm-none-eabi/lib/thumb/v7e-m+fp/hard\libnosys.a
END GROUP
START GROUP
LOAD c:/st/stm32cubeide_1.12.1/stm32cubeide/plugins/com.st.stm32cube.ide.mcu.externaltools.gnu-tools-for-stm32.10.3-2021.10.win32_1.0.200.202301161003/tools/bin/../lib/gcc/arm-none-eabi/10.3.1/thumb/v7e-m+fp/hard\libgcc.a
LOAD c:/st/stm32cubeide_1.12.1/stm32cubeide/plugins/com.st.stm32cube.ide.mcu.externaltools.gnu-tools-for-stm32.10.3-2021.10.win32_1.0.200.202301161003/tools/bin/../lib/gcc/arm-none-eabi/10.3.1/../../../../arm-none-eabi/lib/thumb/v7e-m+fp/hard\libc_nano.a
LOAD c:/st/stm32cubeide_1.12.1/stm32cubeide/plugins/com.st.stm32cube.ide.mcu.externaltools.gnu-tools-for-stm32.10.3-2021.10.win32_1.0.200.202301161003/tools/bin/../lib/gcc/arm-none-eabi/10.3.1/../../../../arm-none-eabi/lib/thumb/v7e-m+fp/hard\libnosys.a
END GROUP
LOAD c:/st/stm32cubeide_1.12.1/stm32cubeide/plugins/com.st.stm32cube.ide.mcu.externaltools.gnu-tools-for-stm32.10.3-2021.10.win32_1.0.200.202301161003/tools/bin/../lib/gcc/arm-none-eabi/10.3.1/thumb/v7e-m+fp/hard/crtend.o
LOAD c:/st/stm32cubeide_1.12.1/stm32cubeide/plugins/com.st.stm32cube.ide.mcu.externaltools.gnu-tools-for-stm32.10.3-2021.10.win32_1.0.200.202301161003/tools/bin/../lib/gcc/arm-none-eabi/10.3.1/thumb/v7e-m+fp/hard/crtn.o
                0x0000000020004000                _estack = (ORIGIN (RAM) + LENGTH (RAM))
                0x0000000000000200                _Min_Heap_Size = 0x200
                0x0000000000000400                _Min_Stack_Size = 0x400

.isr_vector     0x0000000008000000      0x188
                0x0000000008000000                . = ALIGN (0x4)
 *(.isr_vector)
 .isr_vector    0x0000000008000000      0x188 ./Application/Startup/startup_stm32f302r8tx.o
                0x0000000008000000                g_pfnVectors
                0x0000000008000188                . = ALIGN (0x4)

.text           0x0000000008000188     0x77f4
                0x0000000008000188                . = ALIGN (0x4)
 *(.text)
 .text          0x0000000008000188       0x40 c:/st/stm32cubeide_1.12.1/stm32cubeide/plugins/com.st.stm32cube.ide.mcu.externaltools.gnu-tools-for-stm32.10.3-2021.10.win32_1.0.200.202301161003/tools/bin/../lib/gcc/arm-none-eabi/10.3.1/thumb/v7e-m+fp/hard/crtbegin.o
 .text          0x00000000080001c8      0x254 c:/st/stm32cubeide_1.12.1/stm32cubeide/plugins/com.st.stm32cube.ide.mcu.externaltools.gnu-tools-for-stm32.10.3-2021.10.win32_1.0.200.202301161003/tools/bin/../lib/gcc/arm-none-eabi/10.3.1/thumb/v7e-m+fp/hard\libgcc.a(_arm_muldf3.o)
                0x00000000080001c8                __muldf3
                0x00000000080001c8                __aeabi_dmul
 .text          0x000000000800041c      0x378 c:/st/stm32cubeide_1.12.1/stm32cubeide/plugins/com.st.stm32cube.ide.mcu.externaltools.gnu-tools-for-stm32.10.3-2021.10.win32_1.0.200.202301161003/tools/bin/../lib/gcc/arm-none-eabi/10.3.1/thumb/v7e-m+fp/hard\libgcc.a(_arm_addsubdf3.o)
                0x000000000800041c                __aeabi_drsub
                0x0000000008000424                __aeabi_dsub
                0x0000000008000424                __subdf3
                0x0000000008000428                __aeabi_dadd
                0x0000000008000428                __adddf3
                0x00000000080006a0                __floatunsidf
                0x00000000080006a0                __aeabi_ui2d
                0x00000000080006c0                __floatsidf
                0x00000000080006c0                __aeabi_i2d
                0x00000000080006e4                __aeabi_f2d
                0x00000000080006e4                __extendsfdf2
                0x0000000008000728                __floatundidf
                0x0000000008000728                __aeabi_ul2d
                0x0000000008000738                __floatdidf
                0x0000000008000738                __aeabi_l2d
 .text          0x0000000008000794      0x110 c:/st/stm32cubeide_1.12.1/stm32cubeide/plugins/com.st.stm32cube.ide.mcu.externaltools.gnu-tools-for-stm32.10.3-2021.10.win32_1.0.200.202301161003/tools/bin/../lib/gcc/arm-none-eabi/10.3.1/thumb/v7e-m+fp/hard\libgcc.a(_arm_cmpdf2.o)
                0x0000000008000794                __gtdf2
                0x0000000008000794                __gedf2
                0x000000000800079c                __ltdf2
                0x000000000800079c                __ledf2
                0x00000000080007a4                __nedf2
                0x00000000080007a4                __eqdf2
                0x00000000080007a4                __cmpdf2
                0x0000000008000820                __aeabi_cdrcmple
                0x0000000008000830                __aeabi_cdcmpeq
                0x0000000008000830                __aeabi_cdcmple
                0x0000000008000840                __aeabi_dcmpeq
                0x0000000008000854                __aeabi_dcmplt
                0x0000000008000868                __aeabi_dcmple
                0x000000000800087c                __aeabi_dcmpge
                0x0000000008000890                __aeabi_dcmpgt
 .text          0x00000000080008a4       0xa0 c:/st/stm32cubeide_1.12.1/stm32cubeide/plugins/com.st.stm32cube.ide.mcu.externaltools.gnu-tools-for-stm32.10.3-2021.10.win32_1.0.200.202301161003/tools/bin/../lib/gcc/arm-none-eabi/10.3.1/thumb/v7e-m+fp/hard\libgcc.a(_arm_truncdfsf2.o)
                0x00000000080008a4                __truncdfsf2
                0x00000000080008a4                __aeabi_d2f
 *(.text*)
 .text.Reset_Handler
                0x0000000008000944       0x50 ./Application/Startup/startup_stm32f302r8tx.o
                0x0000000008000944                Reset_Handler
 .text.Default_Handler
                0x0000000008000994        0x2 ./Application/Startup/startup_stm32f302r8tx.o
                0x0000000008000994                RTC_Alarm_IRQHandler
                0x0000000008000994                DebugMon_Handler
                0x0000000008000994                TIM1_CC_IRQHandler
                0x0000000008000994                USB_HP_IRQHandler
                0x0000000008000994                PVD_IRQHandler
                0x0000000008000994                TAMP_STAMP_IRQHandler
                0x0000000008000994                PendSV_Handler
                0x0000000008000994                NMI_Handler
                0x0000000008000994                EXTI3_IRQHandler
                0x0000000008000994                I2C3_ER_IRQHandler
                0x0000000008000994                USB_HP_CAN_TX_IRQHandler
                0x0000000008000994                EXTI0_IRQHandler
                0x0000000008000994                I2C2_EV_IRQHandler
                0x0000000008000994                FPU_IRQHandler
                0x0000000008000994                UsageFault_Handler
                0x0000000008000994                CAN_SCE_IRQHandler
                0x0000000008000994                TIM6_DAC_IRQHandler
                0x0000000008000994                DMA1_Channel4_IRQHandler
                0x0000000008000994                USART3_IRQHandler
                0x0000000008000994                DMA1_Channel7_IRQHandler
                0x0000000008000994                CAN_RX1_IRQHandler
                0x0000000008000994                I2C1_EV_IRQHandler
                0x0000000008000994                DMA1_Channel6_IRQHandler
                0x0000000008000994                RCC_IRQHandler
                0x0000000008000994                DMA1_Channel1_IRQHandler
                0x0000000008000994                Default_Handler
                0x0000000008000994                USBWakeUp_RMP_IRQHandler
                0x0000000008000994                EXTI15_10_IRQHandler
                0x0000000008000994                COMP2_IRQHandler
                0x0000000008000994                I2C3_EV_IRQHandler
                0x0000000008000994                EXTI9_5_IRQHandler
                0x0000000008000994                RTC_WKUP_IRQHandler
                0x0000000008000994                SPI2_IRQHandler
                0x0000000008000994                USB_LP_CAN_RX0_IRQHandler
                0x0000000008000994                MemManage_Handler
                0x0000000008000994                SVC_Handler
                0x0000000008000994                DMA1_Channel5_IRQHandler
                0x0000000008000994                USB_LP_IRQHandler
                0x0000000008000994                EXTI4_IRQHandler
                0x0000000008000994                TIM1_TRG_COM_TIM17_IRQHandler
                0x0000000008000994                DMA1_Channel3_IRQHandler
                0x0000000008000994                WWDG_IRQHandler
                0x0000000008000994                TIM2_IRQHandler
                0x0000000008000994                EXTI1_IRQHandler
                0x0000000008000994                COMP4_6_IRQHandler
                0x0000000008000994                USART2_IRQHandler
                0x0000000008000994                I2C2_ER_IRQHandler
                0x0000000008000994                DMA1_Channel2_IRQHandler
                0x0000000008000994                FLASH_IRQHandler
                0x0000000008000994                BusFault_Handler
                0x0000000008000994                USART1_IRQHandler
                0x0000000008000994                SPI3_IRQHandler
                0x0000000008000994                I2C1_ER_IRQHandler
                0x0000000008000994                USBWakeUp_IRQHandler
                0x0000000008000994                EXTI2_TSC_IRQHandler
 *fill*         0x0000000008000996        0x2 
 .text.BNO055_Read.2.constprop.1
                0x0000000008000998       0x38 ./Application/User/main.o
 .text.SystemClock_Config
                0x00000000080009d0       0xa0 ./Application/User/main.o
                0x00000000080009d0                SystemClock_Config
 .text.startup.main
                0x0000000008000a70      0x88c ./Application/User/main.o
                0x0000000008000a70                main
 .text.MC_StartMotor1
                0x00000000080012fc        0xc ./Application/User/mc_api.o
                0x00000000080012fc                MC_StartMotor1
 .text.MC_ProgramTorqueRampMotor1_F
                0x0000000008001308       0x10 ./Application/User/mc_api.o
                0x0000000008001308                MC_ProgramTorqueRampMotor1_F
 .text.MC_AcknowledgeFaultMotor1
                0x0000000008001318        0xc ./Application/User/mc_api.o
                0x0000000008001318                MC_AcknowledgeFaultMotor1
 .text.MC_APP_BootHook
                0x0000000008001324        0x4 ./Application/User/mc_app_hooks.o
                0x0000000008001324                MC_APP_BootHook
 .text.MC_APP_PostMediumFrequencyHook_M1
                0x0000000008001328        0x4 ./Application/User/mc_app_hooks.o
                0x0000000008001328                MC_APP_PostMediumFrequencyHook_M1
 .text.MCI_Init
                0x000000000800132c       0x24 ./Application/User/mc_interface.o
                0x000000000800132c                MCI_Init
 .text.MCI_ExecTorqueRamp
                0x0000000008001350       0x14 ./Application/User/mc_interface.o
                0x0000000008001350                MCI_ExecTorqueRamp
 .text.MCI_ExecTorqueRamp_F
                0x0000000008001364       0x20 ./Application/User/mc_interface.o
                0x0000000008001364                MCI_ExecTorqueRamp_F
 .text.MCI_FaultProcessing
                0x0000000008001384       0x18 ./Application/User/mc_interface.o
                0x0000000008001384                MCI_FaultProcessing
 .text.MCI_ExecBufferedCommands
                0x000000000800139c       0x74 ./Application/User/mc_interface.o
                0x000000000800139c                MCI_ExecBufferedCommands
 .text.MCI_GetSTMState
                0x0000000008001410        0x4 ./Application/User/mc_interface.o
                0x0000000008001410                MCI_GetSTMState
 .text.MCI_GetOccurredFaults
                0x0000000008001414        0x4 ./Application/User/mc_interface.o
                0x0000000008001414                MCI_GetOccurredFaults
 .text.MCI_GetCurrentFaults
                0x0000000008001418        0x4 ./Application/User/mc_interface.o
                0x0000000008001418                MCI_GetCurrentFaults
 .text.MCI_StartMotor
                0x000000000800141c       0x2c ./Application/User/mc_interface.o
                0x000000000800141c                MCI_StartMotor
 .text.MCI_FaultAcknowledged
                0x0000000008001448       0x24 ./Application/User/mc_interface.o
                0x0000000008001448                MCI_FaultAcknowledged
 .text.MCI_GetFaultState
                0x000000000800146c        0xc ./Application/User/mc_interface.o
                0x000000000800146c                MCI_GetFaultState
 .text.MCI_GetImposedMotorDirection
                0x0000000008001478       0x44 ./Application/User/mc_interface.o
                0x0000000008001478                MCI_GetImposedMotorDirection
 .text.MCM_Clarke
                0x00000000080014bc       0x54 ./Application/User/mc_math.o
                0x00000000080014bc                MCM_Clarke
 .text.MCM_Trig_Functions
                0x0000000008001510       0x98 ./Application/User/mc_math.o
                0x0000000008001510                MCM_Trig_Functions
 .text.MCM_Park
                0x00000000080015a8       0x88 ./Application/User/mc_math.o
                0x00000000080015a8                MCM_Park
 .text.MCM_Rev_Park
                0x0000000008001630       0x40 ./Application/User/mc_math.o
                0x0000000008001630                MCM_Rev_Park
 .text.MCM_Sqrt
                0x0000000008001670       0x74 ./Application/User/mc_math.o
                0x0000000008001670                MCM_Sqrt
 .text.FOC_Clear
                0x00000000080016e4       0x74 ./Application/User/mc_tasks.o
                0x00000000080016e4                FOC_Clear
 .text.MCboot   0x0000000008001758      0x124 ./Application/User/mc_tasks.o
                0x0000000008001758                MCboot
 .text.FOC_InitAdditionalMethods
                0x000000000800187c        0x4 ./Application/User/mc_tasks.o
                0x000000000800187c                FOC_InitAdditionalMethods
 .text.FOC_CalcCurrRef
                0x0000000008001880       0x2c ./Application/User/mc_tasks.o
                0x0000000008001880                FOC_CalcCurrRef
 .text.TSK_SetStopPermanencyTimeM1
                0x00000000080018ac        0xc ./Application/User/mc_tasks.o
                0x00000000080018ac                TSK_SetStopPermanencyTimeM1
 .text.TSK_StopPermanencyTimeHasElapsedM1
                0x00000000080018b8       0x14 ./Application/User/mc_tasks.o
                0x00000000080018b8                TSK_StopPermanencyTimeHasElapsedM1
 .text.TSK_MediumFrequencyTaskM1
                0x00000000080018cc      0x304 ./Application/User/mc_tasks.o
                0x00000000080018cc                TSK_MediumFrequencyTaskM1
 .text.MC_Scheduler
                0x0000000008001bd0       0x58 ./Application/User/mc_tasks.o
                0x0000000008001bd0                MC_Scheduler
 .text.TSK_HighFrequencyTask
                0x0000000008001c28      0x18c ./Application/User/mc_tasks.o
                0x0000000008001c28                TSK_HighFrequencyTask
 .text.TSK_SafetyTask_PWMOFF
                0x0000000008001db4       0x84 ./Application/User/mc_tasks.o
                0x0000000008001db4                TSK_SafetyTask_PWMOFF
 .text.TSK_SafetyTask
                0x0000000008001e38       0x20 ./Application/User/mc_tasks.o
                0x0000000008001e38                TSK_SafetyTask
 .text.MC_RunMotorControlTasks
                0x0000000008001e58       0x18 ./Application/User/mc_tasks.o
                0x0000000008001e58                MC_RunMotorControlTasks
 .text.TSK_HardwareFaultTask
                0x0000000008001e70       0x20 ./Application/User/mc_tasks.o
                0x0000000008001e70                TSK_HardwareFaultTask
 .text.mc_lock_pins
                0x0000000008001e90       0xec ./Application/User/mc_tasks.o
                0x0000000008001e90                mc_lock_pins
 .text.MX_MotorControl_Init
                0x0000000008001f7c       0x3c ./Application/User/motorcontrol.o
                0x0000000008001f7c                MX_MotorControl_Init
 .text.PWMC_GetPhaseCurrents
                0x0000000008001fb8        0x4 ./Application/User/pwm_curr_fdbk.o
                0x0000000008001fb8                PWMC_GetPhaseCurrents
 .text.PWMC_SetPhaseVoltage
                0x0000000008001fbc      0x290 ./Application/User/pwm_curr_fdbk.o
                0x0000000008001fbc                PWMC_SetPhaseVoltage
 .text.PWMC_SwitchOffPWM
                0x000000000800224c        0x4 ./Application/User/pwm_curr_fdbk.o
                0x000000000800224c                PWMC_SwitchOffPWM
 .text.PWMC_SwitchOnPWM
                0x0000000008002250        0x4 ./Application/User/pwm_curr_fdbk.o
                0x0000000008002250                PWMC_SwitchOnPWM
 .text.PWMC_CurrentReadingCalibr
                0x0000000008002254       0x48 ./Application/User/pwm_curr_fdbk.o
                0x0000000008002254                PWMC_CurrentReadingCalibr
 .text.PWMC_TurnOnLowSides
                0x000000000800229c        0x4 ./Application/User/pwm_curr_fdbk.o
                0x000000000800229c                PWMC_TurnOnLowSides
 .text.PWMC_CheckOverCurrent
                0x00000000080022a0        0x4 ./Application/User/pwm_curr_fdbk.o
                0x00000000080022a0                PWMC_CheckOverCurrent
 .text.RCM_RegisterRegConv
                0x00000000080022a4      0x1e4 ./Application/User/regular_conversion_manager.o
                0x00000000080022a4                RCM_RegisterRegConv
 .text.RCM_ExecRegularConv
                0x0000000008002488       0x78 ./Application/User/regular_conversion_manager.o
                0x0000000008002488                RCM_ExecRegularConv
 .text.RCM_ExecUserConv
                0x0000000008002500       0x50 ./Application/User/regular_conversion_manager.o
                0x0000000008002500                RCM_ExecUserConv
 .text.ADC1_IRQHandler
                0x0000000008002550        0xc ./Application/User/stm32f30x_mc_it.o
                0x0000000008002550                ADC1_IRQHandler
 .text.TIM1_UP_TIM16_IRQHandler
                0x000000000800255c       0x18 ./Application/User/stm32f30x_mc_it.o
                0x000000000800255c                TIM1_UP_TIM16_IRQHandler
 .text.TIM1_BRK_TIM15_IRQHandler
                0x0000000008002574       0x3c ./Application/User/stm32f30x_mc_it.o
                0x0000000008002574                TIM1_BRK_TIM15_IRQHandler
 .text.HardFault_Handler
                0x00000000080025b0        0x8 ./Application/User/stm32f30x_mc_it.o
                0x00000000080025b0                HardFault_Handler
 .text.SysTick_Handler
                0x00000000080025b8       0x30 ./Application/User/stm32f30x_mc_it.o
                0x00000000080025b8                SysTick_Handler
 .text.HAL_MspInit
                0x00000000080025e8       0x34 ./Application/User/stm32f3xx_hal_msp.o
                0x00000000080025e8                HAL_MspInit
 .text.HAL_ADC_MspInit
                0x000000000800261c       0x88 ./Application/User/stm32f3xx_hal_msp.o
                0x000000000800261c                HAL_ADC_MspInit
 .text.HAL_I2C_MspInit
                0x00000000080026a4       0x80 ./Application/User/stm32f3xx_hal_msp.o
                0x00000000080026a4                HAL_I2C_MspInit
 *fill*         0x0000000008002724        0x4 
 .text.HAL_TIM_Base_MspInit
                0x0000000008002728       0x74 ./Application/User/stm32f3xx_hal_msp.o
                0x0000000008002728                HAL_TIM_Base_MspInit
 *fill*         0x000000000800279c        0x4 
 .text.HAL_TIM_MspPostInit
                0x00000000080027a0       0x74 ./Application/User/stm32f3xx_hal_msp.o
                0x00000000080027a0                HAL_TIM_MspPostInit
 *fill*         0x0000000008002814        0x4 
 .text.HAL_UART_MspInit
                0x0000000008002818      0x12c ./Application/User/stm32f3xx_hal_msp.o
                0x0000000008002818                HAL_UART_MspInit
 .text.SystemInit
                0x0000000008002944       0x14 ./Drivers/CMSIS/system_stm32f3xx.o
                0x0000000008002944                SystemInit
 .text.HAL_InitTick
                0x0000000008002958       0x48 ./Drivers/STM32F3xx_HAL_Driver/stm32f3xx_hal.o
                0x0000000008002958                HAL_InitTick
 .text.HAL_Init
                0x00000000080029a0       0x24 ./Drivers/STM32F3xx_HAL_Driver/stm32f3xx_hal.o
                0x00000000080029a0                HAL_Init
 .text.HAL_IncTick
                0x00000000080029c4       0x18 ./Drivers/STM32F3xx_HAL_Driver/stm32f3xx_hal.o
                0x00000000080029c4                HAL_IncTick
 .text.HAL_GetTick
                0x00000000080029dc        0xc ./Drivers/STM32F3xx_HAL_Driver/stm32f3xx_hal.o
                0x00000000080029dc                HAL_GetTick
 .text.HAL_Delay
                0x00000000080029e8       0x24 ./Drivers/STM32F3xx_HAL_Driver/stm32f3xx_hal.o
                0x00000000080029e8                HAL_Delay
 .text.ADC_Disable
                0x0000000008002a0c       0x80 ./Drivers/STM32F3xx_HAL_Driver/stm32f3xx_hal_adc_ex.o
 .text.HAL_ADC_Init
                0x0000000008002a8c      0x1e8 ./Drivers/STM32F3xx_HAL_Driver/stm32f3xx_hal_adc_ex.o
                0x0000000008002a8c                HAL_ADC_Init
 .text.HAL_ADC_ConfigChannel
                0x0000000008002c74      0x330 ./Drivers/STM32F3xx_HAL_Driver/stm32f3xx_hal_adc_ex.o
                0x0000000008002c74                HAL_ADC_ConfigChannel
 .text.HAL_ADCEx_InjectedConfigChannel
                0x0000000008002fa4      0x3dc ./Drivers/STM32F3xx_HAL_Driver/stm32f3xx_hal_adc_ex.o
                0x0000000008002fa4                HAL_ADCEx_InjectedConfigChannel
 .text.HAL_NVIC_SetPriorityGrouping
                0x0000000008003380       0x24 ./Drivers/STM32F3xx_HAL_Driver/stm32f3xx_hal_cortex.o
                0x0000000008003380                HAL_NVIC_SetPriorityGrouping
 .text.HAL_NVIC_SetPriority
                0x00000000080033a4       0x7c ./Drivers/STM32F3xx_HAL_Driver/stm32f3xx_hal_cortex.o
                0x00000000080033a4                HAL_NVIC_SetPriority
 .text.HAL_NVIC_EnableIRQ
                0x0000000008003420       0x1c ./Drivers/STM32F3xx_HAL_Driver/stm32f3xx_hal_cortex.o
                0x0000000008003420                HAL_NVIC_EnableIRQ
 .text.HAL_SYSTICK_Config
                0x000000000800343c       0x34 ./Drivers/STM32F3xx_HAL_Driver/stm32f3xx_hal_cortex.o
                0x000000000800343c                HAL_SYSTICK_Config
 .text.HAL_SYSTICK_Callback
                0x0000000008003470        0x4 ./Drivers/STM32F3xx_HAL_Driver/stm32f3xx_hal_cortex.o
                0x0000000008003470                HAL_SYSTICK_Callback
 .text.HAL_SYSTICK_IRQHandler
                0x0000000008003474        0x8 ./Drivers/STM32F3xx_HAL_Driver/stm32f3xx_hal_cortex.o
                0x0000000008003474                HAL_SYSTICK_IRQHandler
 .text.HAL_GPIO_Init
                0x000000000800347c      0x1c8 ./Drivers/STM32F3xx_HAL_Driver/stm32f3xx_hal_gpio.o
                0x000000000800347c                HAL_GPIO_Init
 .text.HAL_GPIO_WritePin
                0x0000000008003644        0xc ./Drivers/STM32F3xx_HAL_Driver/stm32f3xx_hal_gpio.o
                0x0000000008003644                HAL_GPIO_WritePin
 .text.HAL_GPIO_TogglePin
                0x0000000008003650       0x14 ./Drivers/STM32F3xx_HAL_Driver/stm32f3xx_hal_gpio.o
                0x0000000008003650                HAL_GPIO_TogglePin
 .text.I2C_WaitOnRXNEFlagUntilTimeout
                0x0000000008003664      0x1ac ./Drivers/STM32F3xx_HAL_Driver/stm32f3xx_hal_i2c.o
 .text.I2C_WaitOnSTOPFlagUntilTimeout
                0x0000000008003810      0x170 ./Drivers/STM32F3xx_HAL_Driver/stm32f3xx_hal_i2c.o
 .text.HAL_I2C_Init
                0x0000000008003980       0xa8 ./Drivers/STM32F3xx_HAL_Driver/stm32f3xx_hal_i2c.o
                0x0000000008003980                HAL_I2C_Init
 .text.HAL_I2C_Master_Transmit
                0x0000000008003a28      0x2fc ./Drivers/STM32F3xx_HAL_Driver/stm32f3xx_hal_i2c.o
                0x0000000008003a28                HAL_I2C_Master_Transmit
 .text.HAL_I2C_Master_Receive
                0x0000000008003d24      0x1d8 ./Drivers/STM32F3xx_HAL_Driver/stm32f3xx_hal_i2c.o
                0x0000000008003d24                HAL_I2C_Master_Receive
 .text.HAL_I2CEx_ConfigAnalogFilter
                0x0000000008003efc       0x54 ./Drivers/STM32F3xx_HAL_Driver/stm32f3xx_hal_i2c_ex.o
                0x0000000008003efc                HAL_I2CEx_ConfigAnalogFilter
 .text.HAL_I2CEx_ConfigDigitalFilter
                0x0000000008003f50       0x58 ./Drivers/STM32F3xx_HAL_Driver/stm32f3xx_hal_i2c_ex.o
                0x0000000008003f50                HAL_I2CEx_ConfigDigitalFilter
 .text.HAL_I2CEx_EnableFastModePlus
                0x0000000008003fa8       0x30 ./Drivers/STM32F3xx_HAL_Driver/stm32f3xx_hal_i2c_ex.o
                0x0000000008003fa8                HAL_I2CEx_EnableFastModePlus
 .text.HAL_RCC_OscConfig
                0x0000000008003fd8      0x5d0 ./Drivers/STM32F3xx_HAL_Driver/stm32f3xx_hal_rcc.o
                0x0000000008003fd8                HAL_RCC_OscConfig
 .text.HAL_RCC_ClockConfig
                0x00000000080045a8      0x1e8 ./Drivers/STM32F3xx_HAL_Driver/stm32f3xx_hal_rcc.o
                0x00000000080045a8                HAL_RCC_ClockConfig
 .text.HAL_RCC_GetSysClockFreq
                0x0000000008004790       0x6c ./Drivers/STM32F3xx_HAL_Driver/stm32f3xx_hal_rcc.o
                0x0000000008004790                HAL_RCC_GetSysClockFreq
 .text.HAL_RCC_GetHCLKFreq
                0x00000000080047fc        0xc ./Drivers/STM32F3xx_HAL_Driver/stm32f3xx_hal_rcc.o
                0x00000000080047fc                HAL_RCC_GetHCLKFreq
 .text.HAL_RCC_GetPCLK1Freq
                0x0000000008004808       0x30 ./Drivers/STM32F3xx_HAL_Driver/stm32f3xx_hal_rcc.o
                0x0000000008004808                HAL_RCC_GetPCLK1Freq
 .text.HAL_RCC_GetPCLK2Freq
                0x0000000008004838       0x30 ./Drivers/STM32F3xx_HAL_Driver/stm32f3xx_hal_rcc.o
                0x0000000008004838                HAL_RCC_GetPCLK2Freq
 .text.HAL_RCCEx_PeriphCLKConfig
                0x0000000008004868      0x208 ./Drivers/STM32F3xx_HAL_Driver/stm32f3xx_hal_rcc_ex.o
                0x0000000008004868                HAL_RCCEx_PeriphCLKConfig
 .text.TIM_OC1_SetConfig
                0x0000000008004a70       0x74 ./Drivers/STM32F3xx_HAL_Driver/stm32f3xx_hal_tim.o
 .text.TIM_OC3_SetConfig
                0x0000000008004ae4       0x7c ./Drivers/STM32F3xx_HAL_Driver/stm32f3xx_hal_tim.o
 .text.HAL_TIM_Base_Init
                0x0000000008004b60       0xf8 ./Drivers/STM32F3xx_HAL_Driver/stm32f3xx_hal_tim.o
                0x0000000008004b60                HAL_TIM_Base_Init
 .text.HAL_TIM_PWM_MspInit
                0x0000000008004c58        0x4 ./Drivers/STM32F3xx_HAL_Driver/stm32f3xx_hal_tim.o
                0x0000000008004c58                HAL_TIM_PWM_MspInit
 .text.HAL_TIM_PWM_Init
                0x0000000008004c5c       0xf8 ./Drivers/STM32F3xx_HAL_Driver/stm32f3xx_hal_tim.o
                0x0000000008004c5c                HAL_TIM_PWM_Init
 .text.HAL_TIM_SlaveConfigSynchro
                0x0000000008004d54      0x11c ./Drivers/STM32F3xx_HAL_Driver/stm32f3xx_hal_tim.o
                0x0000000008004d54                HAL_TIM_SlaveConfigSynchro
 .text.TIM_OC2_SetConfig
                0x0000000008004e70       0x7c ./Drivers/STM32F3xx_HAL_Driver/stm32f3xx_hal_tim.o
                0x0000000008004e70                TIM_OC2_SetConfig
 .text.HAL_TIM_PWM_ConfigChannel
                0x0000000008004eec      0x250 ./Drivers/STM32F3xx_HAL_Driver/stm32f3xx_hal_tim.o
                0x0000000008004eec                HAL_TIM_PWM_ConfigChannel
 .text.HAL_TIMEx_MasterConfigSynchronization
                0x000000000800513c       0x70 ./Drivers/STM32F3xx_HAL_Driver/stm32f3xx_hal_tim_ex.o
                0x000000000800513c                HAL_TIMEx_MasterConfigSynchronization
 .text.HAL_TIMEx_ConfigBreakDeadTime
                0x00000000080051ac       0x84 ./Drivers/STM32F3xx_HAL_Driver/stm32f3xx_hal_tim_ex.o
                0x00000000080051ac                HAL_TIMEx_ConfigBreakDeadTime
 .text.HAL_UART_Transmit
                0x0000000008005230      0x260 ./Drivers/STM32F3xx_HAL_Driver/stm32f3xx_hal_uart.o
                0x0000000008005230                HAL_UART_Transmit
 .text.UART_AdvFeatureConfig
                0x0000000008005490       0xb0 ./Drivers/STM32F3xx_HAL_Driver/stm32f3xx_hal_uart.o
                0x0000000008005490                UART_AdvFeatureConfig
 .text.UART_CheckIdleState
                0x0000000008005540      0x258 ./Drivers/STM32F3xx_HAL_Driver/stm32f3xx_hal_uart.o
                0x0000000008005540                UART_CheckIdleState
 .text.HAL_UART_Init
                0x0000000008005798      0x1e8 ./Drivers/STM32F3xx_HAL_Driver/stm32f3xx_hal_uart.o
                0x0000000008005798                HAL_UART_Init
 .text.Torque_Controller_step
                0x0000000008005980       0xd0 ./Drivers/Simulink/Torque_Controller.o
                0x0000000008005980                Torque_Controller_step
 .text.Torque_Controller_initialize
                0x0000000008005a50       0x68 ./Drivers/Simulink/Torque_Controller.o
                0x0000000008005a50                Torque_Controller_initialize
 .text.VBS_GetAvBusVoltage_d
                0x0000000008005ab8        0x4 ./Middlewares/MotorControl/bus_voltage_sensor.o
                0x0000000008005ab8                VBS_GetAvBusVoltage_d
 .text.Circle_Limitation
                0x0000000008005abc       0x60 ./Middlewares/MotorControl/circle_limitation.o
                0x0000000008005abc                Circle_Limitation
 .text.NTC_SetFaultState
                0x0000000008005b1c       0x1c ./Middlewares/MotorControl/ntc_temperature_sensor.o
                0x0000000008005b1c                NTC_SetFaultState
 .text.NTC_Clear
                0x0000000008005b38        0x8 ./Middlewares/MotorControl/ntc_temperature_sensor.o
                0x0000000008005b38                NTC_Clear
 .text.NTC_Init
                0x0000000008005b40       0x24 ./Middlewares/MotorControl/ntc_temperature_sensor.o
                0x0000000008005b40                NTC_Init
 .text.NTC_CalcAvTemp
                0x0000000008005b64       0x38 ./Middlewares/MotorControl/ntc_temperature_sensor.o
                0x0000000008005b64                NTC_CalcAvTemp
 .text.PID_HandleInit
                0x0000000008005b9c       0x10 ./Middlewares/MotorControl/pid_regulator.o
                0x0000000008005b9c                PID_HandleInit
 .text.PID_SetIntegralTerm
                0x0000000008005bac        0x4 ./Middlewares/MotorControl/pid_regulator.o
                0x0000000008005bac                PID_SetIntegralTerm
 .text.PID_GetKIDivisor
                0x0000000008005bb0        0x4 ./Middlewares/MotorControl/pid_regulator.o
                0x0000000008005bb0                PID_GetKIDivisor
 .text.PI_Controller
                0x0000000008005bb4       0x8c ./Middlewares/MotorControl/pid_regulator.o
                0x0000000008005bb4                PI_Controller
 .text.PQD_CalcElMotorPower
                0x0000000008005c40       0x34 ./Middlewares/MotorControl/pqd_motor_power_measurement.o
                0x0000000008005c40                PQD_CalcElMotorPower
 .text.PQD_Clear
                0x0000000008005c74        0x8 ./Middlewares/MotorControl/pqd_motor_power_measurement.o
                0x0000000008005c74                PQD_Clear
 .text.startTimers
                0x0000000008005c7c       0x64 ./Middlewares/MotorControl/pwm_common.o
                0x0000000008005c7c                startTimers
 .text.waitForPolarizationEnd
                0x0000000008005ce0       0x3c ./Middlewares/MotorControl/pwm_common.o
                0x0000000008005ce0                waitForPolarizationEnd
 .text.R3_1_GetPhaseCurrents
                0x0000000008005d1c      0x174 ./Middlewares/MotorControl/r3_1_f30x_pwm_curr_fdbk.o
                0x0000000008005d1c                R3_1_GetPhaseCurrents
 .text.R3_1_SetADCSampPointPolarization
                0x0000000008005e90       0x3c ./Middlewares/MotorControl/r3_1_f30x_pwm_curr_fdbk.o
                0x0000000008005e90                R3_1_SetADCSampPointPolarization
 .text.R3_1_HFCurrentsPolarizationAB
                0x0000000008005ecc       0x44 ./Middlewares/MotorControl/r3_1_f30x_pwm_curr_fdbk.o
 .text.R3_1_HFCurrentsPolarizationC
                0x0000000008005f10       0x3c ./Middlewares/MotorControl/r3_1_f30x_pwm_curr_fdbk.o
 .text.R3_1_TurnOnLowSides
                0x0000000008005f4c       0x4c ./Middlewares/MotorControl/r3_1_f30x_pwm_curr_fdbk.o
                0x0000000008005f4c                R3_1_TurnOnLowSides
 .text.R3_1_SwitchOnPWM
                0x0000000008005f98       0x8c ./Middlewares/MotorControl/r3_1_f30x_pwm_curr_fdbk.o
                0x0000000008005f98                R3_1_SwitchOnPWM
 .text.R3_1_SwitchOffPWM
                0x0000000008006024       0x6c ./Middlewares/MotorControl/r3_1_f30x_pwm_curr_fdbk.o
                0x0000000008006024                R3_1_SwitchOffPWM
 .text.R3_1_RLGetPhaseCurrents
                0x0000000008006090       0x50 ./Middlewares/MotorControl/r3_1_f30x_pwm_curr_fdbk.o
 .text.R3_1_RLTurnOnLowSides
                0x00000000080060e0       0x48 ./Middlewares/MotorControl/r3_1_f30x_pwm_curr_fdbk.o
 .text.R3_1_RLSwitchOnPWM
                0x0000000008006128       0xa4 ./Middlewares/MotorControl/r3_1_f30x_pwm_curr_fdbk.o
 .text.R3_1_Init
                0x00000000080061cc      0x308 ./Middlewares/MotorControl/r3_1_f30x_pwm_curr_fdbk.o
                0x00000000080061cc                R3_1_Init
 .text.R3_1_SetOffsetCalib
                0x00000000080064d4       0x1c ./Middlewares/MotorControl/r3_1_f30x_pwm_curr_fdbk.o
                0x00000000080064d4                R3_1_SetOffsetCalib
 .text.R3_1_GetOffsetCalib
                0x00000000080064f0       0x10 ./Middlewares/MotorControl/r3_1_f30x_pwm_curr_fdbk.o
                0x00000000080064f0                R3_1_GetOffsetCalib
 .text.R3_1_CurrentReadingPolarization
                0x0000000008006500      0x13c ./Middlewares/MotorControl/r3_1_f30x_pwm_curr_fdbk.o
                0x0000000008006500                R3_1_CurrentReadingPolarization
 .text.R3_1_SetADCSampPointSectX
                0x000000000800663c       0x80 ./Middlewares/MotorControl/r3_1_f30x_pwm_curr_fdbk.o
                0x000000000800663c                R3_1_SetADCSampPointSectX
 .text.R3_1_TIMx_UP_IRQHandler
                0x00000000080066bc       0x38 ./Middlewares/MotorControl/r3_1_f30x_pwm_curr_fdbk.o
                0x00000000080066bc                R3_1_TIMx_UP_IRQHandler
 .text.R3_1_BRK2_IRQHandler
                0x00000000080066f4       0x40 ./Middlewares/MotorControl/r3_1_f30x_pwm_curr_fdbk.o
                0x00000000080066f4                R3_1_BRK2_IRQHandler
 .text.R3_1_BRK_IRQHandler
                0x0000000008006734       0x1c ./Middlewares/MotorControl/r3_1_f30x_pwm_curr_fdbk.o
                0x0000000008006734                R3_1_BRK_IRQHandler
 .text.R3_1_IsOverCurrentOccurred
                0x0000000008006750       0x28 ./Middlewares/MotorControl/r3_1_f30x_pwm_curr_fdbk.o
                0x0000000008006750                R3_1_IsOverCurrentOccurred
 .text.R3_1_RLDetectionModeEnable
                0x0000000008006778       0xd0 ./Middlewares/MotorControl/r3_1_f30x_pwm_curr_fdbk.o
                0x0000000008006778                R3_1_RLDetectionModeEnable
 .text.R3_1_RLDetectionModeDisable
                0x0000000008006848      0x148 ./Middlewares/MotorControl/r3_1_f30x_pwm_curr_fdbk.o
                0x0000000008006848                R3_1_RLDetectionModeDisable
 .text.R3_1_RLDetectionModeSetDuty
                0x0000000008006990       0x40 ./Middlewares/MotorControl/r3_1_f30x_pwm_curr_fdbk.o
                0x0000000008006990                R3_1_RLDetectionModeSetDuty
 .text.RVBS_Clear
                0x00000000080069d0       0x40 ./Middlewares/MotorControl/r_divider_bus_voltage_sensor.o
                0x00000000080069d0                RVBS_Clear
 .text.RVBS_Init
                0x0000000008006a10       0x18 ./Middlewares/MotorControl/r_divider_bus_voltage_sensor.o
                0x0000000008006a10                RVBS_Init
 .text.RVBS_CheckFaultState
                0x0000000008006a28       0x4c ./Middlewares/MotorControl/r_divider_bus_voltage_sensor.o
                0x0000000008006a28                RVBS_CheckFaultState
 .text.RVBS_CalcAvVbusFilt
                0x0000000008006a74       0xcc ./Middlewares/MotorControl/r_divider_bus_voltage_sensor.o
                0x0000000008006a74                RVBS_CalcAvVbusFilt
 .text.REMNG_Init
                0x0000000008006b40       0x10 ./Middlewares/MotorControl/ramp_ext_mngr.o
                0x0000000008006b40                REMNG_Init
 .text.REMNG_Calc
                0x0000000008006b50       0x44 ./Middlewares/MotorControl/ramp_ext_mngr.o
                0x0000000008006b50                REMNG_Calc
 .text.REMNG_RampCompleted
                0x0000000008006b94        0xc ./Middlewares/MotorControl/ramp_ext_mngr.o
                0x0000000008006b94                REMNG_RampCompleted
 .text.getScalingFactor
                0x0000000008006ba0       0x2c ./Middlewares/MotorControl/ramp_ext_mngr.o
                0x0000000008006ba0                getScalingFactor
 .text.REMNG_ExecRamp
                0x0000000008006bcc       0x88 ./Middlewares/MotorControl/ramp_ext_mngr.o
                0x0000000008006bcc                REMNG_ExecRamp
 .text.RUC_Init
                0x0000000008006c54       0x70 ./Middlewares/MotorControl/revup_ctrl.o
                0x0000000008006c54                RUC_Init
 .text.RUC_Clear
                0x0000000008006cc4       0x88 ./Middlewares/MotorControl/revup_ctrl.o
                0x0000000008006cc4                RUC_Clear
 .text.RUC_OTF_Exec
                0x0000000008006d4c      0x220 ./Middlewares/MotorControl/revup_ctrl.o
                0x0000000008006d4c                RUC_OTF_Exec
 .text.RUC_FirstAccelerationStageReached
                0x0000000008006f6c       0x14 ./Middlewares/MotorControl/revup_ctrl.o
                0x0000000008006f6c                RUC_FirstAccelerationStageReached
 .text.RUC_Get_SCLowsideOTF_Status
                0x0000000008006f80        0x8 ./Middlewares/MotorControl/revup_ctrl.o
                0x0000000008006f80                RUC_Get_SCLowsideOTF_Status
 .text.SPD_GetElAngle
                0x0000000008006f88        0x8 ./Middlewares/MotorControl/speed_pos_fdbk.o
                0x0000000008006f88                SPD_GetElAngle
 .text.SPD_GetAvrgMecSpeedUnit
                0x0000000008006f90        0x8 ./Middlewares/MotorControl/speed_pos_fdbk.o
                0x0000000008006f90                SPD_GetAvrgMecSpeedUnit
 .text.SPD_GetInstElSpeedDpp
                0x0000000008006f98        0x8 ./Middlewares/MotorControl/speed_pos_fdbk.o
                0x0000000008006f98                SPD_GetInstElSpeedDpp
 .text.SPD_IsMecSpeedReliable
                0x0000000008006fa0       0x6c ./Middlewares/MotorControl/speed_pos_fdbk.o
                0x0000000008006fa0                SPD_IsMecSpeedReliable
 .text.STC_Init
                0x000000000800700c       0x2c ./Middlewares/MotorControl/speed_torq_ctrl.o
                0x000000000800700c                STC_Init
 .text.STC_SetSpeedSensor
                0x0000000008007038        0x4 ./Middlewares/MotorControl/speed_torq_ctrl.o
                0x0000000008007038                STC_SetSpeedSensor
 .text.STC_GetSpeedSensor
                0x000000000800703c        0x4 ./Middlewares/MotorControl/speed_torq_ctrl.o
                0x000000000800703c                STC_GetSpeedSensor
 .text.STC_Clear
                0x0000000008007040       0x10 ./Middlewares/MotorControl/speed_torq_ctrl.o
                0x0000000008007040                STC_Clear
 .text.STC_GetTorqueRef
                0x0000000008007050        0x8 ./Middlewares/MotorControl/speed_torq_ctrl.o
                0x0000000008007050                STC_GetTorqueRef
 .text.STC_SetControlMode
                0x0000000008007058        0x8 ./Middlewares/MotorControl/speed_torq_ctrl.o
                0x0000000008007058                STC_SetControlMode
 .text.STC_ExecRamp
                0x0000000008007060       0x88 ./Middlewares/MotorControl/speed_torq_ctrl.o
                0x0000000008007060                STC_ExecRamp
 .text.STC_CalcTorqueReference
                0x00000000080070e8       0x54 ./Middlewares/MotorControl/speed_torq_ctrl.o
                0x00000000080070e8                STC_CalcTorqueReference
 .text.STC_GetDefaultIqdref
                0x000000000800713c       0x1c ./Middlewares/MotorControl/speed_torq_ctrl.o
                0x000000000800713c                STC_GetDefaultIqdref
 .text.STC_ForceSpeedReferenceToCurrentSpeed
                0x0000000008007158       0x10 ./Middlewares/MotorControl/speed_torq_ctrl.o
                0x0000000008007158                STC_ForceSpeedReferenceToCurrentSpeed
 .text.STO_PLL_CalcElAngle
                0x0000000008007168      0x1f0 ./Middlewares/MotorControl/sto_pll_speed_pos_fdbk.o
                0x0000000008007168                STO_PLL_CalcElAngle
 .text.STO_PLL_CalcAvrgMecSpeedUnit
                0x0000000008007358      0x154 ./Middlewares/MotorControl/sto_pll_speed_pos_fdbk.o
                0x0000000008007358                STO_PLL_CalcAvrgMecSpeedUnit
 .text.STO_PLL_CalcAvrgElSpeedDpp
                0x00000000080074ac       0x64 ./Middlewares/MotorControl/sto_pll_speed_pos_fdbk.o
                0x00000000080074ac                STO_PLL_CalcAvrgElSpeedDpp
 .text.STO_PLL_Clear
                0x0000000008007510       0x4c ./Middlewares/MotorControl/sto_pll_speed_pos_fdbk.o
                0x0000000008007510                STO_PLL_Clear
 .text.STO_PLL_Init
                0x000000000800755c       0x74 ./Middlewares/MotorControl/sto_pll_speed_pos_fdbk.o
                0x000000000800755c                STO_PLL_Init
 .text.STO_PLL_IsObserverConverged
                0x00000000080075d0       0xc4 ./Middlewares/MotorControl/sto_pll_speed_pos_fdbk.o
                0x00000000080075d0                STO_PLL_IsObserverConverged
 .text.STO_OTF_ResetPLL
                0x0000000008007694        0xc ./Middlewares/MotorControl/sto_pll_speed_pos_fdbk.o
                0x0000000008007694                STO_OTF_ResetPLL
 .text.STO_ResetPLL
                0x00000000080076a0        0x8 ./Middlewares/MotorControl/sto_pll_speed_pos_fdbk.o
                0x00000000080076a0                STO_ResetPLL
 .text.STO_PLL_IsVarianceTight
                0x00000000080076a8        0x8 ./Middlewares/MotorControl/sto_pll_speed_pos_fdbk.o
                0x00000000080076a8                STO_PLL_IsVarianceTight
 .text.STO_PLL_ForceConvergency1
                0x00000000080076b0        0xc ./Middlewares/MotorControl/sto_pll_speed_pos_fdbk.o
                0x00000000080076b0                STO_PLL_ForceConvergency1
 .text.STO_PLL_ForceConvergency2
                0x00000000080076bc        0xc ./Middlewares/MotorControl/sto_pll_speed_pos_fdbk.o
                0x00000000080076bc                STO_PLL_ForceConvergency2
 .text.STO_SetDirection
                0x00000000080076c8        0x8 ./Middlewares/MotorControl/sto_pll_speed_pos_fdbk.o
                0x00000000080076c8                STO_SetDirection
 .text.VSS_Clear
                0x00000000080076d0       0x1c ./Middlewares/MotorControl/virtual_speed_sensor.o
                0x00000000080076d0                VSS_Clear
 .text.VSS_Init
                0x00000000080076ec        0x8 ./Middlewares/MotorControl/virtual_speed_sensor.o
                0x00000000080076ec                VSS_Init
 .text.VSS_CalcElAngle
                0x00000000080076f4       0xa8 ./Middlewares/MotorControl/virtual_speed_sensor.o
                0x00000000080076f4                VSS_CalcElAngle
 .text.VSS_CalcAvrgMecSpeedUnit
                0x000000000800779c       0xa4 ./Middlewares/MotorControl/virtual_speed_sensor.o
                0x000000000800779c                VSS_CalcAvrgMecSpeedUnit
 .text.VSS_SetMecAngle
                0x0000000008007840       0x10 ./Middlewares/MotorControl/virtual_speed_sensor.o
                0x0000000008007840                VSS_SetMecAngle
 .text.VSS_SetMecAcceleration
                0x0000000008007850       0x90 ./Middlewares/MotorControl/virtual_speed_sensor.o
                0x0000000008007850                VSS_SetMecAcceleration
 .text.VSS_SetStartTransition
                0x00000000080078e0       0x1c ./Middlewares/MotorControl/virtual_speed_sensor.o
                0x00000000080078e0                VSS_SetStartTransition
 .text.VSS_TransitionEnded
                0x00000000080078fc        0x8 ./Middlewares/MotorControl/virtual_speed_sensor.o
                0x00000000080078fc                VSS_TransitionEnded
 .text.VSS_SetCopyObserver
                0x0000000008007904        0x8 ./Middlewares/MotorControl/virtual_speed_sensor.o
                0x0000000008007904                VSS_SetCopyObserver
 .text.__libc_init_array
                0x000000000800790c       0x48 c:/st/stm32cubeide_1.12.1/stm32cubeide/plugins/com.st.stm32cube.ide.mcu.externaltools.gnu-tools-for-stm32.10.3-2021.10.win32_1.0.200.202301161003/tools/bin/../lib/gcc/arm-none-eabi/10.3.1/../../../../arm-none-eabi/lib/thumb/v7e-m+fp/hard\libc_nano.a(lib_a-init.o)
                0x000000000800790c                __libc_init_array
 .text.memset   0x0000000008007954       0x10 c:/st/stm32cubeide_1.12.1/stm32cubeide/plugins/com.st.stm32cube.ide.mcu.externaltools.gnu-tools-for-stm32.10.3-2021.10.win32_1.0.200.202301161003/tools/bin/../lib/gcc/arm-none-eabi/10.3.1/../../../../arm-none-eabi/lib/thumb/v7e-m+fp/hard\libc_nano.a(lib_a-memset.o)
                0x0000000008007954                memset
 *(.glue_7)
 .glue_7        0x0000000008007964        0x0 linker stubs
 *(.glue_7t)
 .glue_7t       0x0000000008007964        0x0 linker stubs
 *(.eh_frame)
 .eh_frame      0x0000000008007964        0x0 c:/st/stm32cubeide_1.12.1/stm32cubeide/plugins/com.st.stm32cube.ide.mcu.externaltools.gnu-tools-for-stm32.10.3-2021.10.win32_1.0.200.202301161003/tools/bin/../lib/gcc/arm-none-eabi/10.3.1/thumb/v7e-m+fp/hard/crtbegin.o
 *(.init)
 .init          0x0000000008007964        0x4 c:/st/stm32cubeide_1.12.1/stm32cubeide/plugins/com.st.stm32cube.ide.mcu.externaltools.gnu-tools-for-stm32.10.3-2021.10.win32_1.0.200.202301161003/tools/bin/../lib/gcc/arm-none-eabi/10.3.1/thumb/v7e-m+fp/hard/crti.o
                0x0000000008007964                _init
 .init          0x0000000008007968        0x8 c:/st/stm32cubeide_1.12.1/stm32cubeide/plugins/com.st.stm32cube.ide.mcu.externaltools.gnu-tools-for-stm32.10.3-2021.10.win32_1.0.200.202301161003/tools/bin/../lib/gcc/arm-none-eabi/10.3.1/thumb/v7e-m+fp/hard/crtn.o
 *(.fini)
 .fini          0x0000000008007970        0x4 c:/st/stm32cubeide_1.12.1/stm32cubeide/plugins/com.st.stm32cube.ide.mcu.externaltools.gnu-tools-for-stm32.10.3-2021.10.win32_1.0.200.202301161003/tools/bin/../lib/gcc/arm-none-eabi/10.3.1/thumb/v7e-m+fp/hard/crti.o
                0x0000000008007970                _fini
 .fini          0x0000000008007974        0x8 c:/st/stm32cubeide_1.12.1/stm32cubeide/plugins/com.st.stm32cube.ide.mcu.externaltools.gnu-tools-for-stm32.10.3-2021.10.win32_1.0.200.202301161003/tools/bin/../lib/gcc/arm-none-eabi/10.3.1/thumb/v7e-m+fp/hard/crtn.o
                0x000000000800797c                . = ALIGN (0x4)
                0x000000000800797c                _etext = .

.vfp11_veneer   0x000000000800797c        0x0
 .vfp11_veneer  0x000000000800797c        0x0 linker stubs

.v4_bx          0x000000000800797c        0x0
 .v4_bx         0x000000000800797c        0x0 linker stubs

.iplt           0x000000000800797c        0x0
 .iplt          0x000000000800797c        0x0 c:/st/stm32cubeide_1.12.1/stm32cubeide/plugins/com.st.stm32cube.ide.mcu.externaltools.gnu-tools-for-stm32.10.3-2021.10.win32_1.0.200.202301161003/tools/bin/../lib/gcc/arm-none-eabi/10.3.1/thumb/v7e-m+fp/hard/crtbegin.o

.rodata         0x000000000800797c      0x298
                0x000000000800797c                . = ALIGN (0x4)
 *(.rodata)
 *(.rodata*)
 .rodata.hSin_Cos_Table
                0x000000000800797c      0x200 ./Application/User/mc_math.o
                0x000000000800797c                hSin_Cos_Table
 .rodata.R3_1_ParamsM1
                0x0000000008007b7c       0x5c ./Application/User/mc_parameters.o
                0x0000000008007b7c                R3_1_ParamsM1
 .rodata.AHBPrescTable
                0x0000000008007bd8       0x10 ./Drivers/CMSIS/system_stm32f3xx.o
                0x0000000008007bd8                AHBPrescTable
 .rodata.APBPrescTable
                0x0000000008007be8        0x8 ./Drivers/CMSIS/system_stm32f3xx.o
                0x0000000008007be8                APBPrescTable
 .rodata.aPLLMULFactorTable
                0x0000000008007bf0       0x10 ./Drivers/STM32F3xx_HAL_Driver/stm32f3xx_hal_rcc.o
 .rodata.aPredivFactorTable
                0x0000000008007c00       0x10 ./Drivers/STM32F3xx_HAL_Driver/stm32f3xx_hal_rcc.o
 .rodata.CSWTCH.53
                0x0000000008007c10        0x3 ./Drivers/STM32F3xx_HAL_Driver/stm32f3xx_hal_uart.o
                0x0000000008007c14                . = ALIGN (0x4)
 *fill*         0x0000000008007c13        0x1 

.rel.dyn        0x0000000008007c14        0x0
 .rel.iplt      0x0000000008007c14        0x0 c:/st/stm32cubeide_1.12.1/stm32cubeide/plugins/com.st.stm32cube.ide.mcu.externaltools.gnu-tools-for-stm32.10.3-2021.10.win32_1.0.200.202301161003/tools/bin/../lib/gcc/arm-none-eabi/10.3.1/thumb/v7e-m+fp/hard/crtbegin.o

.ARM.extab      0x0000000008007c14        0x0
                0x0000000008007c14                . = ALIGN (0x4)
 *(.ARM.extab* .gnu.linkonce.armextab.*)
                0x0000000008007c14                . = ALIGN (0x4)

.ARM            0x0000000008007c14        0x0
                0x0000000008007c14                . = ALIGN (0x4)
                0x0000000008007c14                __exidx_start = .
 *(.ARM.exidx*)
                0x0000000008007c14                __exidx_end = .
                0x0000000008007c14                . = ALIGN (0x4)

.preinit_array  0x0000000008007c14        0x0
                0x0000000008007c14                . = ALIGN (0x4)
                0x0000000008007c14                PROVIDE (__preinit_array_start = .)
 *(.preinit_array*)
                0x0000000008007c14                PROVIDE (__preinit_array_end = .)
                0x0000000008007c14                . = ALIGN (0x4)

.init_array     0x0000000008007c14        0x4
                0x0000000008007c14                . = ALIGN (0x4)
                0x0000000008007c14                PROVIDE (__init_array_start = .)
 *(SORT_BY_NAME(.init_array.*))
 *(.init_array*)
 .init_array    0x0000000008007c14        0x4 c:/st/stm32cubeide_1.12.1/stm32cubeide/plugins/com.st.stm32cube.ide.mcu.externaltools.gnu-tools-for-stm32.10.3-2021.10.win32_1.0.200.202301161003/tools/bin/../lib/gcc/arm-none-eabi/10.3.1/thumb/v7e-m+fp/hard/crtbegin.o
                0x0000000008007c18                PROVIDE (__init_array_end = .)
                0x0000000008007c18                . = ALIGN (0x4)

.fini_array     0x0000000008007c18        0x4
                0x0000000008007c18                . = ALIGN (0x4)
                [!provide]                        PROVIDE (__fini_array_start = .)
 *(SORT_BY_NAME(.fini_array.*))
 *(.fini_array*)
 .fini_array    0x0000000008007c18        0x4 c:/st/stm32cubeide_1.12.1/stm32cubeide/plugins/com.st.stm32cube.ide.mcu.externaltools.gnu-tools-for-stm32.10.3-2021.10.win32_1.0.200.202301161003/tools/bin/../lib/gcc/arm-none-eabi/10.3.1/thumb/v7e-m+fp/hard/crtbegin.o
                [!provide]                        PROVIDE (__fini_array_end = .)
                0x0000000008007c1c                . = ALIGN (0x4)
                0x0000000008007c1c                _sidata = LOADADDR (.data)

.data           0x0000000020000000      0x484 load address 0x0000000008007c1c
                0x0000000020000000                . = ALIGN (0x4)
                0x0000000020000000                _sdata = .
 *(.data)
 *(.data*)
 .data.BusVoltageSensor_M1
                0x0000000020000000       0x2c ./Application/User/mc_config.o
                0x0000000020000000                BusVoltageSensor_M1
 .data.CircleLimitationM1
                0x000000002000002c       0xb4 ./Application/User/mc_config.o
                0x000000002000002c                CircleLimitationM1
 .data.PIDIdHandle_M1
                0x00000000200000e0       0x2c ./Application/User/mc_config.o
                0x00000000200000e0                PIDIdHandle_M1
 .data.PIDIqHandle_M1
                0x000000002000010c       0x2c ./Application/User/mc_config.o
                0x000000002000010c                PIDIqHandle_M1
 .data.PIDSpeedHandle_M1
                0x0000000020000138       0x2c ./Application/User/mc_config.o
                0x0000000020000138                PIDSpeedHandle_M1
 .data.PQD_MotorPowMeasM1
                0x0000000020000164       0x10 ./Application/User/mc_config.o
                0x0000000020000164                PQD_MotorPowMeasM1
 .data.PWM_Handle_M1
                0x0000000020000174       0x8c ./Application/User/mc_config.o
                0x0000000020000174                PWM_Handle_M1
 .data.RampExtMngrHFParamsM1
                0x0000000020000200       0x18 ./Application/User/mc_config.o
                0x0000000020000200                RampExtMngrHFParamsM1
 .data.RevUpControlM1
                0x0000000020000218       0x78 ./Application/User/mc_config.o
                0x0000000020000218                RevUpControlM1
 .data.STO_M1   0x0000000020000290       0x14 ./Application/User/mc_config.o
                0x0000000020000290                STO_M1
 .data.STO_PLL_M1
                0x00000000200002a4      0x128 ./Application/User/mc_config.o
                0x00000000200002a4                STO_PLL_M1
 .data.SpeednTorqCtrlM1
                0x00000000200003cc       0x34 ./Application/User/mc_config.o
                0x00000000200003cc                SpeednTorqCtrlM1
 .data.TempSensor_M1
                0x0000000020000400       0x28 ./Application/User/mc_config.o
                0x0000000020000400                TempSensor_M1
 .data.VirtualSpeedSensorM1
                0x0000000020000428       0x38 ./Application/User/mc_config.o
                0x0000000020000428                VirtualSpeedSensorM1
 .data.pMPM     0x0000000020000460        0x4 ./Application/User/mc_config.o
                0x0000000020000460                pMPM
 .data.pPIDId   0x0000000020000464        0x4 ./Application/User/mc_config.o
                0x0000000020000464                pPIDId
 .data.pPIDIq   0x0000000020000468        0x4 ./Application/User/mc_config.o
                0x0000000020000468                pPIDIq
 .data.pSTC     0x000000002000046c        0x4 ./Application/User/mc_config.o
                0x000000002000046c                pSTC
 .data.pTemperatureSensor
                0x0000000020000470        0x4 ./Application/User/mc_config.o
                0x0000000020000470                pTemperatureSensor
 .data.SystickDividerCounter.0
                0x0000000020000474        0x1 ./Application/User/stm32f30x_mc_it.o
 *fill*         0x0000000020000475        0x3 
 .data.SystemCoreClock
                0x0000000020000478        0x4 ./Drivers/CMSIS/system_stm32f3xx.o
                0x0000000020000478                SystemCoreClock
 .data.uwTickFreq
                0x000000002000047c        0x1 ./Drivers/STM32F3xx_HAL_Driver/stm32f3xx_hal.o
                0x000000002000047c                uwTickFreq
 *fill*         0x000000002000047d        0x3 
 .data.uwTickPrio
                0x0000000020000480        0x4 ./Drivers/STM32F3xx_HAL_Driver/stm32f3xx_hal.o
                0x0000000020000480                uwTickPrio
 *(.RamFunc)
 *(.RamFunc*)
                0x0000000020000484                . = ALIGN (0x4)
                0x0000000020000484                _edata = .

.igot.plt       0x0000000020000484        0x0 load address 0x00000000080080a0
 .igot.plt      0x0000000020000484        0x0 c:/st/stm32cubeide_1.12.1/stm32cubeide/plugins/com.st.stm32cube.ide.mcu.externaltools.gnu-tools-for-stm32.10.3-2021.10.win32_1.0.200.202301161003/tools/bin/../lib/gcc/arm-none-eabi/10.3.1/thumb/v7e-m+fp/hard/crtbegin.o
                0x0000000020000484                . = ALIGN (0x4)

.bss            0x0000000020000488      0x3a8 load address 0x00000000080080a0
                0x0000000020000488                _sbss = .
                0x0000000020000488                __bss_start__ = _sbss
 *(.bss)
 .bss           0x0000000020000488       0x1c c:/st/stm32cubeide_1.12.1/stm32cubeide/plugins/com.st.stm32cube.ide.mcu.externaltools.gnu-tools-for-stm32.10.3-2021.10.win32_1.0.200.202301161003/tools/bin/../lib/gcc/arm-none-eabi/10.3.1/thumb/v7e-m+fp/hard/crtbegin.o
 *(.bss*)
 *fill*         0x00000000200004a4        0x4 
 .bss.hadc1     0x00000000200004a8       0x50 ./Application/User/main.o
                0x00000000200004a8                hadc1
 .bss.hi2c1     0x00000000200004f8       0x54 ./Application/User/main.o
                0x00000000200004f8                hi2c1
 .bss.htim1     0x000000002000054c       0x4c ./Application/User/main.o
                0x000000002000054c                htim1
 .bss.huart1    0x0000000020000598       0x88 ./Application/User/main.o
                0x0000000020000598                huart1
 .bss.huart2    0x0000000020000620       0x88 ./Application/User/main.o
                0x0000000020000620                huart2
 .bss.huart3    0x00000000200006a8       0x88 ./Application/User/main.o
                0x00000000200006a8                huart3
 .bss.Mci       0x0000000020000730       0x20 ./Application/User/mc_config.o
                0x0000000020000730                Mci
 .bss.RealBusVoltageSensorFilterBufferM1
                0x0000000020000750        0xc ./Application/User/mc_config.o
 .bss.FOCVars   0x000000002000075c       0x26 ./Application/User/mc_tasks.o
 .bss.bMCBootCompleted
                0x0000000020000782        0x1 ./Application/User/mc_tasks.o
 *fill*         0x0000000020000783        0x1 
 .bss.hBootCapDelayCounterM1
                0x0000000020000784        0x2 ./Application/User/mc_tasks.o
 .bss.hMFTaskCounterM1
                0x0000000020000786        0x2 ./Application/User/mc_tasks.o
 .bss.hStopPermanencyCounterM1
                0x0000000020000788        0x2 ./Application/User/mc_tasks.o
 *fill*         0x000000002000078a        0x2 
 .bss.pREMNG    0x000000002000078c        0x4 ./Application/User/mc_tasks.o
 .bss.pwmcHandle
                0x0000000020000790        0x4 ./Application/User/mc_tasks.o
 .bss.pMCI      0x0000000020000794        0x4 ./Application/User/motorcontrol.o
                0x0000000020000794                pMCI
 .bss.RCM_CB_array
                0x0000000020000798       0x20 ./Application/User/regular_conversion_manager.o
 .bss.RCM_UserConvHandle
                0x00000000200007b8        0x1 ./Application/User/regular_conversion_manager.o
 .bss.RCM_UserConvState
                0x00000000200007b9        0x1 ./Application/User/regular_conversion_manager.o
 .bss.RCM_UserConvValue
                0x00000000200007ba        0x2 ./Application/User/regular_conversion_manager.o
 .bss.RCM_handle_array
                0x00000000200007bc       0x10 ./Application/User/regular_conversion_manager.o
 .bss.uwTick    0x00000000200007cc        0x4 ./Drivers/STM32F3xx_HAL_Driver/stm32f3xx_hal.o
                0x00000000200007cc                uwTick
 .bss.rtInf     0x00000000200007d0        0x8 ./Drivers/Simulink/Torque_Controller.o
                0x00000000200007d0                rtInf
 .bss.rtInfF    0x00000000200007d8        0x4 ./Drivers/Simulink/Torque_Controller.o
                0x00000000200007d8                rtInfF
 *fill*         0x00000000200007dc        0x4 
 .bss.rtMinusInf
                0x00000000200007e0        0x8 ./Drivers/Simulink/Torque_Controller.o
                0x00000000200007e0                rtMinusInf
 .bss.rtMinusInfF
                0x00000000200007e8        0x4 ./Drivers/Simulink/Torque_Controller.o
                0x00000000200007e8                rtMinusInfF
 *fill*         0x00000000200007ec        0x4 
 .bss.rtNaN     0x00000000200007f0        0x8 ./Drivers/Simulink/Torque_Controller.o
                0x00000000200007f0                rtNaN
 .bss.rtNaNF    0x00000000200007f8        0x4 ./Drivers/Simulink/Torque_Controller.o
                0x00000000200007f8                rtNaNF
 *fill*         0x00000000200007fc        0x4 
 .bss.rtU       0x0000000020000800       0x20 ./Drivers/Simulink/Torque_Controller.o
                0x0000000020000800                rtU
 .bss.rtY       0x0000000020000820       0x10 ./Drivers/Simulink/Torque_Controller.o
                0x0000000020000820                rtY
 *(COMMON)
                0x0000000020000830                . = ALIGN (0x4)
                0x0000000020000830                _ebss = .
                0x0000000020000830                __bss_end__ = _ebss

._user_heap_stack
                0x0000000020000830      0x600 load address 0x00000000080080a0
                0x0000000020000830                . = ALIGN (0x8)
                [!provide]                        PROVIDE (end = .)
                0x0000000020000830                PROVIDE (_end = .)
                0x0000000020000a30                . = (. + _Min_Heap_Size)
 *fill*         0x0000000020000830      0x200 
                0x0000000020000e30                . = (. + _Min_Stack_Size)
 *fill*         0x0000000020000a30      0x400 
                0x0000000020000e30                . = ALIGN (0x8)

/DISCARD/
 libc.a(*)
 libm.a(*)
 libgcc.a(*)

.ARM.attributes
                0x0000000000000000       0x30
 *(.ARM.attributes)
 .ARM.attributes
                0x0000000000000000       0x1e c:/st/stm32cubeide_1.12.1/stm32cubeide/plugins/com.st.stm32cube.ide.mcu.externaltools.gnu-tools-for-stm32.10.3-2021.10.win32_1.0.200.202301161003/tools/bin/../lib/gcc/arm-none-eabi/10.3.1/thumb/v7e-m+fp/hard/crti.o
 .ARM.attributes
                0x000000000000001e       0x34 c:/st/stm32cubeide_1.12.1/stm32cubeide/plugins/com.st.stm32cube.ide.mcu.externaltools.gnu-tools-for-stm32.10.3-2021.10.win32_1.0.200.202301161003/tools/bin/../lib/gcc/arm-none-eabi/10.3.1/thumb/v7e-m+fp/hard/crtbegin.o
 .ARM.attributes
                0x0000000000000052       0x21 ./Application/Startup/startup_stm32f302r8tx.o
 .ARM.attributes
                0x0000000000000073       0x30 ./Application/User/main.o
 .ARM.attributes
                0x00000000000000a3       0x30 ./Application/User/mc_api.o
 .ARM.attributes
                0x00000000000000d3       0x30 ./Application/User/mc_app_hooks.o
 .ARM.attributes
                0x0000000000000103       0x30 ./Application/User/mc_config.o
 .ARM.attributes
                0x0000000000000133       0x30 ./Application/User/mc_interface.o
 .ARM.attributes
                0x0000000000000163       0x30 ./Application/User/mc_math.o
 .ARM.attributes
                0x0000000000000193       0x30 ./Application/User/mc_parameters.o
 .ARM.attributes
                0x00000000000001c3       0x30 ./Application/User/mc_tasks.o
 .ARM.attributes
                0x00000000000001f3       0x30 ./Application/User/motorcontrol.o
 .ARM.attributes
                0x0000000000000223       0x30 ./Application/User/pwm_curr_fdbk.o
 .ARM.attributes
                0x0000000000000253       0x30 ./Application/User/regular_conversion_manager.o
 .ARM.attributes
                0x0000000000000283       0x30 ./Application/User/stm32f30x_mc_it.o
 .ARM.attributes
                0x00000000000002b3       0x30 ./Application/User/stm32f3xx_hal_msp.o
 .ARM.attributes
                0x00000000000002e3       0x30 ./Drivers/CMSIS/system_stm32f3xx.o
 .ARM.attributes
                0x0000000000000313       0x30 ./Drivers/STM32F3xx_HAL_Driver/stm32f3xx_hal.o
 .ARM.attributes
                0x0000000000000343       0x30 ./Drivers/STM32F3xx_HAL_Driver/stm32f3xx_hal_adc_ex.o
 .ARM.attributes
                0x0000000000000373       0x30 ./Drivers/STM32F3xx_HAL_Driver/stm32f3xx_hal_cortex.o
 .ARM.attributes
                0x00000000000003a3       0x30 ./Drivers/STM32F3xx_HAL_Driver/stm32f3xx_hal_gpio.o
 .ARM.attributes
                0x00000000000003d3       0x30 ./Drivers/STM32F3xx_HAL_Driver/stm32f3xx_hal_i2c.o
 .ARM.attributes
                0x0000000000000403       0x30 ./Drivers/STM32F3xx_HAL_Driver/stm32f3xx_hal_i2c_ex.o
 .ARM.attributes
                0x0000000000000433       0x30 ./Drivers/STM32F3xx_HAL_Driver/stm32f3xx_hal_rcc.o
 .ARM.attributes
                0x0000000000000463       0x30 ./Drivers/STM32F3xx_HAL_Driver/stm32f3xx_hal_rcc_ex.o
 .ARM.attributes
                0x0000000000000493       0x30 ./Drivers/STM32F3xx_HAL_Driver/stm32f3xx_hal_tim.o
 .ARM.attributes
                0x00000000000004c3       0x30 ./Drivers/STM32F3xx_HAL_Driver/stm32f3xx_hal_tim_ex.o
 .ARM.attributes
                0x00000000000004f3       0x30 ./Drivers/STM32F3xx_HAL_Driver/stm32f3xx_hal_uart.o
 .ARM.attributes
                0x0000000000000523       0x30 ./Drivers/Simulink/Torque_Controller.o
 .ARM.attributes
                0x0000000000000553       0x30 ./Middlewares/MotorControl/bus_voltage_sensor.o
 .ARM.attributes
                0x0000000000000583       0x30 ./Middlewares/MotorControl/circle_limitation.o
 .ARM.attributes
                0x00000000000005b3       0x30 ./Middlewares/MotorControl/ntc_temperature_sensor.o
 .ARM.attributes
                0x00000000000005e3       0x30 ./Middlewares/MotorControl/pid_regulator.o
 .ARM.attributes
                0x0000000000000613       0x30 ./Middlewares/MotorControl/pqd_motor_power_measurement.o
 .ARM.attributes
                0x0000000000000643       0x30 ./Middlewares/MotorControl/pwm_common.o
 .ARM.attributes
                0x0000000000000673       0x30 ./Middlewares/MotorControl/r3_1_f30x_pwm_curr_fdbk.o
 .ARM.attributes
                0x00000000000006a3       0x30 ./Middlewares/MotorControl/r_divider_bus_voltage_sensor.o
 .ARM.attributes
                0x00000000000006d3       0x30 ./Middlewares/MotorControl/ramp_ext_mngr.o
 .ARM.attributes
                0x0000000000000703       0x30 ./Middlewares/MotorControl/revup_ctrl.o
 .ARM.attributes
                0x0000000000000733       0x30 ./Middlewares/MotorControl/speed_pos_fdbk.o
 .ARM.attributes
                0x0000000000000763       0x30 ./Middlewares/MotorControl/speed_torq_ctrl.o
 .ARM.attributes
                0x0000000000000793       0x30 ./Middlewares/MotorControl/sto_pll_speed_pos_fdbk.o
 .ARM.attributes
                0x00000000000007c3       0x30 ./Middlewares/MotorControl/virtual_speed_sensor.o
 .ARM.attributes
                0x00000000000007f3       0x34 c:/st/stm32cubeide_1.12.1/stm32cubeide/plugins/com.st.stm32cube.ide.mcu.externaltools.gnu-tools-for-stm32.10.3-2021.10.win32_1.0.200.202301161003/tools/bin/../lib/gcc/arm-none-eabi/10.3.1/../../../../arm-none-eabi/lib/thumb/v7e-m+fp/hard\libc_nano.a(lib_a-init.o)
 .ARM.attributes
                0x0000000000000827       0x34 c:/st/stm32cubeide_1.12.1/stm32cubeide/plugins/com.st.stm32cube.ide.mcu.externaltools.gnu-tools-for-stm32.10.3-2021.10.win32_1.0.200.202301161003/tools/bin/../lib/gcc/arm-none-eabi/10.3.1/../../../../arm-none-eabi/lib/thumb/v7e-m+fp/hard\libc_nano.a(lib_a-memset.o)
 .ARM.attributes
                0x000000000000085b       0x1e c:/st/stm32cubeide_1.12.1/stm32cubeide/plugins/com.st.stm32cube.ide.mcu.externaltools.gnu-tools-for-stm32.10.3-2021.10.win32_1.0.200.202301161003/tools/bin/../lib/gcc/arm-none-eabi/10.3.1/thumb/v7e-m+fp/hard\libgcc.a(_arm_muldf3.o)
 .ARM.attributes
                0x0000000000000879       0x1e c:/st/stm32cubeide_1.12.1/stm32cubeide/plugins/com.st.stm32cube.ide.mcu.externaltools.gnu-tools-for-stm32.10.3-2021.10.win32_1.0.200.202301161003/tools/bin/../lib/gcc/arm-none-eabi/10.3.1/thumb/v7e-m+fp/hard\libgcc.a(_arm_addsubdf3.o)
 .ARM.attributes
                0x0000000000000897       0x1e c:/st/stm32cubeide_1.12.1/stm32cubeide/plugins/com.st.stm32cube.ide.mcu.externaltools.gnu-tools-for-stm32.10.3-2021.10.win32_1.0.200.202301161003/tools/bin/../lib/gcc/arm-none-eabi/10.3.1/thumb/v7e-m+fp/hard\libgcc.a(_arm_cmpdf2.o)
 .ARM.attributes
                0x00000000000008b5       0x1e c:/st/stm32cubeide_1.12.1/stm32cubeide/plugins/com.st.stm32cube.ide.mcu.externaltools.gnu-tools-for-stm32.10.3-2021.10.win32_1.0.200.202301161003/tools/bin/../lib/gcc/arm-none-eabi/10.3.1/thumb/v7e-m+fp/hard\libgcc.a(_arm_truncdfsf2.o)
 .ARM.attributes
                0x00000000000008d3       0x1e c:/st/stm32cubeide_1.12.1/stm32cubeide/plugins/com.st.stm32cube.ide.mcu.externaltools.gnu-tools-for-stm32.10.3-2021.10.win32_1.0.200.202301161003/tools/bin/../lib/gcc/arm-none-eabi/10.3.1/thumb/v7e-m+fp/hard/crtn.o
OUTPUT(Torque_Control.elf elf32-littlearm)
LOAD linker stubs
LOAD c:/st/stm32cubeide_1.12.1/stm32cubeide/plugins/com.st.stm32cube.ide.mcu.externaltools.gnu-tools-for-stm32.10.3-2021.10.win32_1.0.200.202301161003/tools/bin/../lib/gcc/arm-none-eabi/10.3.1/../../../../arm-none-eabi/lib/thumb/v7e-m+fp/hard\libc.a
LOAD c:/st/stm32cubeide_1.12.1/stm32cubeide/plugins/com.st.stm32cube.ide.mcu.externaltools.gnu-tools-for-stm32.10.3-2021.10.win32_1.0.200.202301161003/tools/bin/../lib/gcc/arm-none-eabi/10.3.1/../../../../arm-none-eabi/lib/thumb/v7e-m+fp/hard\libm.a
LOAD c:/st/stm32cubeide_1.12.1/stm32cubeide/plugins/com.st.stm32cube.ide.mcu.externaltools.gnu-tools-for-stm32.10.3-2021.10.win32_1.0.200.202301161003/tools/bin/../lib/gcc/arm-none-eabi/10.3.1/thumb/v7e-m+fp/hard\libgcc.a

.comment        0x0000000000000000       0x50
 .comment       0x0000000000000000       0x50 ./Application/User/main.o
                                         0x51 (size before relaxing)
 .comment       0x0000000000000050       0x51 ./Application/User/mc_api.o
 .comment       0x0000000000000050       0x51 ./Application/User/mc_app_hooks.o
 .comment       0x0000000000000050       0x51 ./Application/User/mc_config.o
 .comment       0x0000000000000050       0x51 ./Application/User/mc_interface.o
 .comment       0x0000000000000050       0x51 ./Application/User/mc_math.o
 .comment       0x0000000000000050       0x51 ./Application/User/mc_parameters.o
 .comment       0x0000000000000050       0x51 ./Application/User/mc_tasks.o
 .comment       0x0000000000000050       0x51 ./Application/User/motorcontrol.o
 .comment       0x0000000000000050       0x51 ./Application/User/pwm_curr_fdbk.o
 .comment       0x0000000000000050       0x51 ./Application/User/regular_conversion_manager.o
 .comment       0x0000000000000050       0x51 ./Application/User/stm32f30x_mc_it.o
 .comment       0x0000000000000050       0x51 ./Application/User/stm32f3xx_hal_msp.o
 .comment       0x0000000000000050       0x51 ./Drivers/CMSIS/system_stm32f3xx.o
 .comment       0x0000000000000050       0x51 ./Drivers/STM32F3xx_HAL_Driver/stm32f3xx_hal.o
 .comment       0x0000000000000050       0x51 ./Drivers/STM32F3xx_HAL_Driver/stm32f3xx_hal_adc_ex.o
 .comment       0x0000000000000050       0x51 ./Drivers/STM32F3xx_HAL_Driver/stm32f3xx_hal_cortex.o
 .comment       0x0000000000000050       0x51 ./Drivers/STM32F3xx_HAL_Driver/stm32f3xx_hal_gpio.o
 .comment       0x0000000000000050       0x51 ./Drivers/STM32F3xx_HAL_Driver/stm32f3xx_hal_i2c.o
 .comment       0x0000000000000050       0x51 ./Drivers/STM32F3xx_HAL_Driver/stm32f3xx_hal_i2c_ex.o
 .comment       0x0000000000000050       0x51 ./Drivers/STM32F3xx_HAL_Driver/stm32f3xx_hal_rcc.o
 .comment       0x0000000000000050       0x51 ./Drivers/STM32F3xx_HAL_Driver/stm32f3xx_hal_rcc_ex.o
 .comment       0x0000000000000050       0x51 ./Drivers/STM32F3xx_HAL_Driver/stm32f3xx_hal_tim.o
 .comment       0x0000000000000050       0x51 ./Drivers/STM32F3xx_HAL_Driver/stm32f3xx_hal_tim_ex.o
 .comment       0x0000000000000050       0x51 ./Drivers/STM32F3xx_HAL_Driver/stm32f3xx_hal_uart.o
 .comment       0x0000000000000050       0x51 ./Drivers/Simulink/Torque_Controller.o
 .comment       0x0000000000000050       0x51 ./Middlewares/MotorControl/bus_voltage_sensor.o
 .comment       0x0000000000000050       0x51 ./Middlewares/MotorControl/circle_limitation.o
 .comment       0x0000000000000050       0x51 ./Middlewares/MotorControl/ntc_temperature_sensor.o
 .comment       0x0000000000000050       0x51 ./Middlewares/MotorControl/pid_regulator.o
 .comment       0x0000000000000050       0x51 ./Middlewares/MotorControl/pqd_motor_power_measurement.o
 .comment       0x0000000000000050       0x51 ./Middlewares/MotorControl/pwm_common.o
 .comment       0x0000000000000050       0x51 ./Middlewares/MotorControl/r3_1_f30x_pwm_curr_fdbk.o
 .comment       0x0000000000000050       0x51 ./Middlewares/MotorControl/r_divider_bus_voltage_sensor.o
 .comment       0x0000000000000050       0x51 ./Middlewares/MotorControl/ramp_ext_mngr.o
 .comment       0x0000000000000050       0x51 ./Middlewares/MotorControl/revup_ctrl.o
 .comment       0x0000000000000050       0x51 ./Middlewares/MotorControl/speed_pos_fdbk.o
 .comment       0x0000000000000050       0x51 ./Middlewares/MotorControl/speed_torq_ctrl.o
 .comment       0x0000000000000050       0x51 ./Middlewares/MotorControl/sto_pll_speed_pos_fdbk.o
 .comment       0x0000000000000050       0x51 ./Middlewares/MotorControl/virtual_speed_sensor.o

.debug_frame    0x0000000000000000      0x210
 .debug_frame   0x0000000000000000       0x2c c:/st/stm32cubeide_1.12.1/stm32cubeide/plugins/com.st.stm32cube.ide.mcu.externaltools.gnu-tools-for-stm32.10.3-2021.10.win32_1.0.200.202301161003/tools/bin/../lib/gcc/arm-none-eabi/10.3.1/../../../../arm-none-eabi/lib/thumb/v7e-m+fp/hard\libc_nano.a(lib_a-init.o)
 .debug_frame   0x000000000000002c       0x20 c:/st/stm32cubeide_1.12.1/stm32cubeide/plugins/com.st.stm32cube.ide.mcu.externaltools.gnu-tools-for-stm32.10.3-2021.10.win32_1.0.200.202301161003/tools/bin/../lib/gcc/arm-none-eabi/10.3.1/../../../../arm-none-eabi/lib/thumb/v7e-m+fp/hard\libc_nano.a(lib_a-memset.o)
 .debug_frame   0x000000000000004c       0x30 c:/st/stm32cubeide_1.12.1/stm32cubeide/plugins/com.st.stm32cube.ide.mcu.externaltools.gnu-tools-for-stm32.10.3-2021.10.win32_1.0.200.202301161003/tools/bin/../lib/gcc/arm-none-eabi/10.3.1/thumb/v7e-m+fp/hard\libgcc.a(_arm_muldf3.o)
 .debug_frame   0x000000000000007c       0xac c:/st/stm32cubeide_1.12.1/stm32cubeide/plugins/com.st.stm32cube.ide.mcu.externaltools.gnu-tools-for-stm32.10.3-2021.10.win32_1.0.200.202301161003/tools/bin/../lib/gcc/arm-none-eabi/10.3.1/thumb/v7e-m+fp/hard\libgcc.a(_arm_addsubdf3.o)
 .debug_frame   0x0000000000000128       0xc4 c:/st/stm32cubeide_1.12.1/stm32cubeide/plugins/com.st.stm32cube.ide.mcu.externaltools.gnu-tools-for-stm32.10.3-2021.10.win32_1.0.200.202301161003/tools/bin/../lib/gcc/arm-none-eabi/10.3.1/thumb/v7e-m+fp/hard\libgcc.a(_arm_cmpdf2.o)
 .debug_frame   0x00000000000001ec       0x24 c:/st/stm32cubeide_1.12.1/stm32cubeide/plugins/com.st.stm32cube.ide.mcu.externaltools.gnu-tools-for-stm32.10.3-2021.10.win32_1.0.200.202301161003/tools/bin/../lib/gcc/arm-none-eabi/10.3.1/thumb/v7e-m+fp/hard\libgcc.a(_arm_truncdfsf2.o)
