C:/Users/louib/.st_workbench/projects/Torque_Control/Src/mc_tasks.c:596:13:FOC_Clear	16	static
C:/Users/louib/.st_workbench/projects/Torque_Control/Src/mc_tasks.c:104:13:MCboot	56	static
C:/Users/louib/.st_workbench/projects/Torque_Control/Src/mc_tasks.c:635:13:FOC_InitAdditionalMethods	0	static
C:/Users/louib/.st_workbench/projects/Torque_Control/Src/mc_tasks.c:659:13:FOC_CalcCurrRef	8	static
C:/Users/louib/.st_workbench/projects/Torque_Control/Src/mc_tasks.c:686:13:TSK_SetChargeBootCapDelayM1	0	static
C:/Users/louib/.st_workbench/projects/Torque_Control/Src/mc_tasks.c:697:13:TSK_ChargeBootCapDelayHasElapsedM1	0	static
C:/Users/louib/.st_workbench/projects/Torque_Control/Src/mc_tasks.c:713:13:TSK_SetStopPermanencyTimeM1	0	static
C:/Users/louib/.st_workbench/projects/Torque_Control/Src/mc_tasks.c:238:6:TSK_MF_StopProcessing	8	static
C:/Users/louib/.st_workbench/projects/Torque_Control/Src/mc_tasks.c:724:13:TSK_StopPermanencyTimeHasElapsedM1	0	static
C:/Users/louib/.st_workbench/projects/Torque_Control/Src/mc_tasks.c:304:13:TSK_MediumFrequencyTaskM1	24	static
C:/Users/louib/.st_workbench/projects/Torque_Control/Src/mc_tasks.c:254:13:MC_Scheduler	16	static
C:/Users/louib/.st_workbench/projects/Torque_Control/Src/mc_tasks.c:750:16:TSK_HighFrequencyTask	64	static
C:/Users/louib/.st_workbench/projects/Torque_Control/Src/mc_tasks.c:883:13:TSK_SafetyTask_PWMOFF	24	static
C:/Users/louib/.st_workbench/projects/Torque_Control/Src/mc_tasks.c:861:13:TSK_SafetyTask	8	static
C:/Users/louib/.st_workbench/projects/Torque_Control/Src/mc_tasks.c:216:13:MC_RunMotorControlTasks	8	static
C:/Users/louib/.st_workbench/projects/Torque_Control/Src/mc_tasks.c:928:23:GetMCI	0	static
C:/Users/louib/.st_workbench/projects/Torque_Control/Src/mc_tasks.c:944:13:TSK_HardwareFaultTask	8	static
C:/Users/louib/.st_workbench/projects/Torque_Control/Src/mc_tasks.c:960:13:mc_lock_pins	56	static
