C:/Users/louib/.st_workbench/projects/Torque_Control/Src/stm32f3xx_hal_msp.c:65:6:HAL_MspInit	8	static
C:/Users/louib/.st_workbench/projects/Torque_Control/Src/stm32f3xx_hal_msp.c:89:6:HAL_ADC_MspInit	48	static
C:/Users/louib/.st_workbench/projects/Torque_Control/Src/stm32f3xx_hal_msp.c:132:6:HAL_ADC_MspDeInit	8	static
C:/Users/louib/.st_workbench/projects/Torque_Control/Src/stm32f3xx_hal_msp.c:168:6:HAL_I2C_MspInit	40	static
C:/Users/louib/.st_workbench/projects/Torque_Control/Src/stm32f3xx_hal_msp.c:208:6:HAL_I2C_MspDeInit	8	static
C:/Users/louib/.st_workbench/projects/Torque_Control/Src/stm32f3xx_hal_msp.c:239:6:HAL_TIM_Base_MspInit	40	static
C:/Users/louib/.st_workbench/projects/Torque_Control/Src/stm32f3xx_hal_msp.c:268:6:HAL_TIM_MspPostInit	40	static
C:/Users/louib/.st_workbench/projects/Torque_Control/Src/stm32f3xx_hal_msp.c:302:6:HAL_TIM_Base_MspDeInit	8	static
C:/Users/louib/.st_workbench/projects/Torque_Control/Src/stm32f3xx_hal_msp.c:336:6:HAL_UART_MspInit	56	static
C:/Users/louib/.st_workbench/projects/Torque_Control/Src/stm32f3xx_hal_msp.c:420:6:HAL_UART_MspDeInit	0	static
