Archive member included to satisfy reference by file (symbol)

c:/st/stm32cubeide_1.12.1/stm32cubeide/plugins/com.st.stm32cube.ide.mcu.externaltools.gnu-tools-for-stm32.10.3-2021.10.win32_1.0.200.202301161003/tools/bin/../lib/gcc/arm-none-eabi/10.3.1/../../../../arm-none-eabi/lib/thumb/v7e-m+fp/hard\libc_nano.a(lib_a-errno.o)
                              ./Application/User/syscalls.o (__errno)
c:/st/stm32cubeide_1.12.1/stm32cubeide/plugins/com.st.stm32cube.ide.mcu.externaltools.gnu-tools-for-stm32.10.3-2021.10.win32_1.0.200.202301161003/tools/bin/../lib/gcc/arm-none-eabi/10.3.1/../../../../arm-none-eabi/lib/thumb/v7e-m+fp/hard\libc_nano.a(lib_a-exit.o)
                              c:/st/stm32cubeide_1.12.1/stm32cubeide/plugins/com.st.stm32cube.ide.mcu.externaltools.gnu-tools-for-stm32.10.3-2021.10.win32_1.0.200.202301161003/tools/bin/../lib/gcc/arm-none-eabi/10.3.1/../../../../arm-none-eabi/lib/thumb/v7e-m+fp/hard/crt0.o (exit)
c:/st/stm32cubeide_1.12.1/stm32cubeide/plugins/com.st.stm32cube.ide.mcu.externaltools.gnu-tools-for-stm32.10.3-2021.10.win32_1.0.200.202301161003/tools/bin/../lib/gcc/arm-none-eabi/10.3.1/../../../../arm-none-eabi/lib/thumb/v7e-m+fp/hard\libc_nano.a(lib_a-impure.o)
                              c:/st/stm32cubeide_1.12.1/stm32cubeide/plugins/com.st.stm32cube.ide.mcu.externaltools.gnu-tools-for-stm32.10.3-2021.10.win32_1.0.200.202301161003/tools/bin/../lib/gcc/arm-none-eabi/10.3.1/../../../../arm-none-eabi/lib/thumb/v7e-m+fp/hard\libc_nano.a(lib_a-exit.o) (_global_impure_ptr)
c:/st/stm32cubeide_1.12.1/stm32cubeide/plugins/com.st.stm32cube.ide.mcu.externaltools.gnu-tools-for-stm32.10.3-2021.10.win32_1.0.200.202301161003/tools/bin/../lib/gcc/arm-none-eabi/10.3.1/../../../../arm-none-eabi/lib/thumb/v7e-m+fp/hard\libc_nano.a(lib_a-init.o)
                              c:/st/stm32cubeide_1.12.1/stm32cubeide/plugins/com.st.stm32cube.ide.mcu.externaltools.gnu-tools-for-stm32.10.3-2021.10.win32_1.0.200.202301161003/tools/bin/../lib/gcc/arm-none-eabi/10.3.1/../../../../arm-none-eabi/lib/thumb/v7e-m+fp/hard/crt0.o (__libc_init_array)
c:/st/stm32cubeide_1.12.1/stm32cubeide/plugins/com.st.stm32cube.ide.mcu.externaltools.gnu-tools-for-stm32.10.3-2021.10.win32_1.0.200.202301161003/tools/bin/../lib/gcc/arm-none-eabi/10.3.1/../../../../arm-none-eabi/lib/thumb/v7e-m+fp/hard\libc_nano.a(lib_a-memset.o)
                              c:/st/stm32cubeide_1.12.1/stm32cubeide/plugins/com.st.stm32cube.ide.mcu.externaltools.gnu-tools-for-stm32.10.3-2021.10.win32_1.0.200.202301161003/tools/bin/../lib/gcc/arm-none-eabi/10.3.1/../../../../arm-none-eabi/lib/thumb/v7e-m+fp/hard/crt0.o (memset)
c:/st/stm32cubeide_1.12.1/stm32cubeide/plugins/com.st.stm32cube.ide.mcu.externaltools.gnu-tools-for-stm32.10.3-2021.10.win32_1.0.200.202301161003/tools/bin/../lib/gcc/arm-none-eabi/10.3.1/thumb/v7e-m+fp/hard\libgcc.a(_arm_muldf3.o)
                              ./Application/User/mc_interface.o (__aeabi_dmul)
c:/st/stm32cubeide_1.12.1/stm32cubeide/plugins/com.st.stm32cube.ide.mcu.externaltools.gnu-tools-for-stm32.10.3-2021.10.win32_1.0.200.202301161003/tools/bin/../lib/gcc/arm-none-eabi/10.3.1/thumb/v7e-m+fp/hard\libgcc.a(_arm_addsubdf3.o)
                              ./Drivers/Simulink/Torque_Controller.o (__aeabi_dsub)
c:/st/stm32cubeide_1.12.1/stm32cubeide/plugins/com.st.stm32cube.ide.mcu.externaltools.gnu-tools-for-stm32.10.3-2021.10.win32_1.0.200.202301161003/tools/bin/../lib/gcc/arm-none-eabi/10.3.1/thumb/v7e-m+fp/hard\libgcc.a(_arm_cmpdf2.o)
                              ./Drivers/Simulink/Torque_Controller.o (__aeabi_dcmplt)
c:/st/stm32cubeide_1.12.1/stm32cubeide/plugins/com.st.stm32cube.ide.mcu.externaltools.gnu-tools-for-stm32.10.3-2021.10.win32_1.0.200.202301161003/tools/bin/../lib/gcc/arm-none-eabi/10.3.1/thumb/v7e-m+fp/hard\libgcc.a(_arm_truncdfsf2.o)
                              ./Application/User/main.o (__aeabi_d2f)

Discarded input sections

 .text          0x0000000000000000        0x0 c:/st/stm32cubeide_1.12.1/stm32cubeide/plugins/com.st.stm32cube.ide.mcu.externaltools.gnu-tools-for-stm32.10.3-2021.10.win32_1.0.200.202301161003/tools/bin/../lib/gcc/arm-none-eabi/10.3.1/thumb/v7e-m+fp/hard/crti.o
 .data          0x0000000000000000        0x0 c:/st/stm32cubeide_1.12.1/stm32cubeide/plugins/com.st.stm32cube.ide.mcu.externaltools.gnu-tools-for-stm32.10.3-2021.10.win32_1.0.200.202301161003/tools/bin/../lib/gcc/arm-none-eabi/10.3.1/thumb/v7e-m+fp/hard/crti.o
 .bss           0x0000000000000000        0x0 c:/st/stm32cubeide_1.12.1/stm32cubeide/plugins/com.st.stm32cube.ide.mcu.externaltools.gnu-tools-for-stm32.10.3-2021.10.win32_1.0.200.202301161003/tools/bin/../lib/gcc/arm-none-eabi/10.3.1/thumb/v7e-m+fp/hard/crti.o
 .data          0x0000000000000000        0x4 c:/st/stm32cubeide_1.12.1/stm32cubeide/plugins/com.st.stm32cube.ide.mcu.externaltools.gnu-tools-for-stm32.10.3-2021.10.win32_1.0.200.202301161003/tools/bin/../lib/gcc/arm-none-eabi/10.3.1/thumb/v7e-m+fp/hard/crtbegin.o
[...]
Memory Configuration

Name             Origin             Length             Attributes
RAM              0x0000000020000000 0x0000000000004000 xrw
FLASH            0x0000000008000000 0x0000000000010000 xr
*default*        0x0000000000000000 0xffffffffffffffff

Linker script and memory map

LOAD c:/st/stm32cubeide_1.12.1/stm32cubeide/plugins/com.st.stm32cube.ide.mcu.externaltools.gnu-tools-for-stm32.10.3-2021.10.win32_1.0.200.202301161003/tools/bin/../lib/gcc/arm-none-eabi/10.3.1/thumb/v7e-m+fp/hard/crti.o
LOAD c:/st/stm32cubeide_1.12.1/stm32cubeide/plugins/com.st.stm32cube.ide.mcu.externaltools.gnu-tools-for-stm32.10.3-2021.10.win32_1.0.200.202301161003/tools/bin/../lib/gcc/arm-none-eabi/10.3.1/thumb/v7e-m+fp/hard/crtbegin.o
LOAD c:/st/stm32cubeide_1.12.1/stm32cubeide/plugins/com.st.stm32cube.ide.mcu.externaltools.gnu-tools-for-stm32.10.3-2021.10.win32_1.0.200.202301161003/tools/bin/../lib/gcc/arm-none-eabi/10.3.1/../../../../arm-none-eabi/lib/thumb/v7e-m+fp/hard/crt0.o
LOAD ./Application/Startup/startup_stm32f302r8tx.o
LOAD ./Application/User/main.o
LOAD ./Application/User/mc_api.o
LOAD ./Application/User/mc_app_hooks.o
LOAD ./Application/User/mc_config.o
LOAD ./Application/User/mc_configuration_registers.o
LOAD ./Application/User/mc_interface.o
LOAD ./Application/User/mc_math.o
LOAD ./Application/User/mc_parameters.o
LOAD ./Application/User/mc_perf.o
LOAD ./Application/User/mc_tasks.o
LOAD ./Application/User/motorcontrol.o
LOAD ./Application/User/pwm_curr_fdbk.o
LOAD ./Application/User/register_interface.o
LOAD ./Application/User/regular_conversion_manager.o
LOAD ./Application/User/stm32f30x_mc_it.o
LOAD ./Application/User/stm32f3xx_hal_msp.o
LOAD ./Application/User/stm32f3xx_it.o
LOAD ./Application/User/syscalls.o
LOAD ./Application/User/sysmem.o
LOAD ./Drivers/CMSIS/system_stm32f3xx.o
LOAD ./Drivers/STM32F3xx_HAL_Driver/stm32f3xx_hal.o
LOAD ./Drivers/STM32F3xx_HAL_Driver/stm32f3xx_hal_adc.o
LOAD ./Drivers/STM32F3xx_HAL_Driver/stm32f3xx_hal_adc_ex.o
LOAD ./Drivers/STM32F3xx_HAL_Driver/stm32f3xx_hal_cortex.o
LOAD ./Drivers/STM32F3xx_HAL_Driver/stm32f3xx_hal_dma.o
LOAD ./Drivers/STM32F3xx_HAL_Driver/stm32f3xx_hal_exti.o
LOAD ./Drivers/STM32F3xx_HAL_Driver/stm32f3xx_hal_flash.o
LOAD ./Drivers/STM32F3xx_HAL_Driver/stm32f3xx_hal_flash_ex.o
LOAD ./Drivers/STM32F3xx_HAL_Driver/stm32f3xx_hal_gpio.o
LOAD ./Drivers/STM32F3xx_HAL_Driver/stm32f3xx_hal_i2c.o
LOAD ./Drivers/STM32F3xx_HAL_Driver/stm32f3xx_hal_i2c_ex.o
LOAD ./Drivers/STM32F3xx_HAL_Driver/stm32f3xx_hal_pwr.o
LOAD ./Drivers/STM32F3xx_HAL_Driver/stm32f3xx_hal_pwr_ex.o
LOAD ./Drivers/STM32F3xx_HAL_Driver/stm32f3xx_hal_rcc.o
LOAD ./Drivers/STM32F3xx_HAL_Driver/stm32f3xx_hal_rcc_ex.o
LOAD ./Drivers/STM32F3xx_HAL_Driver/stm32f3xx_hal_tim.o
LOAD ./Drivers/STM32F3xx_HAL_Driver/stm32f3xx_hal_tim_ex.o
LOAD ./Drivers/STM32F3xx_HAL_Driver/stm32f3xx_hal_uart.o
LOAD ./Drivers/STM32F3xx_HAL_Driver/stm32f3xx_hal_uart_ex.o
LOAD ./Drivers/Simulink/Torque_Controller.o
LOAD ./Middlewares/MotorControl/bus_voltage_sensor.o
LOAD ./Middlewares/MotorControl/circle_limitation.o
LOAD ./Middlewares/MotorControl/digital_output.o
LOAD ./Middlewares/MotorControl/ntc_temperature_sensor.o
LOAD ./Middlewares/MotorControl/open_loop.o
LOAD ./Middlewares/MotorControl/pid_regulator.o
LOAD ./Middlewares/MotorControl/pqd_motor_power_measurement.o
LOAD ./Middlewares/MotorControl/pwm_common.o
LOAD ./Middlewares/MotorControl/r3_1_f30x_pwm_curr_fdbk.o
LOAD ./Middlewares/MotorControl/r_divider_bus_voltage_sensor.o
LOAD ./Middlewares/MotorControl/ramp_ext_mngr.o
LOAD ./Middlewares/MotorControl/revup_ctrl.o
LOAD ./Middlewares/MotorControl/speed_pos_fdbk.o
LOAD ./Middlewares/MotorControl/speed_torq_ctrl.o
LOAD ./Middlewares/MotorControl/sto_pll_speed_pos_fdbk.o
LOAD ./Middlewares/MotorControl/virtual_speed_sensor.o
START GROUP
LOAD c:/st/stm32cubeide_1.12.1/stm32cubeide/plugins/com.st.stm32cube.ide.mcu.externaltools.gnu-tools-for-stm32.10.3-2021.10.win32_1.0.200.202301161003/tools/bin/../lib/gcc/arm-none-eabi/10.3.1/../../../../arm-none-eabi/lib/thumb/v7e-m+fp/hard\libc_nano.a
LOAD c:/st/stm32cubeide_1.12.1/stm32cubeide/plugins/com.st.stm32cube.ide.mcu.externaltools.gnu-tools-for-stm32.10.3-2021.10.win32_1.0.200.202301161003/tools/bin/../lib/gcc/arm-none-eabi/10.3.1/../../../../arm-none-eabi/lib/thumb/v7e-m+fp/hard\libm.a
END GROUP
START GROUP
LOAD c:/st/stm32cubeide_1.12.1/stm32cubeide/plugins/com.st.stm32cube.ide.mcu.externaltools.gnu-tools-for-stm32.10.3-2021.10.win32_1.0.200.202301161003/tools/bin/../lib/gcc/arm-none-eabi/10.3.1/thumb/v7e-m+fp/hard\libgcc.a
LOAD c:/st/stm32cubeide_1.12.1/stm32cubeide/plugins/com.st.stm32cube.ide.mcu.externaltools.gnu-tools-for-stm32.10.3-2021.10.win32_1.0.200.202301161003/tools/bin/../lib/gcc/arm-none-eabi/10.3.1/../../../../arm-none-eabi/lib/thumb/v7e-m+fp/hard\libc_nano.a
END GROUP
START GROUP
LOAD c:/st/stm32cubeide_1.12.1/stm32cubeide/plugins/com.st.stm32cube.ide.mcu.externaltools.gnu-tools-for-stm32.10.3-2021.10.win32_1.0.200.202301161003/tools/bin/../lib/gcc/arm-none-eabi/10.3.1/thumb/v7e-m+fp/hard\libgcc.a
LOAD c:/st/stm32cubeide_1.12.1/stm32cubeide/plugins/com.st.stm32cube.ide.mcu.externaltools.gnu-tools-for-stm32.10.3-2021.10.win32_1.0.200.202301161003/tools/bin/../lib/gcc/arm-none-eabi/10.3.1/../../../../arm-none-eabi/lib/thumb/v7e-m+fp/hard\libc_nano.a
LOAD c:/st/stm32cubeide_1.12.1/stm32cubeide/plugins/com.st.stm32cube.ide.mcu.externaltools.gnu-tools-for-stm32.10.3-2021.10.win32_1.0.200.202301161003/tools/bin/../lib/gcc/arm-none-eabi/10.3.1/../../../../arm-none-eabi/lib/thumb/v7e-m+fp/hard\libnosys.a
END GROUP
START GROUP
LOAD c:/st/stm32cubeide_1.12.1/stm32cubeide/plugins/com.st.stm32cube.ide.mcu.externaltools.gnu-tools-for-stm32.10.3-2021.10.win32_1.0.200.202301161003/tools/bin/../lib/gcc/arm-none-eabi/10.3.1/thumb/v7e-m+fp/hard\libgcc.a
LOAD c:/st/stm32cubeide_1.12.1/stm32cubeide/plugins/com.st.stm32cube.ide.mcu.externaltools.gnu-tools-for-stm32.10.3-2021.10.win32_1.0.200.202301161003/tools/bin/../lib/gcc/arm-none-eabi/10.3.1/../../../../arm-none-eabi/lib/thumb/v7e-m+fp/hard\libc_nano.a
LOAD c:/st/stm32cubeide_1.12.1/stm32cubeide/plugins/com.st.stm32cube.ide.mcu.externaltools.gnu-tools-for-stm32.10.3-2021.10.win32_1.0.200.202301161003/tools/bin/../lib/gcc/arm-none-eabi/10.3.1/../../../../arm-none-eabi/lib/thumb/v7e-m+fp/hard\libnosys.a
END GROUP
LOAD c:/st/stm32cubeide_1.12.1/stm32cubeide/plugins/com.st.stm32cube.ide.mcu.externaltools.gnu-tools-for-stm32.10.3-2021.10.win32_1.0.200.202301161003/tools/bin/../lib/gcc/arm-none-eabi/10.3.1/thumb/v7e-m+fp/hard/crtend.o
LOAD c:/st/stm32cubeide_1.12.1/stm32cubeide/plugins/com.st.stm32cube.ide.mcu.externaltools.gnu-tools-for-stm32.10.3-2021.10.win32_1.0.200.202301161003/tools/bin/../lib/gcc/arm-none-eabi/10.3.1/thumb/v7e-m+fp/hard/crtn.o
                0x0000000020004000                _estack = (ORIGIN (RAM) + LENGTH (RAM))
                0x0000000000000200                _Min_Heap_Size = 0x200
                0x0000000000000400                _Min_Stack_Size = 0x400

.isr_vector     0x0000000008000000      0x188
                0x0000000008000000                . = ALIGN (0x4)
 *(.isr_vector)
 .isr_vector    0x0000000008000000      0x188 ./Application/Startup/startup_stm32f302r8tx.o
                0x0000000008000000                g_pfnVectors
                0x0000000008000188                . = ALIGN (0x4)

.text           0x0000000008000188     0x78b4
                0x0000000008000188                . = ALIGN (0x4)
 *(.text)
 .text          0x0000000008000188       0x40 c:/st/stm32cubeide_1.12.1/stm32cubeide/plugins/com.st.stm32cube.ide.mcu.externaltools.gnu-tools-for-stm32.10.3-2021.10.win32_1.0.200.202301161003/tools/bin/../lib/gcc/arm-none-eabi/10.3.1/thumb/v7e-m+fp/hard/crtbegin.o
 .text          0x00000000080001c8      0x254 c:/st/stm32cubeide_1.12.1/stm32cubeide/plugins/com.st.stm32cube.ide.mcu.externaltools.gnu-tools-for-stm32.10.3-2021.10.win32_1.0.200.202301161003/tools/bin/../lib/gcc/arm-none-eabi/10.3.1/thumb/v7e-m+fp/hard\libgcc.a(_arm_muldf3.o)
                0x00000000080001c8                __muldf3
                0x00000000080001c8                __aeabi_dmul
 .text          0x000000000800041c      0x378 c:/st/stm32cubeide_1.12.1/stm32cubeide/plugins/com.st.stm32cube.ide.mcu.externaltools.gnu-tools-for-stm32.10.3-2021.10.win32_1.0.200.202301161003/tools/bin/../lib/gcc/arm-none-eabi/10.3.1/thumb/v7e-m+fp/hard\libgcc.a(_arm_addsubdf3.o)
                0x000000000800041c                __aeabi_drsub
                0x0000000008000424                __aeabi_dsub
                0x0000000008000424                __subdf3
                0x0000000008000428                __aeabi_dadd
                0x0000000008000428                __adddf3
                0x00000000080006a0                __floatunsidf
                0x00000000080006a0                __aeabi_ui2d
                0x00000000080006c0                __floatsidf
                0x00000000080006c0                __aeabi_i2d
                0x00000000080006e4                __aeabi_f2d
                0x00000000080006e4                __extendsfdf2
                0x0000000008000728                __floatundidf
                0x0000000008000728                __aeabi_ul2d
                0x0000000008000738                __floatdidf
                0x0000000008000738                __aeabi_l2d
 .text          0x0000000008000794      0x110 c:/st/stm32cubeide_1.12.1/stm32cubeide/plugins/com.st.stm32cube.ide.mcu.externaltools.gnu-tools-for-stm32.10.3-2021.10.win32_1.0.200.202301161003/tools/bin/../lib/gcc/arm-none-eabi/10.3.1/thumb/v7e-m+fp/hard\libgcc.a(_arm_cmpdf2.o)
                0x0000000008000794                __gtdf2
                0x0000000008000794                __gedf2
                0x000000000800079c                __ltdf2
                0x000000000800079c                __ledf2
                0x00000000080007a4                __nedf2
                0x00000000080007a4                __eqdf2
                0x00000000080007a4                __cmpdf2
                0x0000000008000820                __aeabi_cdrcmple
                0x0000000008000830                __aeabi_cdcmpeq
                0x0000000008000830                __aeabi_cdcmple
                0x0000000008000840                __aeabi_dcmpeq
                0x0000000008000854                __aeabi_dcmplt
                0x0000000008000868                __aeabi_dcmple
                0x000000000800087c                __aeabi_dcmpge
                0x0000000008000890                __aeabi_dcmpgt
 .text          0x00000000080008a4       0xa0 c:/st/stm32cubeide_1.12.1/stm32cubeide/plugins/com.st.stm32cube.ide.mcu.externaltools.gnu-tools-for-stm32.10.3-2021.10.win32_1.0.200.202301161003/tools/bin/../lib/gcc/arm-none-eabi/10.3.1/thumb/v7e-m+fp/hard\libgcc.a(_arm_truncdfsf2.o)
                0x00000000080008a4                __truncdfsf2
                0x00000000080008a4                __aeabi_d2f
 *(.text*)
 .text.Reset_Handler
                0x0000000008000944       0x50 ./Application/Startup/startup_stm32f302r8tx.o
                0x0000000008000944                Reset_Handler
 .text.Default_Handler
                0x0000000008000994        0x2 ./Application/Startup/startup_stm32f302r8tx.o
                0x0000000008000994                RTC_Alarm_IRQHandler
                0x0000000008000994                DebugMon_Handler
                0x0000000008000994                TIM1_CC_IRQHandler
                0x0000000008000994                USB_HP_IRQHandler
                0x0000000008000994                PVD_IRQHandler
                0x0000000008000994                TAMP_STAMP_IRQHandler
                0x0000000008000994                PendSV_Handler
                0x0000000008000994                NMI_Handler
                0x0000000008000994                EXTI3_IRQHandler
                0x0000000008000994                I2C3_ER_IRQHandler
                0x0000000008000994                USB_HP_CAN_TX_IRQHandler
                0x0000000008000994                EXTI0_IRQHandler
                0x0000000008000994                I2C2_EV_IRQHandler
                0x0000000008000994                FPU_IRQHandler
                0x0000000008000994                UsageFault_Handler
                0x0000000008000994                CAN_SCE_IRQHandler
                0x0000000008000994                TIM6_DAC_IRQHandler
                0x0000000008000994                DMA1_Channel4_IRQHandler
                0x0000000008000994                USART3_IRQHandler
                0x0000000008000994                DMA1_Channel7_IRQHandler
                0x0000000008000994                CAN_RX1_IRQHandler
                0x0000000008000994                I2C1_EV_IRQHandler
                0x0000000008000994                DMA1_Channel6_IRQHandler
                0x0000000008000994                RCC_IRQHandler
                0x0000000008000994                DMA1_Channel1_IRQHandler
                0x0000000008000994                Default_Handler
                0x0000000008000994                USBWakeUp_RMP_IRQHandler
                0x0000000008000994                EXTI15_10_IRQHandler
                0x0000000008000994                COMP2_IRQHandler
                0x0000000008000994                I2C3_EV_IRQHandler
                0x0000000008000994                EXTI9_5_IRQHandler
                0x0000000008000994                RTC_WKUP_IRQHandler
                0x0000000008000994                SPI2_IRQHandler
                0x0000000008000994                USB_LP_CAN_RX0_IRQHandler
                0x0000000008000994                MemManage_Handler
                0x0000000008000994                SVC_Handler
                0x0000000008000994                DMA1_Channel5_IRQHandler
                0x0000000008000994                USB_LP_IRQHandler
                0x0000000008000994                EXTI4_IRQHandler
                0x0000000008000994                TIM1_TRG_COM_TIM17_IRQHandler
                0x0000000008000994                DMA1_Channel3_IRQHandler
                0x0000000008000994                WWDG_IRQHandler
                0x0000000008000994                TIM2_IRQHandler
                0x0000000008000994                EXTI1_IRQHandler
                0x0000000008000994                COMP4_6_IRQHandler
                0x0000000008000994                USART2_IRQHandler
                0x0000000008000994                I2C2_ER_IRQHandler
                0x0000000008000994                DMA1_Channel2_IRQHandler
                0x0000000008000994                FLASH_IRQHandler
                0x0000000008000994                BusFault_Handler
                0x0000000008000994                USART1_IRQHandler
                0x0000000008000994                SPI3_IRQHandler
                0x0000000008000994                I2C1_ER_IRQHandler
                0x0000000008000994                USBWakeUp_IRQHandler
                0x0000000008000994                EXTI2_TSC_IRQHandler
 *fill*         0x0000000008000996        0x2 
 .text.BNO055_Read.2.constprop.1
                0x0000000008000998       0x38 ./Application/User/main.o
 .text.SystemClock_Config
                0x00000000080009d0       0xa0 ./Application/User/main.o
                0x00000000080009d0                SystemClock_Config
 .text.startup.main
                0x0000000008000a70      0x86c ./Application/User/main.o
                0x0000000008000a70                main
 .text.MC_StartMotor1
                0x00000000080012dc        0xc ./Application/User/mc_api.o
                0x00000000080012dc                MC_StartMotor1
 .text.MC_ProgramTorqueRampMotor1_F
                0x00000000080012e8       0x10 ./Application/User/mc_api.o
                0x00000000080012e8                MC_ProgramTorqueRampMotor1_F
 .text.MC_GetMecSpeedAverageMotor1
                0x00000000080012f8        0xc ./Application/User/mc_api.o
                0x00000000080012f8                MC_GetMecSpeedAverageMotor1
 .text.MC_AcknowledgeFaultMotor1
                0x0000000008001304        0xc ./Application/User/mc_api.o
                0x0000000008001304                MC_AcknowledgeFaultMotor1
 .text.MC_APP_BootHook
                0x0000000008001310        0x4 ./Application/User/mc_app_hooks.o
                0x0000000008001310                MC_APP_BootHook
 .text.MC_APP_PostMediumFrequencyHook_M1
                0x0000000008001314        0x4 ./Application/User/mc_app_hooks.o
                0x0000000008001314                MC_APP_PostMediumFrequencyHook_M1
 .text.MCI_Init
                0x0000000008001318       0x24 ./Application/User/mc_interface.o
                0x0000000008001318                MCI_Init
 .text.MCI_ExecTorqueRamp
                0x000000000800133c       0x14 ./Application/User/mc_interface.o
                0x000000000800133c                MCI_ExecTorqueRamp
 .text.MCI_ExecTorqueRamp_F
                0x0000000008001350       0x20 ./Application/User/mc_interface.o
                0x0000000008001350                MCI_ExecTorqueRamp_F
 .text.MCI_FaultProcessing
                0x0000000008001370       0x18 ./Application/User/mc_interface.o
                0x0000000008001370                MCI_FaultProcessing
 .text.MCI_ExecBufferedCommands
                0x0000000008001388       0x74 ./Application/User/mc_interface.o
                0x0000000008001388                MCI_ExecBufferedCommands
 .text.MCI_GetSTMState
                0x00000000080013fc        0x4 ./Application/User/mc_interface.o
                0x00000000080013fc                MCI_GetSTMState
 .text.MCI_GetOccurredFaults
                0x0000000008001400        0x4 ./Application/User/mc_interface.o
                0x0000000008001400                MCI_GetOccurredFaults
 .text.MCI_GetCurrentFaults
                0x0000000008001404        0x4 ./Application/User/mc_interface.o
                0x0000000008001404                MCI_GetCurrentFaults
 .text.MCI_StartMotor
                0x0000000008001408       0x2c ./Application/User/mc_interface.o
                0x0000000008001408                MCI_StartMotor
 .text.MCI_FaultAcknowledged
                0x0000000008001434       0x24 ./Application/User/mc_interface.o
                0x0000000008001434                MCI_FaultAcknowledged
 .text.MCI_GetFaultState
                0x0000000008001458        0xc ./Application/User/mc_interface.o
                0x0000000008001458                MCI_GetFaultState
 .text.MCI_GetImposedMotorDirection
                0x0000000008001464       0x44 ./Application/User/mc_interface.o
                0x0000000008001464                MCI_GetImposedMotorDirection
 .text.MCI_GetAvrgMecSpeedUnit
                0x00000000080014a8       0x10 ./Application/User/mc_interface.o
                0x00000000080014a8                MCI_GetAvrgMecSpeedUnit
 .text.MCM_Clarke
                0x00000000080014b8       0x54 ./Application/User/mc_math.o
                0x00000000080014b8                MCM_Clarke
 .text.MCM_Trig_Functions
                0x000000000800150c       0x98 ./Application/User/mc_math.o
                0x000000000800150c                MCM_Trig_Functions
 .text.MCM_Park
                0x00000000080015a4       0x88 ./Application/User/mc_math.o
                0x00000000080015a4                MCM_Park
 .text.MCM_Rev_Park
                0x000000000800162c       0x40 ./Application/User/mc_math.o
                0x000000000800162c                MCM_Rev_Park
 .text.MCM_Sqrt
                0x000000000800166c       0x74 ./Application/User/mc_math.o
                0x000000000800166c                MCM_Sqrt
 .text.FOC_Clear
                0x00000000080016e0       0x74 ./Application/User/mc_tasks.o
                0x00000000080016e0                FOC_Clear
 .text.MCboot   0x0000000008001754      0x124 ./Application/User/mc_tasks.o
                0x0000000008001754                MCboot
 .text.FOC_InitAdditionalMethods
                0x0000000008001878        0x4 ./Application/User/mc_tasks.o
                0x0000000008001878                FOC_InitAdditionalMethods
 .text.FOC_CalcCurrRef
                0x000000000800187c       0x2c ./Application/User/mc_tasks.o
                0x000000000800187c                FOC_CalcCurrRef
 .text.TSK_SetStopPermanencyTimeM1
                0x00000000080018a8        0xc ./Application/User/mc_tasks.o
                0x00000000080018a8                TSK_SetStopPermanencyTimeM1
 .text.TSK_StopPermanencyTimeHasElapsedM1
                0x00000000080018b4       0x14 ./Application/User/mc_tasks.o
                0x00000000080018b4                TSK_StopPermanencyTimeHasElapsedM1
 .text.TSK_MediumFrequencyTaskM1
                0x00000000080018c8      0x304 ./Application/User/mc_tasks.o
                0x00000000080018c8                TSK_MediumFrequencyTaskM1
 .text.MC_Scheduler
                0x0000000008001bcc       0x58 ./Application/User/mc_tasks.o
                0x0000000008001bcc                MC_Scheduler
 .text.TSK_HighFrequencyTask
                0x0000000008001c24      0x18c ./Application/User/mc_tasks.o
                0x0000000008001c24                TSK_HighFrequencyTask
 .text.TSK_SafetyTask_PWMOFF
                0x0000000008001db0       0x84 ./Application/User/mc_tasks.o
                0x0000000008001db0                TSK_SafetyTask_PWMOFF
 .text.TSK_SafetyTask
                0x0000000008001e34       0x20 ./Application/User/mc_tasks.o
                0x0000000008001e34                TSK_SafetyTask
 .text.MC_RunMotorControlTasks
                0x0000000008001e54       0x18 ./Application/User/mc_tasks.o
                0x0000000008001e54                MC_RunMotorControlTasks
 .text.TSK_HardwareFaultTask
                0x0000000008001e6c       0x20 ./Application/User/mc_tasks.o
                0x0000000008001e6c                TSK_HardwareFaultTask
 .text.mc_lock_pins
                0x0000000008001e8c       0xec ./Application/User/mc_tasks.o
                0x0000000008001e8c                mc_lock_pins
 .text.MX_MotorControl_Init
                0x0000000008001f78       0x3c ./Application/User/motorcontrol.o
                0x0000000008001f78                MX_MotorControl_Init
 .text.PWMC_GetPhaseCurrents
                0x0000000008001fb4        0x4 ./Application/User/pwm_curr_fdbk.o
                0x0000000008001fb4                PWMC_GetPhaseCurrents
 .text.PWMC_SetPhaseVoltage
                0x0000000008001fb8      0x290 ./Application/User/pwm_curr_fdbk.o
                0x0000000008001fb8                PWMC_SetPhaseVoltage
 .text.PWMC_SwitchOffPWM
                0x0000000008002248        0x4 ./Application/User/pwm_curr_fdbk.o
                0x0000000008002248                PWMC_SwitchOffPWM
 .text.PWMC_SwitchOnPWM
                0x000000000800224c        0x4 ./Application/User/pwm_curr_fdbk.o
                0x000000000800224c                PWMC_SwitchOnPWM
 .text.PWMC_CurrentReadingCalibr
                0x0000000008002250       0x48 ./Application/User/pwm_curr_fdbk.o
                0x0000000008002250                PWMC_CurrentReadingCalibr
 .text.PWMC_TurnOnLowSides
                0x0000000008002298        0x4 ./Application/User/pwm_curr_fdbk.o
                0x0000000008002298                PWMC_TurnOnLowSides
 .text.PWMC_CheckOverCurrent
                0x000000000800229c        0x4 ./Application/User/pwm_curr_fdbk.o
                0x000000000800229c                PWMC_CheckOverCurrent
 .text.RCM_RegisterRegConv
                0x00000000080022a0      0x1e4 ./Application/User/regular_conversion_manager.o
                0x00000000080022a0                RCM_RegisterRegConv
 .text.RCM_ExecRegularConv
                0x0000000008002484       0x78 ./Application/User/regular_conversion_manager.o
                0x0000000008002484                RCM_ExecRegularConv
 .text.RCM_ExecUserConv
                0x00000000080024fc       0x50 ./Application/User/regular_conversion_manager.o
                0x00000000080024fc                RCM_ExecUserConv
 .text.ADC1_IRQHandler
                0x000000000800254c        0xc ./Application/User/stm32f30x_mc_it.o
                0x000000000800254c                ADC1_IRQHandler
 .text.TIM1_UP_TIM16_IRQHandler
                0x0000000008002558       0x18 ./Application/User/stm32f30x_mc_it.o
                0x0000000008002558                TIM1_UP_TIM16_IRQHandler
 .text.TIM1_BRK_TIM15_IRQHandler
                0x0000000008002570       0x3c ./Application/User/stm32f30x_mc_it.o
                0x0000000008002570                TIM1_BRK_TIM15_IRQHandler
 .text.HardFault_Handler
                0x00000000080025ac        0x8 ./Application/User/stm32f30x_mc_it.o
                0x00000000080025ac                HardFault_Handler
 .text.SysTick_Handler
                0x00000000080025b4       0x30 ./Application/User/stm32f30x_mc_it.o
                0x00000000080025b4                SysTick_Handler
 .text.HAL_MspInit
                0x00000000080025e4       0x34 ./Application/User/stm32f3xx_hal_msp.o
                0x00000000080025e4                HAL_MspInit
 .text.HAL_ADC_MspInit
                0x0000000008002618       0x88 ./Application/User/stm32f3xx_hal_msp.o
                0x0000000008002618                HAL_ADC_MspInit
 .text.HAL_I2C_MspInit
                0x00000000080026a0       0x80 ./Application/User/stm32f3xx_hal_msp.o
                0x00000000080026a0                HAL_I2C_MspInit
 .text.HAL_TIM_Base_MspInit
                0x0000000008002720       0x74 ./Application/User/stm32f3xx_hal_msp.o
                0x0000000008002720                HAL_TIM_Base_MspInit
 *fill*         0x0000000008002794        0x4 
 .text.HAL_TIM_MspPostInit
                0x0000000008002798       0x74 ./Application/User/stm32f3xx_hal_msp.o
                0x0000000008002798                HAL_TIM_MspPostInit
 *fill*         0x000000000800280c        0x4 
 .text.HAL_UART_MspInit
                0x0000000008002810      0x12c ./Application/User/stm32f3xx_hal_msp.o
                0x0000000008002810                HAL_UART_MspInit
 .text.SystemInit
                0x000000000800293c       0x14 ./Drivers/CMSIS/system_stm32f3xx.o
                0x000000000800293c                SystemInit
 .text.HAL_InitTick
                0x0000000008002950       0x48 ./Drivers/STM32F3xx_HAL_Driver/stm32f3xx_hal.o
                0x0000000008002950                HAL_InitTick
 .text.HAL_Init
                0x0000000008002998       0x24 ./Drivers/STM32F3xx_HAL_Driver/stm32f3xx_hal.o
                0x0000000008002998                HAL_Init
 .text.HAL_IncTick
                0x00000000080029bc       0x18 ./Drivers/STM32F3xx_HAL_Driver/stm32f3xx_hal.o
                0x00000000080029bc                HAL_IncTick
 .text.HAL_GetTick
                0x00000000080029d4        0xc ./Drivers/STM32F3xx_HAL_Driver/stm32f3xx_hal.o
                0x00000000080029d4                HAL_GetTick
 .text.HAL_Delay
                0x00000000080029e0       0x24 ./Drivers/STM32F3xx_HAL_Driver/stm32f3xx_hal.o
                0x00000000080029e0                HAL_Delay
 .text.ADC_Disable
                0x0000000008002a04       0x80 ./Drivers/STM32F3xx_HAL_Driver/stm32f3xx_hal_adc_ex.o
 .text.HAL_ADC_Init
                0x0000000008002a84      0x1e8 ./Drivers/STM32F3xx_HAL_Driver/stm32f3xx_hal_adc_ex.o
                0x0000000008002a84                HAL_ADC_Init
 .text.HAL_ADC_ConfigChannel
                0x0000000008002c6c      0x330 ./Drivers/STM32F3xx_HAL_Driver/stm32f3xx_hal_adc_ex.o
                0x0000000008002c6c                HAL_ADC_ConfigChannel
 .text.HAL_ADCEx_InjectedConfigChannel
                0x0000000008002f9c      0x3dc ./Drivers/STM32F3xx_HAL_Driver/stm32f3xx_hal_adc_ex.o
                0x0000000008002f9c                HAL_ADCEx_InjectedConfigChannel
 .text.HAL_NVIC_SetPriorityGrouping
                0x0000000008003378       0x24 ./Drivers/STM32F3xx_HAL_Driver/stm32f3xx_hal_cortex.o
                0x0000000008003378                HAL_NVIC_SetPriorityGrouping
 .text.HAL_NVIC_SetPriority
                0x000000000800339c       0x7c ./Drivers/STM32F3xx_HAL_Driver/stm32f3xx_hal_cortex.o
                0x000000000800339c                HAL_NVIC_SetPriority
 .text.HAL_NVIC_EnableIRQ
                0x0000000008003418       0x1c ./Drivers/STM32F3xx_HAL_Driver/stm32f3xx_hal_cortex.o
                0x0000000008003418                HAL_NVIC_EnableIRQ
 .text.HAL_SYSTICK_Config
                0x0000000008003434       0x34 ./Drivers/STM32F3xx_HAL_Driver/stm32f3xx_hal_cortex.o
                0x0000000008003434                HAL_SYSTICK_Config
 .text.HAL_SYSTICK_Callback
                0x0000000008003468        0x4 ./Drivers/STM32F3xx_HAL_Driver/stm32f3xx_hal_cortex.o
                0x0000000008003468                HAL_SYSTICK_Callback
 .text.HAL_SYSTICK_IRQHandler
                0x000000000800346c        0x8 ./Drivers/STM32F3xx_HAL_Driver/stm32f3xx_hal_cortex.o
                0x000000000800346c                HAL_SYSTICK_IRQHandler
 .text.HAL_GPIO_Init
                0x0000000008003474      0x1c8 ./Drivers/STM32F3xx_HAL_Driver/stm32f3xx_hal_gpio.o
                0x0000000008003474                HAL_GPIO_Init
 .text.HAL_GPIO_WritePin
                0x000000000800363c        0xc ./Drivers/STM32F3xx_HAL_Driver/stm32f3xx_hal_gpio.o
                0x000000000800363c                HAL_GPIO_WritePin
 .text.HAL_GPIO_TogglePin
                0x0000000008003648       0x14 ./Drivers/STM32F3xx_HAL_Driver/stm32f3xx_hal_gpio.o
                0x0000000008003648                HAL_GPIO_TogglePin
 .text.I2C_WaitOnRXNEFlagUntilTimeout
                0x000000000800365c      0x1ac ./Drivers/STM32F3xx_HAL_Driver/stm32f3xx_hal_i2c.o
 .text.I2C_WaitOnSTOPFlagUntilTimeout
                0x0000000008003808      0x170 ./Drivers/STM32F3xx_HAL_Driver/stm32f3xx_hal_i2c.o
 .text.HAL_I2C_Init
                0x0000000008003978       0xa8 ./Drivers/STM32F3xx_HAL_Driver/stm32f3xx_hal_i2c.o
                0x0000000008003978                HAL_I2C_Init
 .text.HAL_I2C_Master_Transmit
                0x0000000008003a20      0x2fc ./Drivers/STM32F3xx_HAL_Driver/stm32f3xx_hal_i2c.o
                0x0000000008003a20                HAL_I2C_Master_Transmit
 .text.HAL_I2C_Master_Receive
                0x0000000008003d1c      0x1d8 ./Drivers/STM32F3xx_HAL_Driver/stm32f3xx_hal_i2c.o
                0x0000000008003d1c                HAL_I2C_Master_Receive
 .text.HAL_I2CEx_ConfigAnalogFilter
                0x0000000008003ef4       0x54 ./Drivers/STM32F3xx_HAL_Driver/stm32f3xx_hal_i2c_ex.o
                0x0000000008003ef4                HAL_I2CEx_ConfigAnalogFilter
 .text.HAL_I2CEx_ConfigDigitalFilter
                0x0000000008003f48       0x58 ./Drivers/STM32F3xx_HAL_Driver/stm32f3xx_hal_i2c_ex.o
                0x0000000008003f48                HAL_I2CEx_ConfigDigitalFilter
 .text.HAL_I2CEx_EnableFastModePlus
                0x0000000008003fa0       0x30 ./Drivers/STM32F3xx_HAL_Driver/stm32f3xx_hal_i2c_ex.o
                0x0000000008003fa0                HAL_I2CEx_EnableFastModePlus
 .text.HAL_RCC_OscConfig
                0x0000000008003fd0      0x5d0 ./Drivers/STM32F3xx_HAL_Driver/stm32f3xx_hal_rcc.o
                0x0000000008003fd0                HAL_RCC_OscConfig
 .text.HAL_RCC_ClockConfig
                0x00000000080045a0      0x1e8 ./Drivers/STM32F3xx_HAL_Driver/stm32f3xx_hal_rcc.o
                0x00000000080045a0                HAL_RCC_ClockConfig
 .text.HAL_RCC_GetSysClockFreq
                0x0000000008004788       0x6c ./Drivers/STM32F3xx_HAL_Driver/stm32f3xx_hal_rcc.o
                0x0000000008004788                HAL_RCC_GetSysClockFreq
 .text.HAL_RCC_GetHCLKFreq
                0x00000000080047f4        0xc ./Drivers/STM32F3xx_HAL_Driver/stm32f3xx_hal_rcc.o
                0x00000000080047f4                HAL_RCC_GetHCLKFreq
 .text.HAL_RCC_GetPCLK1Freq
                0x0000000008004800       0x30 ./Drivers/STM32F3xx_HAL_Driver/stm32f3xx_hal_rcc.o
                0x0000000008004800                HAL_RCC_GetPCLK1Freq
 .text.HAL_RCC_GetPCLK2Freq
                0x0000000008004830       0x30 ./Drivers/STM32F3xx_HAL_Driver/stm32f3xx_hal_rcc.o
                0x0000000008004830                HAL_RCC_GetPCLK2Freq
 .text.HAL_RCCEx_PeriphCLKConfig
                0x0000000008004860      0x208 ./Drivers/STM32F3xx_HAL_Driver/stm32f3xx_hal_rcc_ex.o
                0x0000000008004860                HAL_RCCEx_PeriphCLKConfig
 .text.TIM_OC1_SetConfig
                0x0000000008004a68       0x74 ./Drivers/STM32F3xx_HAL_Driver/stm32f3xx_hal_tim.o
 .text.TIM_OC3_SetConfig
                0x0000000008004adc       0x7c ./Drivers/STM32F3xx_HAL_Driver/stm32f3xx_hal_tim.o
 .text.HAL_TIM_Base_Init
                0x0000000008004b58       0xf8 ./Drivers/STM32F3xx_HAL_Driver/stm32f3xx_hal_tim.o
                0x0000000008004b58                HAL_TIM_Base_Init
 .text.HAL_TIM_PWM_MspInit
                0x0000000008004c50        0x4 ./Drivers/STM32F3xx_HAL_Driver/stm32f3xx_hal_tim.o
                0x0000000008004c50                HAL_TIM_PWM_MspInit
 .text.HAL_TIM_PWM_Init
                0x0000000008004c54       0xf8 ./Drivers/STM32F3xx_HAL_Driver/stm32f3xx_hal_tim.o
                0x0000000008004c54                HAL_TIM_PWM_Init
 .text.HAL_TIM_SlaveConfigSynchro
                0x0000000008004d4c      0x11c ./Drivers/STM32F3xx_HAL_Driver/stm32f3xx_hal_tim.o
                0x0000000008004d4c                HAL_TIM_SlaveConfigSynchro
 .text.TIM_OC2_SetConfig
                0x0000000008004e68       0x7c ./Drivers/STM32F3xx_HAL_Driver/stm32f3xx_hal_tim.o
                0x0000000008004e68                TIM_OC2_SetConfig
 .text.HAL_TIM_PWM_ConfigChannel
                0x0000000008004ee4      0x250 ./Drivers/STM32F3xx_HAL_Driver/stm32f3xx_hal_tim.o
                0x0000000008004ee4                HAL_TIM_PWM_ConfigChannel
 .text.HAL_TIMEx_MasterConfigSynchronization
                0x0000000008005134       0x70 ./Drivers/STM32F3xx_HAL_Driver/stm32f3xx_hal_tim_ex.o
                0x0000000008005134                HAL_TIMEx_MasterConfigSynchronization
 .text.HAL_TIMEx_ConfigBreakDeadTime
                0x00000000080051a4       0x84 ./Drivers/STM32F3xx_HAL_Driver/stm32f3xx_hal_tim_ex.o
                0x00000000080051a4                HAL_TIMEx_ConfigBreakDeadTime
 .text.HAL_UART_Transmit
                0x0000000008005228      0x260 ./Drivers/STM32F3xx_HAL_Driver/stm32f3xx_hal_uart.o
                0x0000000008005228                HAL_UART_Transmit
 .text.UART_AdvFeatureConfig
                0x0000000008005488       0xb0 ./Drivers/STM32F3xx_HAL_Driver/stm32f3xx_hal_uart.o
                0x0000000008005488                UART_AdvFeatureConfig
 .text.UART_CheckIdleState
                0x0000000008005538      0x258 ./Drivers/STM32F3xx_HAL_Driver/stm32f3xx_hal_uart.o
                0x0000000008005538                UART_CheckIdleState
 .text.HAL_UART_Init
                0x0000000008005790      0x1e8 ./Drivers/STM32F3xx_HAL_Driver/stm32f3xx_hal_uart.o
                0x0000000008005790                HAL_UART_Init
 .text.Torque_Controller_step
                0x0000000008005978      0x198 ./Drivers/Simulink/Torque_Controller.o
                0x0000000008005978                Torque_Controller_step
 .text.Torque_Controller_initialize
                0x0000000008005b10       0x68 ./Drivers/Simulink/Torque_Controller.o
                0x0000000008005b10                Torque_Controller_initialize
 .text.VBS_GetAvBusVoltage_d
                0x0000000008005b78        0x4 ./Middlewares/MotorControl/bus_voltage_sensor.o
                0x0000000008005b78                VBS_GetAvBusVoltage_d
 .text.Circle_Limitation
                0x0000000008005b7c       0x60 ./Middlewares/MotorControl/circle_limitation.o
                0x0000000008005b7c                Circle_Limitation
 .text.NTC_SetFaultState
                0x0000000008005bdc       0x1c ./Middlewares/MotorControl/ntc_temperature_sensor.o
                0x0000000008005bdc                NTC_SetFaultState
 .text.NTC_Clear
                0x0000000008005bf8        0x8 ./Middlewares/MotorControl/ntc_temperature_sensor.o
                0x0000000008005bf8                NTC_Clear
 .text.NTC_Init
                0x0000000008005c00       0x24 ./Middlewares/MotorControl/ntc_temperature_sensor.o
                0x0000000008005c00                NTC_Init
 .text.NTC_CalcAvTemp
                0x0000000008005c24       0x38 ./Middlewares/MotorControl/ntc_temperature_sensor.o
                0x0000000008005c24                NTC_CalcAvTemp
 .text.PID_HandleInit
                0x0000000008005c5c       0x10 ./Middlewares/MotorControl/pid_regulator.o
                0x0000000008005c5c                PID_HandleInit
 .text.PID_SetIntegralTerm
                0x0000000008005c6c        0x4 ./Middlewares/MotorControl/pid_regulator.o
                0x0000000008005c6c                PID_SetIntegralTerm
 .text.PID_GetKIDivisor
                0x0000000008005c70        0x4 ./Middlewares/MotorControl/pid_regulator.o
                0x0000000008005c70                PID_GetKIDivisor
 .text.PI_Controller
                0x0000000008005c74       0x8c ./Middlewares/MotorControl/pid_regulator.o
                0x0000000008005c74                PI_Controller
 .text.PQD_CalcElMotorPower
                0x0000000008005d00       0x34 ./Middlewares/MotorControl/pqd_motor_power_measurement.o
                0x0000000008005d00                PQD_CalcElMotorPower
 .text.PQD_Clear
                0x0000000008005d34        0x8 ./Middlewares/MotorControl/pqd_motor_power_measurement.o
                0x0000000008005d34                PQD_Clear
 .text.startTimers
                0x0000000008005d3c       0x64 ./Middlewares/MotorControl/pwm_common.o
                0x0000000008005d3c                startTimers
 .text.waitForPolarizationEnd
                0x0000000008005da0       0x3c ./Middlewares/MotorControl/pwm_common.o
                0x0000000008005da0                waitForPolarizationEnd
 .text.R3_1_GetPhaseCurrents
                0x0000000008005ddc      0x174 ./Middlewares/MotorControl/r3_1_f30x_pwm_curr_fdbk.o
                0x0000000008005ddc                R3_1_GetPhaseCurrents
 .text.R3_1_SetADCSampPointPolarization
                0x0000000008005f50       0x3c ./Middlewares/MotorControl/r3_1_f30x_pwm_curr_fdbk.o
                0x0000000008005f50                R3_1_SetADCSampPointPolarization
 .text.R3_1_HFCurrentsPolarizationAB
                0x0000000008005f8c       0x44 ./Middlewares/MotorControl/r3_1_f30x_pwm_curr_fdbk.o
 .text.R3_1_HFCurrentsPolarizationC
                0x0000000008005fd0       0x3c ./Middlewares/MotorControl/r3_1_f30x_pwm_curr_fdbk.o
 .text.R3_1_TurnOnLowSides
                0x000000000800600c       0x4c ./Middlewares/MotorControl/r3_1_f30x_pwm_curr_fdbk.o
                0x000000000800600c                R3_1_TurnOnLowSides
 .text.R3_1_SwitchOnPWM
                0x0000000008006058       0x8c ./Middlewares/MotorControl/r3_1_f30x_pwm_curr_fdbk.o
                0x0000000008006058                R3_1_SwitchOnPWM
 .text.R3_1_SwitchOffPWM
                0x00000000080060e4       0x6c ./Middlewares/MotorControl/r3_1_f30x_pwm_curr_fdbk.o
                0x00000000080060e4                R3_1_SwitchOffPWM
 .text.R3_1_RLGetPhaseCurrents
                0x0000000008006150       0x50 ./Middlewares/MotorControl/r3_1_f30x_pwm_curr_fdbk.o
 .text.R3_1_RLTurnOnLowSides
                0x00000000080061a0       0x48 ./Middlewares/MotorControl/r3_1_f30x_pwm_curr_fdbk.o
 .text.R3_1_RLSwitchOnPWM
                0x00000000080061e8       0xa4 ./Middlewares/MotorControl/r3_1_f30x_pwm_curr_fdbk.o
 .text.R3_1_Init
                0x000000000800628c      0x308 ./Middlewares/MotorControl/r3_1_f30x_pwm_curr_fdbk.o
                0x000000000800628c                R3_1_Init
 .text.R3_1_SetOffsetCalib
                0x0000000008006594       0x1c ./Middlewares/MotorControl/r3_1_f30x_pwm_curr_fdbk.o
                0x0000000008006594                R3_1_SetOffsetCalib
 .text.R3_1_GetOffsetCalib
                0x00000000080065b0       0x10 ./Middlewares/MotorControl/r3_1_f30x_pwm_curr_fdbk.o
                0x00000000080065b0                R3_1_GetOffsetCalib
 .text.R3_1_CurrentReadingPolarization
                0x00000000080065c0      0x13c ./Middlewares/MotorControl/r3_1_f30x_pwm_curr_fdbk.o
                0x00000000080065c0                R3_1_CurrentReadingPolarization
 .text.R3_1_SetADCSampPointSectX
                0x00000000080066fc       0x80 ./Middlewares/MotorControl/r3_1_f30x_pwm_curr_fdbk.o
                0x00000000080066fc                R3_1_SetADCSampPointSectX
 .text.R3_1_TIMx_UP_IRQHandler
                0x000000000800677c       0x38 ./Middlewares/MotorControl/r3_1_f30x_pwm_curr_fdbk.o
                0x000000000800677c                R3_1_TIMx_UP_IRQHandler
 .text.R3_1_BRK2_IRQHandler
                0x00000000080067b4       0x40 ./Middlewares/MotorControl/r3_1_f30x_pwm_curr_fdbk.o
                0x00000000080067b4                R3_1_BRK2_IRQHandler
 .text.R3_1_BRK_IRQHandler
                0x00000000080067f4       0x1c ./Middlewares/MotorControl/r3_1_f30x_pwm_curr_fdbk.o
                0x00000000080067f4                R3_1_BRK_IRQHandler
 .text.R3_1_IsOverCurrentOccurred
                0x0000000008006810       0x28 ./Middlewares/MotorControl/r3_1_f30x_pwm_curr_fdbk.o
                0x0000000008006810                R3_1_IsOverCurrentOccurred
 .text.R3_1_RLDetectionModeEnable
                0x0000000008006838       0xd0 ./Middlewares/MotorControl/r3_1_f30x_pwm_curr_fdbk.o
                0x0000000008006838                R3_1_RLDetectionModeEnable
 .text.R3_1_RLDetectionModeDisable
                0x0000000008006908      0x148 ./Middlewares/MotorControl/r3_1_f30x_pwm_curr_fdbk.o
                0x0000000008006908                R3_1_RLDetectionModeDisable
 .text.R3_1_RLDetectionModeSetDuty
                0x0000000008006a50       0x40 ./Middlewares/MotorControl/r3_1_f30x_pwm_curr_fdbk.o
                0x0000000008006a50                R3_1_RLDetectionModeSetDuty
 .text.RVBS_Clear
                0x0000000008006a90       0x40 ./Middlewares/MotorControl/r_divider_bus_voltage_sensor.o
                0x0000000008006a90                RVBS_Clear
 .text.RVBS_Init
                0x0000000008006ad0       0x18 ./Middlewares/MotorControl/r_divider_bus_voltage_sensor.o
                0x0000000008006ad0                RVBS_Init
 .text.RVBS_CheckFaultState
                0x0000000008006ae8       0x4c ./Middlewares/MotorControl/r_divider_bus_voltage_sensor.o
                0x0000000008006ae8                RVBS_CheckFaultState
 .text.RVBS_CalcAvVbusFilt
                0x0000000008006b34       0xcc ./Middlewares/MotorControl/r_divider_bus_voltage_sensor.o
                0x0000000008006b34                RVBS_CalcAvVbusFilt
 .text.REMNG_Init
                0x0000000008006c00       0x10 ./Middlewares/MotorControl/ramp_ext_mngr.o
                0x0000000008006c00                REMNG_Init
 .text.REMNG_Calc
                0x0000000008006c10       0x44 ./Middlewares/MotorControl/ramp_ext_mngr.o
                0x0000000008006c10                REMNG_Calc
 .text.REMNG_RampCompleted
                0x0000000008006c54        0xc ./Middlewares/MotorControl/ramp_ext_mngr.o
                0x0000000008006c54                REMNG_RampCompleted
 .text.getScalingFactor
                0x0000000008006c60       0x2c ./Middlewares/MotorControl/ramp_ext_mngr.o
                0x0000000008006c60                getScalingFactor
 .text.REMNG_ExecRamp
                0x0000000008006c8c       0x88 ./Middlewares/MotorControl/ramp_ext_mngr.o
                0x0000000008006c8c                REMNG_ExecRamp
 .text.RUC_Init
                0x0000000008006d14       0x70 ./Middlewares/MotorControl/revup_ctrl.o
                0x0000000008006d14                RUC_Init
 .text.RUC_Clear
                0x0000000008006d84       0x88 ./Middlewares/MotorControl/revup_ctrl.o
                0x0000000008006d84                RUC_Clear
 .text.RUC_OTF_Exec
                0x0000000008006e0c      0x220 ./Middlewares/MotorControl/revup_ctrl.o
                0x0000000008006e0c                RUC_OTF_Exec
 .text.RUC_FirstAccelerationStageReached
                0x000000000800702c       0x14 ./Middlewares/MotorControl/revup_ctrl.o
                0x000000000800702c                RUC_FirstAccelerationStageReached
 .text.RUC_Get_SCLowsideOTF_Status
                0x0000000008007040        0x8 ./Middlewares/MotorControl/revup_ctrl.o
                0x0000000008007040                RUC_Get_SCLowsideOTF_Status
 .text.SPD_GetElAngle
                0x0000000008007048        0x8 ./Middlewares/MotorControl/speed_pos_fdbk.o
                0x0000000008007048                SPD_GetElAngle
 .text.SPD_GetAvrgMecSpeedUnit
                0x0000000008007050        0x8 ./Middlewares/MotorControl/speed_pos_fdbk.o
                0x0000000008007050                SPD_GetAvrgMecSpeedUnit
 .text.SPD_GetInstElSpeedDpp
                0x0000000008007058        0x8 ./Middlewares/MotorControl/speed_pos_fdbk.o
                0x0000000008007058                SPD_GetInstElSpeedDpp
 .text.SPD_IsMecSpeedReliable
                0x0000000008007060       0x6c ./Middlewares/MotorControl/speed_pos_fdbk.o
                0x0000000008007060                SPD_IsMecSpeedReliable
 .text.STC_Init
                0x00000000080070cc       0x2c ./Middlewares/MotorControl/speed_torq_ctrl.o
                0x00000000080070cc                STC_Init
 .text.STC_SetSpeedSensor
                0x00000000080070f8        0x4 ./Middlewares/MotorControl/speed_torq_ctrl.o
                0x00000000080070f8                STC_SetSpeedSensor
 .text.STC_GetSpeedSensor
                0x00000000080070fc        0x4 ./Middlewares/MotorControl/speed_torq_ctrl.o
                0x00000000080070fc                STC_GetSpeedSensor
 .text.STC_Clear
                0x0000000008007100       0x10 ./Middlewares/MotorControl/speed_torq_ctrl.o
                0x0000000008007100                STC_Clear
 .text.STC_GetTorqueRef
                0x0000000008007110        0x8 ./Middlewares/MotorControl/speed_torq_ctrl.o
                0x0000000008007110                STC_GetTorqueRef
 .text.STC_SetControlMode
                0x0000000008007118        0x8 ./Middlewares/MotorControl/speed_torq_ctrl.o
                0x0000000008007118                STC_SetControlMode
 .text.STC_ExecRamp
                0x0000000008007120       0x88 ./Middlewares/MotorControl/speed_torq_ctrl.o
                0x0000000008007120                STC_ExecRamp
 .text.STC_CalcTorqueReference
                0x00000000080071a8       0x54 ./Middlewares/MotorControl/speed_torq_ctrl.o
                0x00000000080071a8                STC_CalcTorqueReference
 .text.STC_GetDefaultIqdref
                0x00000000080071fc       0x1c ./Middlewares/MotorControl/speed_torq_ctrl.o
                0x00000000080071fc                STC_GetDefaultIqdref
 .text.STC_ForceSpeedReferenceToCurrentSpeed
                0x0000000008007218       0x10 ./Middlewares/MotorControl/speed_torq_ctrl.o
                0x0000000008007218                STC_ForceSpeedReferenceToCurrentSpeed
 .text.STO_PLL_CalcElAngle
                0x0000000008007228      0x1f0 ./Middlewares/MotorControl/sto_pll_speed_pos_fdbk.o
                0x0000000008007228                STO_PLL_CalcElAngle
 .text.STO_PLL_CalcAvrgMecSpeedUnit
                0x0000000008007418      0x154 ./Middlewares/MotorControl/sto_pll_speed_pos_fdbk.o
                0x0000000008007418                STO_PLL_CalcAvrgMecSpeedUnit
 .text.STO_PLL_CalcAvrgElSpeedDpp
                0x000000000800756c       0x64 ./Middlewares/MotorControl/sto_pll_speed_pos_fdbk.o
                0x000000000800756c                STO_PLL_CalcAvrgElSpeedDpp
 .text.STO_PLL_Clear
                0x00000000080075d0       0x4c ./Middlewares/MotorControl/sto_pll_speed_pos_fdbk.o
                0x00000000080075d0                STO_PLL_Clear
 .text.STO_PLL_Init
                0x000000000800761c       0x74 ./Middlewares/MotorControl/sto_pll_speed_pos_fdbk.o
                0x000000000800761c                STO_PLL_Init
 .text.STO_PLL_IsObserverConverged
                0x0000000008007690       0xc4 ./Middlewares/MotorControl/sto_pll_speed_pos_fdbk.o
                0x0000000008007690                STO_PLL_IsObserverConverged
 .text.STO_OTF_ResetPLL
                0x0000000008007754        0xc ./Middlewares/MotorControl/sto_pll_speed_pos_fdbk.o
                0x0000000008007754                STO_OTF_ResetPLL
 .text.STO_ResetPLL
                0x0000000008007760        0x8 ./Middlewares/MotorControl/sto_pll_speed_pos_fdbk.o
                0x0000000008007760                STO_ResetPLL
 .text.STO_PLL_IsVarianceTight
                0x0000000008007768        0x8 ./Middlewares/MotorControl/sto_pll_speed_pos_fdbk.o
                0x0000000008007768                STO_PLL_IsVarianceTight
 .text.STO_PLL_ForceConvergency1
                0x0000000008007770        0xc ./Middlewares/MotorControl/sto_pll_speed_pos_fdbk.o
                0x0000000008007770                STO_PLL_ForceConvergency1
 .text.STO_PLL_ForceConvergency2
                0x000000000800777c        0xc ./Middlewares/MotorControl/sto_pll_speed_pos_fdbk.o
                0x000000000800777c                STO_PLL_ForceConvergency2
 .text.STO_SetDirection
                0x0000000008007788        0x8 ./Middlewares/MotorControl/sto_pll_speed_pos_fdbk.o
                0x0000000008007788                STO_SetDirection
 .text.VSS_Clear
                0x0000000008007790       0x1c ./Middlewares/MotorControl/virtual_speed_sensor.o
                0x0000000008007790                VSS_Clear
 .text.VSS_Init
                0x00000000080077ac        0x8 ./Middlewares/MotorControl/virtual_speed_sensor.o
                0x00000000080077ac                VSS_Init
 .text.VSS_CalcElAngle
                0x00000000080077b4       0xa8 ./Middlewares/MotorControl/virtual_speed_sensor.o
                0x00000000080077b4                VSS_CalcElAngle
 .text.VSS_CalcAvrgMecSpeedUnit
                0x000000000800785c       0xa4 ./Middlewares/MotorControl/virtual_speed_sensor.o
                0x000000000800785c                VSS_CalcAvrgMecSpeedUnit
 .text.VSS_SetMecAngle
                0x0000000008007900       0x10 ./Middlewares/MotorControl/virtual_speed_sensor.o
                0x0000000008007900                VSS_SetMecAngle
 .text.VSS_SetMecAcceleration
                0x0000000008007910       0x90 ./Middlewares/MotorControl/virtual_speed_sensor.o
                0x0000000008007910                VSS_SetMecAcceleration
 .text.VSS_SetStartTransition
                0x00000000080079a0       0x1c ./Middlewares/MotorControl/virtual_speed_sensor.o
                0x00000000080079a0                VSS_SetStartTransition
 .text.VSS_TransitionEnded
                0x00000000080079bc        0x8 ./Middlewares/MotorControl/virtual_speed_sensor.o
                0x00000000080079bc                VSS_TransitionEnded
 .text.VSS_SetCopyObserver
                0x00000000080079c4        0x8 ./Middlewares/MotorControl/virtual_speed_sensor.o
                0x00000000080079c4                VSS_SetCopyObserver
 .text.__libc_init_array
                0x00000000080079cc       0x48 c:/st/stm32cubeide_1.12.1/stm32cubeide/plugins/com.st.stm32cube.ide.mcu.externaltools.gnu-tools-for-stm32.10.3-2021.10.win32_1.0.200.202301161003/tools/bin/../lib/gcc/arm-none-eabi/10.3.1/../../../../arm-none-eabi/lib/thumb/v7e-m+fp/hard\libc_nano.a(lib_a-init.o)
                0x00000000080079cc                __libc_init_array
 .text.memset   0x0000000008007a14       0x10 c:/st/stm32cubeide_1.12.1/stm32cubeide/plugins/com.st.stm32cube.ide.mcu.externaltools.gnu-tools-for-stm32.10.3-2021.10.win32_1.0.200.202301161003/tools/bin/../lib/gcc/arm-none-eabi/10.3.1/../../../../arm-none-eabi/lib/thumb/v7e-m+fp/hard\libc_nano.a(lib_a-memset.o)
                0x0000000008007a14                memset
 *(.glue_7)
 .glue_7        0x0000000008007a24        0x0 linker stubs
 *(.glue_7t)
 .glue_7t       0x0000000008007a24        0x0 linker stubs
 *(.eh_frame)
 .eh_frame      0x0000000008007a24        0x0 c:/st/stm32cubeide_1.12.1/stm32cubeide/plugins/com.st.stm32cube.ide.mcu.externaltools.gnu-tools-for-stm32.10.3-2021.10.win32_1.0.200.202301161003/tools/bin/../lib/gcc/arm-none-eabi/10.3.1/thumb/v7e-m+fp/hard/crtbegin.o
 *(.init)
 .init          0x0000000008007a24        0x4 c:/st/stm32cubeide_1.12.1/stm32cubeide/plugins/com.st.stm32cube.ide.mcu.externaltools.gnu-tools-for-stm32.10.3-2021.10.win32_1.0.200.202301161003/tools/bin/../lib/gcc/arm-none-eabi/10.3.1/thumb/v7e-m+fp/hard/crti.o
                0x0000000008007a24                _init
 .init          0x0000000008007a28        0x8 c:/st/stm32cubeide_1.12.1/stm32cubeide/plugins/com.st.stm32cube.ide.mcu.externaltools.gnu-tools-for-stm32.10.3-2021.10.win32_1.0.200.202301161003/tools/bin/../lib/gcc/arm-none-eabi/10.3.1/thumb/v7e-m+fp/hard/crtn.o
 *(.fini)
 .fini          0x0000000008007a30        0x4 c:/st/stm32cubeide_1.12.1/stm32cubeide/plugins/com.st.stm32cube.ide.mcu.externaltools.gnu-tools-for-stm32.10.3-2021.10.win32_1.0.200.202301161003/tools/bin/../lib/gcc/arm-none-eabi/10.3.1/thumb/v7e-m+fp/hard/crti.o
                0x0000000008007a30                _fini
 .fini          0x0000000008007a34        0x8 c:/st/stm32cubeide_1.12.1/stm32cubeide/plugins/com.st.stm32cube.ide.mcu.externaltools.gnu-tools-for-stm32.10.3-2021.10.win32_1.0.200.202301161003/tools/bin/../lib/gcc/arm-none-eabi/10.3.1/thumb/v7e-m+fp/hard/crtn.o
                0x0000000008007a3c                . = ALIGN (0x4)
                0x0000000008007a3c                _etext = .

.vfp11_veneer   0x0000000008007a3c        0x0
 .vfp11_veneer  0x0000000008007a3c        0x0 linker stubs

.v4_bx          0x0000000008007a3c        0x0
 .v4_bx         0x0000000008007a3c        0x0 linker stubs

.iplt           0x0000000008007a3c        0x0
 .iplt          0x0000000008007a3c        0x0 c:/st/stm32cubeide_1.12.1/stm32cubeide/plugins/com.st.stm32cube.ide.mcu.externaltools.gnu-tools-for-stm32.10.3-2021.10.win32_1.0.200.202301161003/tools/bin/../lib/gcc/arm-none-eabi/10.3.1/thumb/v7e-m+fp/hard/crtbegin.o

.rodata         0x0000000008007a3c      0x298
                0x0000000008007a3c                . = ALIGN (0x4)
 *(.rodata)
 *(.rodata*)
 .rodata.hSin_Cos_Table
                0x0000000008007a3c      0x200 ./Application/User/mc_math.o
                0x0000000008007a3c                hSin_Cos_Table
 .rodata.R3_1_ParamsM1
                0x0000000008007c3c       0x5c ./Application/User/mc_parameters.o
                0x0000000008007c3c                R3_1_ParamsM1
 .rodata.AHBPrescTable
                0x0000000008007c98       0x10 ./Drivers/CMSIS/system_stm32f3xx.o
                0x0000000008007c98                AHBPrescTable
 .rodata.APBPrescTable
                0x0000000008007ca8        0x8 ./Drivers/CMSIS/system_stm32f3xx.o
                0x0000000008007ca8                APBPrescTable
 .rodata.aPLLMULFactorTable
                0x0000000008007cb0       0x10 ./Drivers/STM32F3xx_HAL_Driver/stm32f3xx_hal_rcc.o
 .rodata.aPredivFactorTable
                0x0000000008007cc0       0x10 ./Drivers/STM32F3xx_HAL_Driver/stm32f3xx_hal_rcc.o
 .rodata.CSWTCH.53
                0x0000000008007cd0        0x3 ./Drivers/STM32F3xx_HAL_Driver/stm32f3xx_hal_uart.o
                0x0000000008007cd4                . = ALIGN (0x4)
 *fill*         0x0000000008007cd3        0x1 

.rel.dyn        0x0000000008007cd4        0x0
 .rel.iplt      0x0000000008007cd4        0x0 c:/st/stm32cubeide_1.12.1/stm32cubeide/plugins/com.st.stm32cube.ide.mcu.externaltools.gnu-tools-for-stm32.10.3-2021.10.win32_1.0.200.202301161003/tools/bin/../lib/gcc/arm-none-eabi/10.3.1/thumb/v7e-m+fp/hard/crtbegin.o

.ARM.extab      0x0000000008007cd4        0x0
                0x0000000008007cd4                . = ALIGN (0x4)
 *(.ARM.extab* .gnu.linkonce.armextab.*)
                0x0000000008007cd4                . = ALIGN (0x4)

.ARM            0x0000000008007cd4        0x0
                0x0000000008007cd4                . = ALIGN (0x4)
                0x0000000008007cd4                __exidx_start = .
 *(.ARM.exidx*)
                0x0000000008007cd4                __exidx_end = .
                0x0000000008007cd4                . = ALIGN (0x4)

.preinit_array  0x0000000008007cd4        0x0
                0x0000000008007cd4                . = ALIGN (0x4)
                0x0000000008007cd4                PROVIDE (__preinit_array_start = .)
 *(.preinit_array*)
                0x0000000008007cd4                PROVIDE (__preinit_array_end = .)
                0x0000000008007cd4                . = ALIGN (0x4)

.init_array     0x0000000008007cd4        0x4
                0x0000000008007cd4                . = ALIGN (0x4)
                0x0000000008007cd4                PROVIDE (__init_array_start = .)
 *(SORT_BY_NAME(.init_array.*))
 *(.init_array*)
 .init_array    0x0000000008007cd4        0x4 c:/st/stm32cubeide_1.12.1/stm32cubeide/plugins/com.st.stm32cube.ide.mcu.externaltools.gnu-tools-for-stm32.10.3-2021.10.win32_1.0.200.202301161003/tools/bin/../lib/gcc/arm-none-eabi/10.3.1/thumb/v7e-m+fp/hard/crtbegin.o
                0x0000000008007cd8                PROVIDE (__init_array_end = .)
                0x0000000008007cd8                . = ALIGN (0x4)

.fini_array     0x0000000008007cd8        0x4
                0x0000000008007cd8                . = ALIGN (0x4)
                [!provide]                        PROVIDE (__fini_array_start = .)
 *(SORT_BY_NAME(.fini_array.*))
 *(.fini_array*)
 .fini_array    0x0000000008007cd8        0x4 c:/st/stm32cubeide_1.12.1/stm32cubeide/plugins/com.st.stm32cube.ide.mcu.externaltools.gnu-tools-for-stm32.10.3-2021.10.win32_1.0.200.202301161003/tools/bin/../lib/gcc/arm-none-eabi/10.3.1/thumb/v7e-m+fp/hard/crtbegin.o
                [!provide]                        PROVIDE (__fini_array_end = .)
                0x0000000008007cdc                . = ALIGN (0x4)
                0x0000000008007cdc                _sidata = LOADADDR (.data)

.data           0x0000000020000000      0x484 load address 0x0000000008007cdc
                0x0000000020000000                . = ALIGN (0x4)
                0x0000000020000000                _sdata = .
 *(.data)
 *(.data*)
 .data.BusVoltageSensor_M1
                0x0000000020000000       0x2c ./Application/User/mc_config.o
                0x0000000020000000                BusVoltageSensor_M1
 .data.CircleLimitationM1
                0x000000002000002c       0xb4 ./Application/User/mc_config.o
                0x000000002000002c                CircleLimitationM1
 .data.PIDIdHandle_M1
                0x00000000200000e0       0x2c ./Application/User/mc_config.o
                0x00000000200000e0                PIDIdHandle_M1
 .data.PIDIqHandle_M1
                0x000000002000010c       0x2c ./Application/User/mc_config.o
                0x000000002000010c                PIDIqHandle_M1
 .data.PIDSpeedHandle_M1
                0x0000000020000138       0x2c ./Application/User/mc_config.o
                0x0000000020000138                PIDSpeedHandle_M1
 .data.PQD_MotorPowMeasM1
                0x0000000020000164       0x10 ./Application/User/mc_config.o
                0x0000000020000164                PQD_MotorPowMeasM1
 .data.PWM_Handle_M1
                0x0000000020000174       0x8c ./Application/User/mc_config.o
                0x0000000020000174                PWM_Handle_M1
 .data.RampExtMngrHFParamsM1
                0x0000000020000200       0x18 ./Application/User/mc_config.o
                0x0000000020000200                RampExtMngrHFParamsM1
 .data.RevUpControlM1
                0x0000000020000218       0x78 ./Application/User/mc_config.o
                0x0000000020000218                RevUpControlM1
 .data.STO_M1   0x0000000020000290       0x14 ./Application/User/mc_config.o
                0x0000000020000290                STO_M1
 .data.STO_PLL_M1
                0x00000000200002a4      0x128 ./Application/User/mc_config.o
                0x00000000200002a4                STO_PLL_M1
 .data.SpeednTorqCtrlM1
                0x00000000200003cc       0x34 ./Application/User/mc_config.o
                0x00000000200003cc                SpeednTorqCtrlM1
 .data.TempSensor_M1
                0x0000000020000400       0x28 ./Application/User/mc_config.o
                0x0000000020000400                TempSensor_M1
 .data.VirtualSpeedSensorM1
                0x0000000020000428       0x38 ./Application/User/mc_config.o
                0x0000000020000428                VirtualSpeedSensorM1
 .data.pMPM     0x0000000020000460        0x4 ./Application/User/mc_config.o
                0x0000000020000460                pMPM
 .data.pPIDId   0x0000000020000464        0x4 ./Application/User/mc_config.o
                0x0000000020000464                pPIDId
 .data.pPIDIq   0x0000000020000468        0x4 ./Application/User/mc_config.o
                0x0000000020000468                pPIDIq
 .data.pSTC     0x000000002000046c        0x4 ./Application/User/mc_config.o
                0x000000002000046c                pSTC
 .data.pTemperatureSensor
                0x0000000020000470        0x4 ./Application/User/mc_config.o
                0x0000000020000470                pTemperatureSensor
 .data.SystickDividerCounter.0
                0x0000000020000474        0x1 ./Application/User/stm32f30x_mc_it.o
 *fill*         0x0000000020000475        0x3 
 .data.SystemCoreClock
                0x0000000020000478        0x4 ./Drivers/CMSIS/system_stm32f3xx.o
                0x0000000020000478                SystemCoreClock
 .data.uwTickFreq
                0x000000002000047c        0x1 ./Drivers/STM32F3xx_HAL_Driver/stm32f3xx_hal.o
                0x000000002000047c                uwTickFreq
 *fill*         0x000000002000047d        0x3 
 .data.uwTickPrio
                0x0000000020000480        0x4 ./Drivers/STM32F3xx_HAL_Driver/stm32f3xx_hal.o
                0x0000000020000480                uwTickPrio
 *(.RamFunc)
 *(.RamFunc*)
                0x0000000020000484                . = ALIGN (0x4)
                0x0000000020000484                _edata = .

.igot.plt       0x0000000020000484        0x0 load address 0x0000000008008160
 .igot.plt      0x0000000020000484        0x0 c:/st/stm32cubeide_1.12.1/stm32cubeide/plugins/com.st.stm32cube.ide.mcu.externaltools.gnu-tools-for-stm32.10.3-2021.10.win32_1.0.200.202301161003/tools/bin/../lib/gcc/arm-none-eabi/10.3.1/thumb/v7e-m+fp/hard/crtbegin.o
                0x0000000020000484                . = ALIGN (0x4)

.bss            0x0000000020000488      0x3b8 load address 0x0000000008008160
                0x0000000020000488                _sbss = .
                0x0000000020000488                __bss_start__ = _sbss
 *(.bss)
 .bss           0x0000000020000488       0x1c c:/st/stm32cubeide_1.12.1/stm32cubeide/plugins/com.st.stm32cube.ide.mcu.externaltools.gnu-tools-for-stm32.10.3-2021.10.win32_1.0.200.202301161003/tools/bin/../lib/gcc/arm-none-eabi/10.3.1/thumb/v7e-m+fp/hard/crtbegin.o
 *(.bss*)
 *fill*         0x00000000200004a4        0x4 
 .bss.hadc1     0x00000000200004a8       0x50 ./Application/User/main.o
                0x00000000200004a8                hadc1
 .bss.hi2c1     0x00000000200004f8       0x54 ./Application/User/main.o
                0x00000000200004f8                hi2c1
 .bss.htim1     0x000000002000054c       0x4c ./Application/User/main.o
                0x000000002000054c                htim1
 .bss.huart1    0x0000000020000598       0x88 ./Application/User/main.o
                0x0000000020000598                huart1
 .bss.huart2    0x0000000020000620       0x88 ./Application/User/main.o
                0x0000000020000620                huart2
 .bss.huart3    0x00000000200006a8       0x88 ./Application/User/main.o
                0x00000000200006a8                huart3
 .bss.Mci       0x0000000020000730       0x20 ./Application/User/mc_config.o
                0x0000000020000730                Mci
 .bss.RealBusVoltageSensorFilterBufferM1
                0x0000000020000750        0xc ./Application/User/mc_config.o
 .bss.FOCVars   0x000000002000075c       0x26 ./Application/User/mc_tasks.o
 .bss.bMCBootCompleted
                0x0000000020000782        0x1 ./Application/User/mc_tasks.o
 *fill*         0x0000000020000783        0x1 
 .bss.hBootCapDelayCounterM1
                0x0000000020000784        0x2 ./Application/User/mc_tasks.o
 .bss.hMFTaskCounterM1
                0x0000000020000786        0x2 ./Application/User/mc_tasks.o
 .bss.hStopPermanencyCounterM1
                0x0000000020000788        0x2 ./Application/User/mc_tasks.o
 *fill*         0x000000002000078a        0x2 
 .bss.pREMNG    0x000000002000078c        0x4 ./Application/User/mc_tasks.o
 .bss.pwmcHandle
                0x0000000020000790        0x4 ./Application/User/mc_tasks.o
 .bss.pMCI      0x0000000020000794        0x4 ./Application/User/motorcontrol.o
                0x0000000020000794                pMCI
 .bss.RCM_CB_array
                0x0000000020000798       0x20 ./Application/User/regular_conversion_manager.o
 .bss.RCM_UserConvHandle
                0x00000000200007b8        0x1 ./Application/User/regular_conversion_manager.o
 .bss.RCM_UserConvState
                0x00000000200007b9        0x1 ./Application/User/regular_conversion_manager.o
 .bss.RCM_UserConvValue
                0x00000000200007ba        0x2 ./Application/User/regular_conversion_manager.o
 .bss.RCM_handle_array
                0x00000000200007bc       0x10 ./Application/User/regular_conversion_manager.o
 .bss.uwTick    0x00000000200007cc        0x4 ./Drivers/STM32F3xx_HAL_Driver/stm32f3xx_hal.o
                0x00000000200007cc                uwTick
 .bss.rtDW      0x00000000200007d0       0x10 ./Drivers/Simulink/Torque_Controller.o
                0x00000000200007d0                rtDW
 .bss.rtInf     0x00000000200007e0        0x8 ./Drivers/Simulink/Torque_Controller.o
                0x00000000200007e0                rtInf
 .bss.rtInfF    0x00000000200007e8        0x4 ./Drivers/Simulink/Torque_Controller.o
                0x00000000200007e8                rtInfF
 *fill*         0x00000000200007ec        0x4 
 .bss.rtMinusInf
                0x00000000200007f0        0x8 ./Drivers/Simulink/Torque_Controller.o
                0x00000000200007f0                rtMinusInf
 .bss.rtMinusInfF
                0x00000000200007f8        0x4 ./Drivers/Simulink/Torque_Controller.o
                0x00000000200007f8                rtMinusInfF
 *fill*         0x00000000200007fc        0x4 
 .bss.rtNaN     0x0000000020000800        0x8 ./Drivers/Simulink/Torque_Controller.o
                0x0000000020000800                rtNaN
 .bss.rtNaNF    0x0000000020000808        0x4 ./Drivers/Simulink/Torque_Controller.o
                0x0000000020000808                rtNaNF
 *fill*         0x000000002000080c        0x4 
 .bss.rtU       0x0000000020000810       0x20 ./Drivers/Simulink/Torque_Controller.o
                0x0000000020000810                rtU
 .bss.rtY       0x0000000020000830       0x10 ./Drivers/Simulink/Torque_Controller.o
                0x0000000020000830                rtY
 *(COMMON)
                0x0000000020000840                . = ALIGN (0x4)
                0x0000000020000840                _ebss = .
                0x0000000020000840                __bss_end__ = _ebss

._user_heap_stack
                0x0000000020000840      0x600 load address 0x0000000008008160
                0x0000000020000840                . = ALIGN (0x8)
                [!provide]                        PROVIDE (end = .)
                0x0000000020000840                PROVIDE (_end = .)
                0x0000000020000a40                . = (. + _Min_Heap_Size)
 *fill*         0x0000000020000840      0x200 
                0x0000000020000e40                . = (. + _Min_Stack_Size)
 *fill*         0x0000000020000a40      0x400 
                0x0000000020000e40                . = ALIGN (0x8)

/DISCARD/
 libc.a(*)
 libm.a(*)
 libgcc.a(*)

.ARM.attributes
                0x0000000000000000       0x30
 *(.ARM.attributes)
 .ARM.attributes
                0x0000000000000000       0x1e c:/st/stm32cubeide_1.12.1/stm32cubeide/plugins/com.st.stm32cube.ide.mcu.externaltools.gnu-tools-for-stm32.10.3-2021.10.win32_1.0.200.202301161003/tools/bin/../lib/gcc/arm-none-eabi/10.3.1/thumb/v7e-m+fp/hard/crti.o
 .ARM.attributes
                0x000000000000001e       0x34 c:/st/stm32cubeide_1.12.1/stm32cubeide/plugins/com.st.stm32cube.ide.mcu.externaltools.gnu-tools-for-stm32.10.3-2021.10.win32_1.0.200.202301161003/tools/bin/../lib/gcc/arm-none-eabi/10.3.1/thumb/v7e-m+fp/hard/crtbegin.o
 .ARM.attributes
                0x0000000000000052       0x21 ./Application/Startup/startup_stm32f302r8tx.o
 .ARM.attributes
                0x0000000000000073       0x30 ./Application/User/main.o
 .ARM.attributes
                0x00000000000000a3       0x30 ./Application/User/mc_api.o
 .ARM.attributes
                0x00000000000000d3       0x30 ./Application/User/mc_app_hooks.o
 .ARM.attributes
                0x0000000000000103       0x30 ./Application/User/mc_config.o
 .ARM.attributes
                0x0000000000000133       0x30 ./Application/User/mc_interface.o
 .ARM.attributes
                0x0000000000000163       0x30 ./Application/User/mc_math.o
 .ARM.attributes
                0x0000000000000193       0x30 ./Application/User/mc_parameters.o
 .ARM.attributes
                0x00000000000001c3       0x30 ./Application/User/mc_tasks.o
 .ARM.attributes
                0x00000000000001f3       0x30 ./Application/User/motorcontrol.o
 .ARM.attributes
                0x0000000000000223       0x30 ./Application/User/pwm_curr_fdbk.o
 .ARM.attributes
                0x0000000000000253       0x30 ./Application/User/regular_conversion_manager.o
 .ARM.attributes
                0x0000000000000283       0x30 ./Application/User/stm32f30x_mc_it.o
 .ARM.attributes
                0x00000000000002b3       0x30 ./Application/User/stm32f3xx_hal_msp.o
 .ARM.attributes
                0x00000000000002e3       0x30 ./Drivers/CMSIS/system_stm32f3xx.o
 .ARM.attributes
                0x0000000000000313       0x30 ./Drivers/STM32F3xx_HAL_Driver/stm32f3xx_hal.o
 .ARM.attributes
                0x0000000000000343       0x30 ./Drivers/STM32F3xx_HAL_Driver/stm32f3xx_hal_adc_ex.o
 .ARM.attributes
                0x0000000000000373       0x30 ./Drivers/STM32F3xx_HAL_Driver/stm32f3xx_hal_cortex.o
 .ARM.attributes
                0x00000000000003a3       0x30 ./Drivers/STM32F3xx_HAL_Driver/stm32f3xx_hal_gpio.o
 .ARM.attributes
                0x00000000000003d3       0x30 ./Drivers/STM32F3xx_HAL_Driver/stm32f3xx_hal_i2c.o
 .ARM.attributes
                0x0000000000000403       0x30 ./Drivers/STM32F3xx_HAL_Driver/stm32f3xx_hal_i2c_ex.o
 .ARM.attributes
                0x0000000000000433       0x30 ./Drivers/STM32F3xx_HAL_Driver/stm32f3xx_hal_rcc.o
 .ARM.attributes
                0x0000000000000463       0x30 ./Drivers/STM32F3xx_HAL_Driver/stm32f3xx_hal_rcc_ex.o
 .ARM.attributes
                0x0000000000000493       0x30 ./Drivers/STM32F3xx_HAL_Driver/stm32f3xx_hal_tim.o
 .ARM.attributes
                0x00000000000004c3       0x30 ./Drivers/STM32F3xx_HAL_Driver/stm32f3xx_hal_tim_ex.o
 .ARM.attributes
                0x00000000000004f3       0x30 ./Drivers/STM32F3xx_HAL_Driver/stm32f3xx_hal_uart.o
 .ARM.attributes
                0x0000000000000523       0x30 ./Drivers/Simulink/Torque_Controller.o
 .ARM.attributes
                0x0000000000000553       0x30 ./Middlewares/MotorControl/bus_voltage_sensor.o
 .ARM.attributes
                0x0000000000000583       0x30 ./Middlewares/MotorControl/circle_limitation.o
 .ARM.attributes
                0x00000000000005b3       0x30 ./Middlewares/MotorControl/ntc_temperature_sensor.o
 .ARM.attributes
                0x00000000000005e3       0x30 ./Middlewares/MotorControl/pid_regulator.o
 .ARM.attributes
                0x0000000000000613       0x30 ./Middlewares/MotorControl/pqd_motor_power_measurement.o
 .ARM.attributes
                0x0000000000000643       0x30 ./Middlewares/MotorControl/pwm_common.o
 .ARM.attributes
                0x0000000000000673       0x30 ./Middlewares/MotorControl/r3_1_f30x_pwm_curr_fdbk.o
 .ARM.attributes
                0x00000000000006a3       0x30 ./Middlewares/MotorControl/r_divider_bus_voltage_sensor.o
 .ARM.attributes
                0x00000000000006d3       0x30 ./Middlewares/MotorControl/ramp_ext_mngr.o
 .ARM.attributes
                0x0000000000000703       0x30 ./Middlewares/MotorControl/revup_ctrl.o
 .ARM.attributes
                0x0000000000000733       0x30 ./Middlewares/MotorControl/speed_pos_fdbk.o
 .ARM.attributes
                0x0000000000000763       0x30 ./Middlewares/MotorControl/speed_torq_ctrl.o
 .ARM.attributes
                0x0000000000000793       0x30 ./Middlewares/MotorControl/sto_pll_speed_pos_fdbk.o
 .ARM.attributes
                0x00000000000007c3       0x30 ./Middlewares/MotorControl/virtual_speed_sensor.o
 .ARM.attributes
                0x00000000000007f3       0x34 c:/st/stm32cubeide_1.12.1/stm32cubeide/plugins/com.st.stm32cube.ide.mcu.externaltools.gnu-tools-for-stm32.10.3-2021.10.win32_1.0.200.202301161003/tools/bin/../lib/gcc/arm-none-eabi/10.3.1/../../../../arm-none-eabi/lib/thumb/v7e-m+fp/hard\libc_nano.a(lib_a-init.o)
 .ARM.attributes
                0x0000000000000827       0x34 c:/st/stm32cubeide_1.12.1/stm32cubeide/plugins/com.st.stm32cube.ide.mcu.externaltools.gnu-tools-for-stm32.10.3-2021.10.win32_1.0.200.202301161003/tools/bin/../lib/gcc/arm-none-eabi/10.3.1/../../../../arm-none-eabi/lib/thumb/v7e-m+fp/hard\libc_nano.a(lib_a-memset.o)
 .ARM.attributes
                0x000000000000085b       0x1e c:/st/stm32cubeide_1.12.1/stm32cubeide/plugins/com.st.stm32cube.ide.mcu.externaltools.gnu-tools-for-stm32.10.3-2021.10.win32_1.0.200.202301161003/tools/bin/../lib/gcc/arm-none-eabi/10.3.1/thumb/v7e-m+fp/hard\libgcc.a(_arm_muldf3.o)
 .ARM.attributes
                0x0000000000000879       0x1e c:/st/stm32cubeide_1.12.1/stm32cubeide/plugins/com.st.stm32cube.ide.mcu.externaltools.gnu-tools-for-stm32.10.3-2021.10.win32_1.0.200.202301161003/tools/bin/../lib/gcc/arm-none-eabi/10.3.1/thumb/v7e-m+fp/hard\libgcc.a(_arm_addsubdf3.o)
 .ARM.attributes
                0x0000000000000897       0x1e c:/st/stm32cubeide_1.12.1/stm32cubeide/plugins/com.st.stm32cube.ide.mcu.externaltools.gnu-tools-for-stm32.10.3-2021.10.win32_1.0.200.202301161003/tools/bin/../lib/gcc/arm-none-eabi/10.3.1/thumb/v7e-m+fp/hard\libgcc.a(_arm_cmpdf2.o)
 .ARM.attributes
                0x00000000000008b5       0x1e c:/st/stm32cubeide_1.12.1/stm32cubeide/plugins/com.st.stm32cube.ide.mcu.externaltools.gnu-tools-for-stm32.10.3-2021.10.win32_1.0.200.202301161003/tools/bin/../lib/gcc/arm-none-eabi/10.3.1/thumb/v7e-m+fp/hard\libgcc.a(_arm_truncdfsf2.o)
 .ARM.attributes
                0x00000000000008d3       0x1e c:/st/stm32cubeide_1.12.1/stm32cubeide/plugins/com.st.stm32cube.ide.mcu.externaltools.gnu-tools-for-stm32.10.3-2021.10.win32_1.0.200.202301161003/tools/bin/../lib/gcc/arm-none-eabi/10.3.1/thumb/v7e-m+fp/hard/crtn.o
OUTPUT(Torque_Control.elf elf32-littlearm)
LOAD linker stubs
LOAD c:/st/stm32cubeide_1.12.1/stm32cubeide/plugins/com.st.stm32cube.ide.mcu.externaltools.gnu-tools-for-stm32.10.3-2021.10.win32_1.0.200.202301161003/tools/bin/../lib/gcc/arm-none-eabi/10.3.1/../../../../arm-none-eabi/lib/thumb/v7e-m+fp/hard\libc.a
LOAD c:/st/stm32cubeide_1.12.1/stm32cubeide/plugins/com.st.stm32cube.ide.mcu.externaltools.gnu-tools-for-stm32.10.3-2021.10.win32_1.0.200.202301161003/tools/bin/../lib/gcc/arm-none-eabi/10.3.1/../../../../arm-none-eabi/lib/thumb/v7e-m+fp/hard\libm.a
LOAD c:/st/stm32cubeide_1.12.1/stm32cubeide/plugins/com.st.stm32cube.ide.mcu.externaltools.gnu-tools-for-stm32.10.3-2021.10.win32_1.0.200.202301161003/tools/bin/../lib/gcc/arm-none-eabi/10.3.1/thumb/v7e-m+fp/hard\libgcc.a

.debug_line     0x0000000000000000    0x39da6
 .debug_line    0x0000000000000000       0x8f ./Application/Startup/startup_stm32f302r8tx.o
 .debug_line    0x000000000000008f     0x1dd1 ./Application/User/main.o
 .debug_line    0x0000000000001e60      0xf91 ./Application/User/mc_api.o
 .debug_line    0x0000000000002df1      0x8bc ./Application/User/mc_app_hooks.o
 .debug_line    0x00000000000036ad      0xb89 ./Application/User/mc_config.o
 .debug_line    0x0000000000004236     0x174a ./Application/User/mc_interface.o
 .debug_line    0x0000000000005980      0xc0d ./Application/User/mc_math.o
 .debug_line    0x000000000000658d      0xb7a ./Application/User/mc_parameters.o
 .debug_line    0x0000000000007107     0x15d1 ./Application/User/mc_tasks.o
 .debug_line    0x00000000000086d8      0xbb2 ./Application/User/motorcontrol.o
 .debug_line    0x000000000000928a     0x1017 ./Application/User/pwm_curr_fdbk.o
 .debug_line    0x000000000000a2a1     0x11bf ./Application/User/regular_conversion_manager.o
 .debug_line    0x000000000000b460      0xd3d ./Application/User/stm32f30x_mc_it.o
 .debug_line    0x000000000000c19d      0xfae ./Application/User/stm32f3xx_hal_msp.o
 .debug_line    0x000000000000d14b      0x7db ./Drivers/CMSIS/system_stm32f3xx.o
 .debug_line    0x000000000000d926      0xaa1 ./Drivers/STM32F3xx_HAL_Driver/stm32f3xx_hal.o
 .debug_line    0x000000000000e3c7     0x2771 ./Drivers/STM32F3xx_HAL_Driver/stm32f3xx_hal_adc_ex.o
 .debug_line    0x0000000000010b38      0xc6a ./Drivers/STM32F3xx_HAL_Driver/stm32f3xx_hal_cortex.o
 .debug_line    0x00000000000117a2      0xc8c ./Drivers/STM32F3xx_HAL_Driver/stm32f3xx_hal_gpio.o
 .debug_line    0x000000000001242e     0x8143 ./Drivers/STM32F3xx_HAL_Driver/stm32f3xx_hal_i2c.o
 .debug_line    0x000000000001a571      0xaa9 ./Drivers/STM32F3xx_HAL_Driver/stm32f3xx_hal_i2c_ex.o
 .debug_line    0x000000000001b01a     0x1a4c ./Drivers/STM32F3xx_HAL_Driver/stm32f3xx_hal_rcc.o
 .debug_line    0x000000000001ca66      0xe43 ./Drivers/STM32F3xx_HAL_Driver/stm32f3xx_hal_rcc_ex.o
 .debug_line    0x000000000001d8a9     0x67db ./Drivers/STM32F3xx_HAL_Driver/stm32f3xx_hal_tim.o
 .debug_line    0x0000000000024084     0x1fa6 ./Drivers/STM32F3xx_HAL_Driver/stm32f3xx_hal_tim_ex.o
 .debug_line    0x000000000002602a     0x6026 ./Drivers/STM32F3xx_HAL_Driver/stm32f3xx_hal_uart.o
 .debug_line    0x000000000002c050      0x737 ./Drivers/Simulink/Torque_Controller.o
 .debug_line    0x000000000002c787      0x96b ./Middlewares/MotorControl/bus_voltage_sensor.o
 .debug_line    0x000000000002d0f2      0x9b2 ./Middlewares/MotorControl/circle_limitation.o
 .debug_line    0x000000000002daa4      0xaf1 ./Middlewares/MotorControl/ntc_temperature_sensor.o
 .debug_line    0x000000000002e595      0xdc3 ./Middlewares/MotorControl/pid_regulator.o
 .debug_line    0x000000000002f358      0x9b5 ./Middlewares/MotorControl/pqd_motor_power_measurement.o
 .debug_line    0x000000000002fd0d      0xa9e ./Middlewares/MotorControl/pwm_common.o
 .debug_line    0x00000000000307ab     0x3009 ./Middlewares/MotorControl/r3_1_f30x_pwm_curr_fdbk.o
 .debug_line    0x00000000000337b4      0xd25 ./Middlewares/MotorControl/r_divider_bus_voltage_sensor.o
 .debug_line    0x00000000000344d9      0xb7c ./Middlewares/MotorControl/ramp_ext_mngr.o
 .debug_line    0x0000000000035055     0x1180 ./Middlewares/MotorControl/revup_ctrl.o
 .debug_line    0x00000000000361d5      0xabe ./Middlewares/MotorControl/speed_pos_fdbk.o
 .debug_line    0x0000000000036c93      0xd8b ./Middlewares/MotorControl/speed_torq_ctrl.o
 .debug_line    0x0000000000037a1e     0x152d ./Middlewares/MotorControl/sto_pll_speed_pos_fdbk.o
 .debug_line    0x0000000000038f4b      0xe5b ./Middlewares/MotorControl/virtual_speed_sensor.o

.debug_info     0x0000000000000000    0x391f4
 .debug_info    0x0000000000000000       0x22 ./Application/Startup/startup_stm32f302r8tx.o
 .debug_info    0x0000000000000022     0x390a ./Application/User/main.o
 .debug_info    0x000000000000392c     0x18c1 ./Application/User/mc_api.o
 .debug_info    0x00000000000051ed      0x167 ./Application/User/mc_app_hooks.o
 .debug_info    0x0000000000005354     0x2021 ./Application/User/mc_config.o
 .debug_info    0x0000000000007375     0x1f8b ./Application/User/mc_interface.o
 .debug_info    0x0000000000009300      0x606 ./Application/User/mc_math.o
 .debug_info    0x0000000000009906      0x7c2 ./Application/User/mc_parameters.o
 .debug_info    0x000000000000a0c8     0x33f2 ./Application/User/mc_tasks.o
 .debug_info    0x000000000000d4ba      0xe96 ./Application/User/motorcontrol.o
 .debug_info    0x000000000000e350      0xfbd ./Application/User/pwm_curr_fdbk.o
 .debug_info    0x000000000000f30d      0xc32 ./Application/User/regular_conversion_manager.o
 .debug_info    0x000000000000ff3f      0xf9c ./Application/User/stm32f30x_mc_it.o
 .debug_info    0x0000000000010edb     0x1af0 ./Application/User/stm32f3xx_hal_msp.o
 .debug_info    0x00000000000129cb      0x42a ./Drivers/CMSIS/system_stm32f3xx.o
 .debug_info    0x0000000000012df5      0x87b ./Drivers/STM32F3xx_HAL_Driver/stm32f3xx_hal.o
 .debug_info    0x0000000000013670     0x19de ./Drivers/STM32F3xx_HAL_Driver/stm32f3xx_hal_adc_ex.o
 .debug_info    0x000000000001504e      0xdb5 ./Drivers/STM32F3xx_HAL_Driver/stm32f3xx_hal_cortex.o
 .debug_info    0x0000000000015e03      0x6ca ./Drivers/STM32F3xx_HAL_Driver/stm32f3xx_hal_gpio.o
 .debug_info    0x00000000000164cd     0x6766 ./Drivers/STM32F3xx_HAL_Driver/stm32f3xx_hal_i2c.o
 .debug_info    0x000000000001cc33      0x8d0 ./Drivers/STM32F3xx_HAL_Driver/stm32f3xx_hal_i2c_ex.o
 .debug_info    0x000000000001d503     0x1770 ./Drivers/STM32F3xx_HAL_Driver/stm32f3xx_hal_rcc.o
 .debug_info    0x000000000001ec73      0x7a1 ./Drivers/STM32F3xx_HAL_Driver/stm32f3xx_hal_rcc_ex.o
 .debug_info    0x000000000001f414     0x50f9 ./Drivers/STM32F3xx_HAL_Driver/stm32f3xx_hal_tim.o
 .debug_info    0x000000000002450d     0x1d8a ./Drivers/STM32F3xx_HAL_Driver/stm32f3xx_hal_tim_ex.o
 .debug_info    0x0000000000026297     0x6ccf ./Drivers/STM32F3xx_HAL_Driver/stm32f3xx_hal_uart.o
 .debug_info    0x000000000002cf66      0x752 ./Drivers/Simulink/Torque_Controller.o
 .debug_info    0x000000000002d6b8      0x2cc ./Middlewares/MotorControl/bus_voltage_sensor.o
 .debug_info    0x000000000002d984      0x353 ./Middlewares/MotorControl/circle_limitation.o
 .debug_info    0x000000000002dcd7      0x723 ./Middlewares/MotorControl/ntc_temperature_sensor.o
 .debug_info    0x000000000002e3fa      0x964 ./Middlewares/MotorControl/pid_regulator.o
 .debug_info    0x000000000002ed5e      0x4d4 ./Middlewares/MotorControl/pqd_motor_power_measurement.o
 .debug_info    0x000000000002f232      0x71e ./Middlewares/MotorControl/pwm_common.o
 .debug_info    0x000000000002f950     0x4928 ./Middlewares/MotorControl/r3_1_f30x_pwm_curr_fdbk.o
 .debug_info    0x0000000000034278      0x827 ./Middlewares/MotorControl/r_divider_bus_voltage_sensor.o
 .debug_info    0x0000000000034a9f      0x4bf ./Middlewares/MotorControl/ramp_ext_mngr.o
 .debug_info    0x0000000000034f5e     0x1547 ./Middlewares/MotorControl/revup_ctrl.o
 .debug_info    0x00000000000364a5      0x563 ./Middlewares/MotorControl/speed_pos_fdbk.o
 .debug_info    0x0000000000036a08      0xa6e ./Middlewares/MotorControl/speed_torq_ctrl.o
 .debug_info    0x0000000000037476     0x15f0 ./Middlewares/MotorControl/sto_pll_speed_pos_fdbk.o
 .debug_info    0x0000000000038a66      0x78e ./Middlewares/MotorControl/virtual_speed_sensor.o

.debug_abbrev   0x0000000000000000     0x65e1
 .debug_abbrev  0x0000000000000000       0x12 ./Application/Startup/startup_stm32f302r8tx.o
 .debug_abbrev  0x0000000000000012      0x506 ./Application/User/main.o
 .debug_abbrev  0x0000000000000518      0x27b ./Application/User/mc_api.o
 .debug_abbrev  0x0000000000000793       0x9a ./Application/User/mc_app_hooks.o
 .debug_abbrev  0x000000000000082d      0x23b ./Application/User/mc_config.o
 .debug_abbrev  0x0000000000000a68      0x33a ./Application/User/mc_interface.o
 .debug_abbrev  0x0000000000000da2      0x18f ./Application/User/mc_math.o
 .debug_abbrev  0x0000000000000f31      0x112 ./Application/User/mc_parameters.o
 .debug_abbrev  0x0000000000001043      0x480 ./Application/User/mc_tasks.o
 .debug_abbrev  0x00000000000014c3      0x23e ./Application/User/motorcontrol.o
 .debug_abbrev  0x0000000000001701      0x33c ./Application/User/pwm_curr_fdbk.o
 .debug_abbrev  0x0000000000001a3d      0x2de ./Application/User/regular_conversion_manager.o
 .debug_abbrev  0x0000000000001d1b      0x263 ./Application/User/stm32f30x_mc_it.o
 .debug_abbrev  0x0000000000001f7e      0x26e ./Application/User/stm32f3xx_hal_msp.o
 .debug_abbrev  0x00000000000021ec      0x11c ./Drivers/CMSIS/system_stm32f3xx.o
 .debug_abbrev  0x0000000000002308      0x28a ./Drivers/STM32F3xx_HAL_Driver/stm32f3xx_hal.o
 .debug_abbrev  0x0000000000002592      0x354 ./Drivers/STM32F3xx_HAL_Driver/stm32f3xx_hal_adc_ex.o
 .debug_abbrev  0x00000000000028e6      0x33a ./Drivers/STM32F3xx_HAL_Driver/stm32f3xx_hal_cortex.o
 .debug_abbrev  0x0000000000002c20      0x1fd ./Drivers/STM32F3xx_HAL_Driver/stm32f3xx_hal_gpio.o
 .debug_abbrev  0x0000000000002e1d      0x3d8 ./Drivers/STM32F3xx_HAL_Driver/stm32f3xx_hal_i2c.o
 .debug_abbrev  0x00000000000031f5      0x1b7 ./Drivers/STM32F3xx_HAL_Driver/stm32f3xx_hal_i2c_ex.o
 .debug_abbrev  0x00000000000033ac      0x393 ./Drivers/STM32F3xx_HAL_Driver/stm32f3xx_hal_rcc.o
 .debug_abbrev  0x000000000000373f      0x2d1 ./Drivers/STM32F3xx_HAL_Driver/stm32f3xx_hal_rcc_ex.o
 .debug_abbrev  0x0000000000003a10      0x38b ./Drivers/STM32F3xx_HAL_Driver/stm32f3xx_hal_tim.o
 .debug_abbrev  0x0000000000003d9b      0x370 ./Drivers/STM32F3xx_HAL_Driver/stm32f3xx_hal_tim_ex.o
 .debug_abbrev  0x000000000000410b      0x459 ./Drivers/STM32F3xx_HAL_Driver/stm32f3xx_hal_uart.o
 .debug_abbrev  0x0000000000004564      0x249 ./Drivers/Simulink/Torque_Controller.o
 .debug_abbrev  0x00000000000047ad      0x10d ./Middlewares/MotorControl/bus_voltage_sensor.o
 .debug_abbrev  0x00000000000048ba      0x123 ./Middlewares/MotorControl/circle_limitation.o
 .debug_abbrev  0x00000000000049dd      0x1e5 ./Middlewares/MotorControl/ntc_temperature_sensor.o
 .debug_abbrev  0x0000000000004bc2      0x1ae ./Middlewares/MotorControl/pid_regulator.o
 .debug_abbrev  0x0000000000004d70      0x1d9 ./Middlewares/MotorControl/pqd_motor_power_measurement.o
 .debug_abbrev  0x0000000000004f49      0x1f0 ./Middlewares/MotorControl/pwm_common.o
 .debug_abbrev  0x0000000000005139      0x447 ./Middlewares/MotorControl/r3_1_f30x_pwm_curr_fdbk.o
 .debug_abbrev  0x0000000000005580      0x26e ./Middlewares/MotorControl/r_divider_bus_voltage_sensor.o
 .debug_abbrev  0x00000000000057ee      0x1fb ./Middlewares/MotorControl/ramp_ext_mngr.o
 .debug_abbrev  0x00000000000059e9      0x307 ./Middlewares/MotorControl/revup_ctrl.o
 .debug_abbrev  0x0000000000005cf0      0x184 ./Middlewares/MotorControl/speed_pos_fdbk.o
 .debug_abbrev  0x0000000000005e74      0x223 ./Middlewares/MotorControl/speed_torq_ctrl.o
 .debug_abbrev  0x0000000000006097      0x324 ./Middlewares/MotorControl/sto_pll_speed_pos_fdbk.o
 .debug_abbrev  0x00000000000063bb      0x226 ./Middlewares/MotorControl/virtual_speed_sensor.o

.debug_aranges  0x0000000000000000     0x1918
 .debug_aranges
                0x0000000000000000       0x28 ./Application/Startup/startup_stm32f302r8tx.o
 .debug_aranges
                0x0000000000000028       0x38 ./Application/User/main.o
 .debug_aranges
                0x0000000000000060      0x170 ./Application/User/mc_api.o
 .debug_aranges
                0x00000000000001d0       0x20 ./Application/User/mc_app_hooks.o
 .debug_aranges
                0x00000000000001f0       0x18 ./Application/User/mc_config.o
 .debug_aranges
                0x0000000000000208      0x1c8 ./Application/User/mc_interface.o
 .debug_aranges
                0x00000000000003d0       0x48 ./Application/User/mc_math.o
 .debug_aranges
                0x0000000000000418       0x18 ./Application/User/mc_parameters.o
 .debug_aranges
                0x0000000000000430       0xa8 ./Application/User/mc_tasks.o
 .debug_aranges
                0x00000000000004d8       0x20 ./Application/User/motorcontrol.o
 .debug_aranges
                0x00000000000004f8      0x110 ./Application/User/pwm_curr_fdbk.o
 .debug_aranges
                0x0000000000000608       0x50 ./Application/User/regular_conversion_manager.o
 .debug_aranges
                0x0000000000000658       0x40 ./Application/User/stm32f30x_mc_it.o
 .debug_aranges
                0x0000000000000698       0x68 ./Application/User/stm32f3xx_hal_msp.o
 .debug_aranges
                0x0000000000000700       0x28 ./Drivers/CMSIS/system_stm32f3xx.o
 .debug_aranges
                0x0000000000000728       0xd8 ./Drivers/STM32F3xx_HAL_Driver/stm32f3xx_hal.o
 .debug_aranges
                0x0000000000000800      0x128 ./Drivers/STM32F3xx_HAL_Driver/stm32f3xx_hal_adc_ex.o
 .debug_aranges
                0x0000000000000928       0x90 ./Drivers/STM32F3xx_HAL_Driver/stm32f3xx_hal_cortex.o
 .debug_aranges
                0x00000000000009b8       0x58 ./Drivers/STM32F3xx_HAL_Driver/stm32f3xx_hal_gpio.o
 .debug_aranges
                0x0000000000000a10      0x1f0 ./Drivers/STM32F3xx_HAL_Driver/stm32f3xx_hal_i2c.o
 .debug_aranges
                0x0000000000000c00       0x48 ./Drivers/STM32F3xx_HAL_Driver/stm32f3xx_hal_i2c_ex.o
 .debug_aranges
                0x0000000000000c48       0x88 ./Drivers/STM32F3xx_HAL_Driver/stm32f3xx_hal_rcc.o
 .debug_aranges
                0x0000000000000cd0       0x30 ./Drivers/STM32F3xx_HAL_Driver/stm32f3xx_hal_rcc_ex.o
 .debug_aranges
                0x0000000000000d00      0x288 ./Drivers/STM32F3xx_HAL_Driver/stm32f3xx_hal_tim.o
 .debug_aranges
                0x0000000000000f88      0x118 ./Drivers/STM32F3xx_HAL_Driver/stm32f3xx_hal_tim_ex.o
 .debug_aranges
                0x00000000000010a0      0x1d0 ./Drivers/STM32F3xx_HAL_Driver/stm32f3xx_hal_uart.o
 .debug_aranges
                0x0000000000001270       0x28 ./Drivers/Simulink/Torque_Controller.o
 .debug_aranges
                0x0000000000001298       0x38 ./Middlewares/MotorControl/bus_voltage_sensor.o
 .debug_aranges
                0x00000000000012d0       0x20 ./Middlewares/MotorControl/circle_limitation.o
 .debug_aranges
                0x00000000000012f0       0x50 ./Middlewares/MotorControl/ntc_temperature_sensor.o
 .debug_aranges
                0x0000000000001340       0xe8 ./Middlewares/MotorControl/pid_regulator.o
 .debug_aranges
                0x0000000000001428       0x30 ./Middlewares/MotorControl/pqd_motor_power_measurement.o
 .debug_aranges
                0x0000000000001458       0x28 ./Middlewares/MotorControl/pwm_common.o
 .debug_aranges
                0x0000000000001480       0xe0 ./Middlewares/MotorControl/r3_1_f30x_pwm_curr_fdbk.o
 .debug_aranges
                0x0000000000001560       0x40 ./Middlewares/MotorControl/r_divider_bus_voltage_sensor.o
 .debug_aranges
                0x00000000000015a0       0x50 ./Middlewares/MotorControl/ramp_ext_mngr.o
 .debug_aranges
                0x00000000000015f0       0xa8 ./Middlewares/MotorControl/revup_ctrl.o
 .debug_aranges
                0x0000000000001698       0x68 ./Middlewares/MotorControl/speed_pos_fdbk.o
 .debug_aranges
                0x0000000000001700       0xb0 ./Middlewares/MotorControl/speed_torq_ctrl.o
 .debug_aranges
                0x00000000000017b0       0xe8 ./Middlewares/MotorControl/sto_pll_speed_pos_fdbk.o
 .debug_aranges
                0x0000000000001898       0x80 ./Middlewares/MotorControl/virtual_speed_sensor.o

.debug_str      0x0000000000000000    0xd0a1a
 .debug_str     0x0000000000000000       0x85 ./Application/Startup/startup_stm32f302r8tx.o
 .debug_str     0x0000000000000085    0xc6236 ./Application/User/main.o
                                      0xc7510 (size before relaxing)
 .debug_str     0x00000000000c62bb     0x158d ./Application/User/mc_api.o
                                      0xbd95c (size before relaxing)
 .debug_str     0x00000000000c7848       0x8a ./Application/User/mc_app_hooks.o
                                      0xbbafa (size before relaxing)
 .debug_str     0x00000000000c78d2      0xd0a ./Application/User/mc_config.o
                                      0xc31a3 (size before relaxing)
 .debug_str     0x00000000000c85dc      0x33f ./Application/User/mc_interface.o
                                      0xc25ee (size before relaxing)
 .debug_str     0x00000000000c891b      0x950 ./Application/User/mc_math.o
                                      0xbe740 (size before relaxing)
 .debug_str     0x00000000000c926b       0x49 ./Application/User/mc_parameters.o
                                      0xc1a84 (size before relaxing)
 .debug_str     0x00000000000c92b4      0x9a5 ./Application/User/mc_tasks.o
                                      0xc3aa9 (size before relaxing)
 .debug_str     0x00000000000c9c59       0x7a ./Application/User/motorcontrol.o
                                      0xc25ec (size before relaxing)
 .debug_str     0x00000000000c9cd3      0x3c0 ./Application/User/pwm_curr_fdbk.o
                                      0xbe669 (size before relaxing)
 .debug_str     0x00000000000ca093      0x333 ./Application/User/regular_conversion_manager.o
                                      0xbc676 (size before relaxing)
 .debug_str     0x00000000000ca3c6      0x1ad ./Application/User/stm32f30x_mc_it.o
                                      0xc1e0c (size before relaxing)
 .debug_str     0x00000000000ca573      0x16a ./Application/User/stm32f3xx_hal_msp.o
                                      0xc28b6 (size before relaxing)
 .debug_str     0x00000000000ca6dd      0x10c ./Drivers/CMSIS/system_stm32f3xx.o
                                      0xa4792 (size before relaxing)
 .debug_str     0x00000000000ca7e9      0x388 ./Drivers/STM32F3xx_HAL_Driver/stm32f3xx_hal.o
                                      0xa4ef1 (size before relaxing)
 .debug_str     0x00000000000cab71      0x6cf ./Drivers/STM32F3xx_HAL_Driver/stm32f3xx_hal_adc_ex.o
                                      0xa53b9 (size before relaxing)
 .debug_str     0x00000000000cb240      0x223 ./Drivers/STM32F3xx_HAL_Driver/stm32f3xx_hal_cortex.o
                                      0xa4e16 (size before relaxing)
 .debug_str     0x00000000000cb463      0x144 ./Drivers/STM32F3xx_HAL_Driver/stm32f3xx_hal_gpio.o
                                      0xa490d (size before relaxing)
 .debug_str     0x00000000000cb5a7      0xe38 ./Drivers/STM32F3xx_HAL_Driver/stm32f3xx_hal_i2c.o