C:/Users/louib/.st_workbench/projects/Torque_Control/MCSDK_v6.1.2-Full/MotorControl/MCSDK/MCLib/F3xx/Src/r3_1_f30x_pwm_curr_fdbk.c:489:13:R3_1_GetPhaseCurrents	12	static
C:/Users/louib/.st_workbench/projects/Torque_Control/MCSDK_v6.1.2-Full/MotorControl/MCSDK/MCLib/F3xx/Src/r3_1_f30x_pwm_curr_fdbk.c:973:10:R3_1_SetADCSampPointPolarization	8	static
C:/Users/louib/.st_workbench/projects/Torque_Control/MCSDK_v6.1.2-Full/MotorControl/MCSDK/MCLib/F3xx/Src/r3_1_f30x_pwm_curr_fdbk.c:1194:13:R3_1_HFCurrentsPolarizationAB	8	static
C:/Users/louib/.st_workbench/projects/Torque_Control/MCSDK_v6.1.2-Full/MotorControl/MCSDK/MCLib/F3xx/Src/r3_1_f30x_pwm_curr_fdbk.c:1237:13:R3_1_HFCurrentsPolarizationC	4	static
C:/Users/louib/.st_workbench/projects/Torque_Control/MCSDK_v6.1.2-Full/MotorControl/MCSDK/MCLib/F3xx/Src/r3_1_f30x_pwm_curr_fdbk.c:1278:13:R3_1_TurnOnLowSides	4	static
C:/Users/louib/.st_workbench/projects/Torque_Control/MCSDK_v6.1.2-Full/MotorControl/MCSDK/MCLib/F3xx/Src/r3_1_f30x_pwm_curr_fdbk.c:1323:13:R3_1_SwitchOnPWM	8	static
C:/Users/louib/.st_workbench/projects/Torque_Control/MCSDK_v6.1.2-Full/MotorControl/MCSDK/MCLib/F3xx/Src/r3_1_f30x_pwm_curr_fdbk.c:1381:13:R3_1_SwitchOffPWM	8	static
C:/Users/louib/.st_workbench/projects/Torque_Control/MCSDK_v6.1.2-Full/MotorControl/MCSDK/MCLib/F3xx/Src/r3_1_f30x_pwm_curr_fdbk.c:1810:13:R3_1_RLGetPhaseCurrents	4	static
C:/Users/louib/.st_workbench/projects/Torque_Control/MCSDK_v6.1.2-Full/MotorControl/MCSDK/MCLib/F3xx/Src/r3_1_f30x_pwm_curr_fdbk.c:1859:13:R3_1_RLTurnOnLowSides	4	static
C:/Users/louib/.st_workbench/projects/Torque_Control/MCSDK_v6.1.2-Full/MotorControl/MCSDK/MCLib/F3xx/Src/r3_1_f30x_pwm_curr_fdbk.c:1902:13:R3_1_RLSwitchOnPWM	16	static
C:/Users/louib/.st_workbench/projects/Torque_Control/MCSDK_v6.1.2-Full/MotorControl/MCSDK/MCLib/F3xx/Src/r3_1_f30x_pwm_curr_fdbk.c:85:13:R3_1_Init	40	static,ignoring_inline_asm
C:/Users/louib/.st_workbench/projects/Torque_Control/MCSDK_v6.1.2-Full/MotorControl/MCSDK/MCLib/F3xx/Src/r3_1_f30x_pwm_curr_fdbk.c:338:13:R3_1_SetOffsetCalib	4	static
C:/Users/louib/.st_workbench/projects/Torque_Control/MCSDK_v6.1.2-Full/MotorControl/MCSDK/MCLib/F3xx/Src/r3_1_f30x_pwm_curr_fdbk.c:352:13:R3_1_GetOffsetCalib	0	static
C:/Users/louib/.st_workbench/projects/Torque_Control/MCSDK_v6.1.2-Full/MotorControl/MCSDK/MCLib/F3xx/Src/r3_1_f30x_pwm_curr_fdbk.c:367:6:R3_1_CurrentReadingPolarization	32	static
C:/Users/louib/.st_workbench/projects/Torque_Control/MCSDK_v6.1.2-Full/MotorControl/MCSDK/MCLib/F3xx/Src/r3_1_f30x_pwm_curr_fdbk.c:653:13:R3_1_GetPhaseCurrents_OVM	12	static
C:/Users/louib/.st_workbench/projects/Torque_Control/MCSDK_v6.1.2-Full/MotorControl/MCSDK/MCLib/F3xx/Src/r3_1_f30x_pwm_curr_fdbk.c:1004:10:R3_1_SetADCSampPointSectX	12	static
C:/Users/louib/.st_workbench/projects/Torque_Control/MCSDK_v6.1.2-Full/MotorControl/MCSDK/MCLib/F3xx/Src/r3_1_f30x_pwm_curr_fdbk.c:1078:10:R3_1_SetADCSampPointSectX_OVM	12	static
C:/Users/louib/.st_workbench/projects/Torque_Control/MCSDK_v6.1.2-Full/MotorControl/MCSDK/MCLib/F3xx/Src/r3_1_f30x_pwm_curr_fdbk.c:1435:15:R3_1_TIMx_UP_IRQHandler	4	static
C:/Users/louib/.st_workbench/projects/Torque_Control/MCSDK_v6.1.2-Full/MotorControl/MCSDK/MCLib/F3xx/Src/r3_1_f30x_pwm_curr_fdbk.c:1466:15:R3_1_BRK2_IRQHandler	8	static
C:/Users/louib/.st_workbench/projects/Torque_Control/MCSDK_v6.1.2-Full/MotorControl/MCSDK/MCLib/F3xx/Src/r3_1_f30x_pwm_curr_fdbk.c:1497:15:R3_1_BRK_IRQHandler	0	static
C:/Users/louib/.st_workbench/projects/Torque_Control/MCSDK_v6.1.2-Full/MotorControl/MCSDK/MCLib/F3xx/Src/r3_1_f30x_pwm_curr_fdbk.c:1515:17:R3_1_IsOverCurrentOccurred	0	static
C:/Users/louib/.st_workbench/projects/Torque_Control/MCSDK_v6.1.2-Full/MotorControl/MCSDK/MCLib/F3xx/Src/r3_1_f30x_pwm_curr_fdbk.c:1587:6:R3_1_RLDetectionModeEnable	8	static
C:/Users/louib/.st_workbench/projects/Torque_Control/MCSDK_v6.1.2-Full/MotorControl/MCSDK/MCLib/F3xx/Src/r3_1_f30x_pwm_curr_fdbk.c:1645:6:R3_1_RLDetectionModeDisable	8	static
C:/Users/louib/.st_workbench/projects/Torque_Control/MCSDK_v6.1.2-Full/MotorControl/MCSDK/MCLib/F3xx/Src/r3_1_f30x_pwm_curr_fdbk.c:1749:10:R3_1_RLDetectionModeSetDuty	0	static
C:/Users/louib/.st_workbench/projects/Torque_Control/MCSDK_v6.1.2-Full/MotorControl/MCSDK/MCLib/F3xx/Src/r3_1_f30x_pwm_curr_fdbk.c:1983:6:RLTurnOnLowSidesAndStart	8	static
